Component: ARM Compiler 5.06 update 1 (build 61) Tool: armlink [4d35a8]

==============================================================================

Section Cross References

    startup_stm32h750xx.o(RESET) refers to startup_stm32h750xx.o(STACK) for __initial_sp
    startup_stm32h750xx.o(RESET) refers to startup_stm32h750xx.o(.text) for Reset_Handler
    startup_stm32h750xx.o(RESET) refers to stm32h7xx_it.o(i.NMI_Handler) for NMI_Handler
    startup_stm32h750xx.o(RESET) refers to stm32h7xx_it.o(i.HardFault_Handler) for HardFault_Handler
    startup_stm32h750xx.o(RESET) refers to stm32h7xx_it.o(i.MemManage_Handler) for MemManage_Handler
    startup_stm32h750xx.o(RESET) refers to stm32h7xx_it.o(i.BusFault_Handler) for BusFault_Handler
    startup_stm32h750xx.o(RESET) refers to stm32h7xx_it.o(i.UsageFault_Handler) for UsageFault_Handler
    startup_stm32h750xx.o(RESET) refers to stm32h7xx_it.o(i.SVC_Handler) for SVC_Handler
    startup_stm32h750xx.o(RESET) refers to stm32h7xx_it.o(i.DebugMon_Handler) for DebugMon_Handler
    startup_stm32h750xx.o(RESET) refers to stm32h7xx_it.o(i.PendSV_Handler) for PendSV_Handler
    startup_stm32h750xx.o(RESET) refers to stm32h7xx_it.o(i.SysTick_Handler) for SysTick_Handler
    startup_stm32h750xx.o(RESET) refers to stm32h7xx_it.o(i.DMA1_Stream0_IRQHandler) for DMA1_Stream0_IRQHandler
    startup_stm32h750xx.o(RESET) refers to stm32h7xx_it.o(i.DMA1_Stream1_IRQHandler) for DMA1_Stream1_IRQHandler
    startup_stm32h750xx.o(RESET) refers to stm32h7xx_it.o(i.DMA1_Stream2_IRQHandler) for DMA1_Stream2_IRQHandler
    startup_stm32h750xx.o(RESET) refers to stm32h7xx_it.o(i.DMA1_Stream3_IRQHandler) for DMA1_Stream3_IRQHandler
    startup_stm32h750xx.o(RESET) refers to stm32h7xx_it.o(i.DMA1_Stream4_IRQHandler) for DMA1_Stream4_IRQHandler
    startup_stm32h750xx.o(RESET) refers to stm32h7xx_it.o(i.DMA1_Stream5_IRQHandler) for DMA1_Stream5_IRQHandler
    startup_stm32h750xx.o(RESET) refers to stm32h7xx_it.o(i.TIM1_CC_IRQHandler) for TIM1_CC_IRQHandler
    startup_stm32h750xx.o(RESET) refers to stm32h7xx_it.o(i.TIM3_IRQHandler) for TIM3_IRQHandler
    startup_stm32h750xx.o(RESET) refers to stm32h7xx_it.o(i.TIM4_IRQHandler) for TIM4_IRQHandler
    startup_stm32h750xx.o(RESET) refers to stm32h7xx_it.o(i.USART1_IRQHandler) for USART1_IRQHandler
    startup_stm32h750xx.o(RESET) refers to stm32h7xx_it.o(i.USART2_IRQHandler) for USART2_IRQHandler
    startup_stm32h750xx.o(RESET) refers to stm32h7xx_it.o(i.UART4_IRQHandler) for UART4_IRQHandler
    startup_stm32h750xx.o(RESET) refers to stm32h7xx_it.o(i.TIM6_DAC_IRQHandler) for TIM6_DAC_IRQHandler
    startup_stm32h750xx.o(RESET) refers to stm32h7xx_it.o(i.TIM7_IRQHandler) for TIM7_IRQHandler
    startup_stm32h750xx.o(RESET) refers to stm32h7xx_it.o(i.DMA2_Stream0_IRQHandler) for DMA2_Stream0_IRQHandler
    startup_stm32h750xx.o(RESET) refers to stm32h7xx_it.o(i.DMA2_Stream1_IRQHandler) for DMA2_Stream1_IRQHandler
    startup_stm32h750xx.o(RESET) refers to stm32h7xx_it.o(i.SPI4_IRQHandler) for SPI4_IRQHandler
    startup_stm32h750xx.o(.text) refers to system_stm32h7xx.o(i.SystemInit) for SystemInit
    startup_stm32h750xx.o(.text) refers to entry.o(.ARM.Collect$$$$00000000) for __main
    crc_ccitt.o(i.crc_ccitt) refers to crc_ccitt.o(.constdata) for .constdata
    drv_mrc.o(i.LookupMeasuredVoltageByTarget) refers to drv_mrc.o(.constdata) for .constdata
    drv_mrc.o(i.MRC_CoilCurrentControl_Update) refers to pid_controller.o(i.PID_Calculate) for PID_Calculate
    drv_mrc.o(i.MRC_CoilCurrentControl_Update) refers to drv_mrc.o(i.LookupMeasuredVoltageByTarget) for LookupMeasuredVoltageByTarget
    drv_mrc.o(i.MRC_CoilCurrentControl_Update) refers to drv_vnh7040.o(i.VNH7040_Set_Voltage) for VNH7040_Set_Voltage
    drv_mrc.o(i.MRC_CoilCurrentControl_Update) refers to drv_mrc.o(.data) for .data
    drv_mrc.o(i.MRC_Com_Process) refers to mrc_com.o(i.MRC_Com_UnpackCmd) for MRC_Com_UnpackCmd
    drv_mrc.o(i.MRC_Com_Process) refers to mrc_statemachine.o(i.MRC_StateMachine_SetMode) for MRC_StateMachine_SetMode
    drv_mrc.o(i.MRC_Com_Process) refers to mrc_com.o(i.MRC_Com_PackFbk) for MRC_Com_PackFbk
    drv_mrc.o(i.MRC_Com_Process) refers to mrc_com.o(i.MRC_Com_SendFbk) for MRC_Com_SendFbk
    drv_mrc.o(i.MRC_Get_Coil_Current) refers to drv_mrc.o(.data) for .data
    drv_mrc.o(i.MRC_Init) refers to mrc_com.o(i.MRC_Com_Init) for MRC_Com_Init
    drv_mrc.o(i.MRC_Init) refers to printfa.o(i.__0printf) for __2printf
    drv_mrc.o(i.MRC_Init) refers to drv_led.o(i.drv_led_init) for drv_led_init
    drv_mrc.o(i.MRC_Init) refers to drv_key.o(i.drv_key_init) for drv_key_init
    drv_mrc.o(i.MRC_Init) refers to drv_encoder.o(i.drv_encoder_init) for drv_encoder_init
    drv_mrc.o(i.MRC_Init) refers to drv_vnh7040.o(i.drv_VNH7040_init) for drv_VNH7040_init
    drv_mrc.o(i.MRC_Init) refers to pid_controller.o(i.PID_Init) for PID_Init
    drv_mrc.o(i.MRC_Init) refers to stm32h7xx_hal_tim.o(i.HAL_TIM_Base_Start_IT) for HAL_TIM_Base_Start_IT
[...]
    .constdata                               0x0800b4a8   Section       64  ctype_c.o(.constdata)
    .conststring                             0x0800b4e8   Section      144  drv_mrc.o(.conststring)
    .conststring                             0x0800b578   Section      150  mrc_debugcli.o(.conststring)
    .data                                    0x24000000   Section        8  drv_mrc.o(.data)
    prev_i_ref                               0x24000000   Data           4  drv_mrc.o(.data)
    .data                                    0x24000008   Section       16  drv_vnh7040.o(.data)
    .data                                    0x24000018   Section       12  stm32h7xx_hal.o(.data)
    .data                                    0x24000024   Section        8  system_stm32h7xx.o(.data)
    .data                                    0x2400002c   Section        4  stdout.o(.data)
    .data                                    0x24000030   Section        4  errno.o(.data)
    _errno                                   0x24000030   Data           4  errno.o(.data)
    .bss                                     0x24000034   Section       64  mrc_debugcli.o(.bss)
    .bss                                     0x24000074   Section      429  main.o(.bss)
    .bss                                     0x24000224   Section      220  adc.o(.bss)
    .bss                                     0x24000300   Section      376  spi.o(.bss)
    .bss                                     0x24000478   Section      456  tim.o(.bss)
    .bss                                     0x24000640   Section     1044  usart.o(.bss)
    STACK                                    0x24000a58   Section     1024  startup_stm32h750xx.o(STACK)

    Global Symbols

    Symbol Name                              Value     Ov Type        Size  Object(Section)

    BuildAttributes$$THM_ISAv4$E$P$D$K$B$S$7EM$VFPv5_D16$PE$PLD8$A:L22UL41UL21$X:L11$S22US41US21$IEEE1$IW$USESV6$~STKCKD$USESV7$~SHL$OTIME$ROPI$IEEEJ$EBA8$MICROLIB$REQ8$PRES8$EABIv2 0x00000000   Number         0  anon$$obj.o ABSOLUTE
    __ARM_use_no_argv                        0x00000000   Number         0  main.o ABSOLUTE
    _printf_a                                0x00000000   Number         0  stubs.o ABSOLUTE
    _printf_c                                0x00000000   Number         0  stubs.o ABSOLUTE
    _printf_charcount                        0x00000000   Number         0  stubs.o ABSOLUTE
    _printf_d                                0x00000000   Number         0  stubs.o ABSOLUTE
    _printf_e                                0x00000000   Number         0  stubs.o ABSOLUTE
    _printf_f                                0x00000000   Number         0  stubs.o ABSOLUTE
    _printf_flags                            0x00000000   Number         0  stubs.o ABSOLUTE
    _printf_fp_dec                           0x00000000   Number         0  stubs.o ABSOLUTE
    _printf_fp_hex                           0x00000000   Number         0  stubs.o ABSOLUTE
    _printf_g                                0x00000000   Number         0  stubs.o ABSOLUTE
    _printf_i                                0x00000000   Number         0  stubs.o ABSOLUTE
    _printf_int_dec                          0x00000000   Number         0  stubs.o ABSOLUTE
    _printf_l                                0x00000000   Number         0  stubs.o ABSOLUTE
    _printf_lc                               0x00000000   Number         0  stubs.o ABSOLUTE
    _printf_ll                               0x00000000   Number         0  stubs.o ABSOLUTE
    _printf_lld                              0x00000000   Number         0  stubs.o ABSOLUTE
    _printf_lli                              0x00000000   Number         0  stubs.o ABSOLUTE
    _printf_llo                              0x00000000   Number         0  stubs.o ABSOLUTE
    _printf_llu                              0x00000000   Number         0  stubs.o ABSOLUTE
    _printf_llx                              0x00000000   Number         0  stubs.o ABSOLUTE
    _printf_longlong_dec                     0x00000000   Number         0  stubs.o ABSOLUTE
    _printf_longlong_hex                     0x00000000   Number         0  stubs.o ABSOLUTE
    _printf_longlong_oct                     0x00000000   Number         0  stubs.o ABSOLUTE
    _printf_ls                               0x00000000   Number         0  stubs.o ABSOLUTE
    _printf_mbtowc                           0x00000000   Number         0  stubs.o ABSOLUTE
    _printf_n                                0x00000000   Number         0  stubs.o ABSOLUTE
    _printf_o                                0x00000000   Number         0  stubs.o ABSOLUTE
    _printf_p                                0x00000000   Number         0  stubs.o ABSOLUTE
    _printf_percent                          0x00000000   Number         0  stubs.o ABSOLUTE
    _printf_pre_padding                      0x00000000   Number         0  stubs.o ABSOLUTE
    _printf_return_value                     0x00000000   Number         0  stubs.o ABSOLUTE
    _printf_s                                0x00000000   Number         0  stubs.o ABSOLUTE
    _printf_sizespec                         0x00000000   Number         0  stubs.o ABSOLUTE
    _printf_str                              0x00000000   Number         0  stubs.o ABSOLUTE
    _printf_truncate_signed                  0x00000000   Number         0  stubs.o ABSOLUTE
    _printf_truncate_unsigned                0x00000000   Number         0  stubs.o ABSOLUTE
    _printf_u                                0x00000000   Number         0  stubs.o ABSOLUTE
    _printf_wc                               0x00000000   Number         0  stubs.o ABSOLUTE
    _printf_wctomb                           0x00000000   Number         0  stubs.o ABSOLUTE
    _printf_widthprec                        0x00000000   Number         0  stubs.o ABSOLUTE
    _printf_x                                0x00000000   Number         0  stubs.o ABSOLUTE
    __cpp_initialize__aeabi_                  - Undefined Weak Reference
    __cxa_finalize                            - Undefined Weak Reference
    __decompress                              - Undefined Weak Reference
    _clock_init                               - Undefined Weak Reference
    _microlib_exit                            - Undefined Weak Reference
    _scanf_int                                - Undefined Weak Reference
    _scanf_longlong                           - Undefined Weak Reference
    __Vectors_Size                           0x00000298   Number         0  startup_stm32h750xx.o ABSOLUTE
    __Vectors                                0x08000000   Data           4  startup_stm32h750xx.o(RESET)
    __Vectors_End                            0x08000298   Data           0  startup_stm32h750xx.o(RESET)
    __main                                   0x08000299   Thumb Code     0  entry.o(.ARM.Collect$$$$00000000)
    _main_stk                                0x08000299   Thumb Code     0  entry2.o(.ARM.Collect$$$$00000001)
    _main_scatterload                        0x0800029d   Thumb Code     0  entry5.o(.ARM.Collect$$$$00000004)
    __main_after_scatterload                 0x080002a1   Thumb Code     0  entry5.o(.ARM.Collect$$$$00000004)
    _main_clock                              0x080002a1   Thumb Code     0  entry7b.o(.ARM.Collect$$$$00000008)
    _main_cpp_init                           0x080002a1   Thumb Code     0  entry8b.o(.ARM.Collect$$$$0000000A)
    _main_init                               0x080002a1   Thumb Code     0  entry9a.o(.ARM.Collect$$$$0000000B)
    __rt_final_cpp                           0x080002a9   Thumb Code     0  entry10a.o(.ARM.Collect$$$$0000000D)
    __rt_final_exit                          0x080002a9   Thumb Code     0  entry11a.o(.ARM.Collect$$$$0000000F)
    Reset_Handler                            0x080002ad   Thumb Code     8  startup_stm32h750xx.o(.text)
    ADC3_IRQHandler                          0x080002c7   Thumb Code     0  startup_stm32h750xx.o(.text)
    ADC_IRQHandler                           0x080002c7   Thumb Code     0  startup_stm32h750xx.o(.text)
    BDMA_Channel0_IRQHandler                 0x080002c7   Thumb Code     0  startup_stm32h750xx.o(.text)
    BDMA_Channel1_IRQHandler                 0x080002c7   Thumb Code     0  startup_stm32h750xx.o(.text)
    BDMA_Channel2_IRQHandler                 0x080002c7   Thumb Code     0  startup_stm32h750xx.o(.text)
    BDMA_Channel3_IRQHandler                 0x080002c7   Thumb Code     0  startup_stm32h750xx.o(.text)
    BDMA_Channel4_IRQHandler                 0x080002c7   Thumb Code     0  startup_stm32h750xx.o(.text)
    BDMA_Channel5_IRQHandler                 0x080002c7   Thumb Code     0  startup_stm32h750xx.o(.text)
    BDMA_Channel6_IRQHandler                 0x080002c7   Thumb Code     0  startup_stm32h750xx.o(.text)
    BDMA_Channel7_IRQHandler                 0x080002c7   Thumb Code     0  startup_stm32h750xx.o(.text)
    CEC_IRQHandler                           0x080002c7   Thumb Code     0  startup_stm32h750xx.o(.text)
    COMP1_IRQHandler                         0x080002c7   Thumb Code     0  startup_stm32h750xx.o(.text)
    CRS_IRQHandler                           0x080002c7   Thumb Code     0  startup_stm32h750xx.o(.text)
    CRYP_IRQHandler                          0x080002c7   Thumb Code     0  startup_stm32h750xx.o(.text)
    DCMI_IRQHandler                          0x080002c7   Thumb Code     0  startup_stm32h750xx.o(.text)
    DFSDM1_FLT0_IRQHandler                   0x080002c7   Thumb Code     0  startup_stm32h750xx.o(.text)
    DFSDM1_FLT1_IRQHandler                   0x080002c7   Thumb Code     0  startup_stm32h750xx.o(.text)
    DFSDM1_FLT2_IRQHandler                   0x080002c7   Thumb Code     0  startup_stm32h750xx.o(.text)
    DFSDM1_FLT3_IRQHandler                   0x080002c7   Thumb Code     0  startup_stm32h750xx.o(.text)
    DMA1_Stream6_IRQHandler                  0x080002c7   Thumb Code     0  startup_stm32h750xx.o(.text)
    DMA1_Stream7_IRQHandler                  0x080002c7   Thumb Code     0  startup_stm32h750xx.o(.text)
    DMA2D_IRQHandler                         0x080002c7   Thumb Code     0  startup_stm32h750xx.o(.text)
    DMA2_Stream2_IRQHandler                  0x080002c7   Thumb Code     0  startup_stm32h750xx.o(.text)
    DMA2_Stream3_IRQHandler                  0x080002c7   Thumb Code     0  startup_stm32h750xx.o(.text)
    DMA2_Stream4_IRQHandler                  0x080002c7   Thumb Code     0  startup_stm32h750xx.o(.text)
    DMA2_Stream5_IRQHandler                  0x080002c7   Thumb Code     0  startup_stm32h750xx.o(.text)
    DMA2_Stream6_IRQHandler                  0x080002c7   Thumb Code     0  startup_stm32h750xx.o(.text)
    DMA2_Stream7_IRQHandler                  0x080002c7   Thumb Code     0  startup_stm32h750xx.o(.text)
    DMAMUX1_OVR_IRQHandler                   0x080002c7   Thumb Code     0  startup_stm32h750xx.o(.text)
    DMAMUX2_OVR_IRQHandler                   0x080002c7   Thumb Code     0  startup_stm32h750xx.o(.text)
    ECC_IRQHandler                           0x080002c7   Thumb Code     0  startup_stm32h750xx.o(.text)
    ETH_IRQHandler                           0x080002c7   Thumb Code     0  startup_stm32h750xx.o(.text)
    ETH_WKUP_IRQHandler                      0x080002c7   Thumb Code     0  startup_stm32h750xx.o(.text)
    EXTI0_IRQHandler                         0x080002c7   Thumb Code     0  startup_stm32h750xx.o(.text)
    EXTI15_10_IRQHandler                     0x080002c7   Thumb Code     0  startup_stm32h750xx.o(.text)
    EXTI1_IRQHandler                         0x080002c7   Thumb Code     0  startup_stm32h750xx.o(.text)
    EXTI2_IRQHandler                         0x080002c7   Thumb Code     0  startup_stm32h750xx.o(.text)
    EXTI3_IRQHandler                         0x080002c7   Thumb Code     0  startup_stm32h750xx.o(.text)
    EXTI4_IRQHandler                         0x080002c7   Thumb Code     0  startup_stm32h750xx.o(.text)
    EXTI9_5_IRQHandler                       0x080002c7   Thumb Code     0  startup_stm32h750xx.o(.text)
    FDCAN1_IT0_IRQHandler                    0x080002c7   Thumb Code     0  startup_stm32h750xx.o(.text)
    FDCAN1_IT1_IRQHandler                    0x080002c7   Thumb Code     0  startup_stm32h750xx.o(.text)
    FDCAN2_IT0_IRQHandler                    0x080002c7   Thumb Code     0  startup_stm32h750xx.o(.text)
    FDCAN2_IT1_IRQHandler                    0x080002c7   Thumb Code     0  startup_stm32h750xx.o(.text)
    FDCAN_CAL_IRQHandler                     0x080002c7   Thumb Code     0  startup_stm32h750xx.o(.text)
    FLASH_IRQHandler                         0x080002c7   Thumb Code     0  startup_stm32h750xx.o(.text)
    FMC_IRQHandler                           0x080002c7   Thumb Code     0  startup_stm32h750xx.o(.text)
    FPU_IRQHandler                           0x080002c7   Thumb Code     0  startup_stm32h750xx.o(.text)
    HASH_RNG_IRQHandler                      0x080002c7   Thumb Code     0  startup_stm32h750xx.o(.text)
    HRTIM1_FLT_IRQHandler                    0x080002c7   Thumb Code     0  startup_stm32h750xx.o(.text)
    HRTIM1_Master_IRQHandler                 0x080002c7   Thumb Code     0  startup_stm32h750xx.o(.text)
    HRTIM1_TIMA_IRQHandler                   0x080002c7   Thumb Code     0  startup_stm32h750xx.o(.text)
    HRTIM1_TIMB_IRQHandler                   0x080002c7   Thumb Code     0  startup_stm32h750xx.o(.text)
    HRTIM1_TIMC_IRQHandler                   0x080002c7   Thumb Code     0  startup_stm32h750xx.o(.text)
    HRTIM1_TIMD_IRQHandler                   0x080002c7   Thumb Code     0  startup_stm32h750xx.o(.text)
    HRTIM1_TIME_IRQHandler                   0x080002c7   Thumb Code     0  startup_stm32h750xx.o(.text)
    HSEM1_IRQHandler                         0x080002c7   Thumb Code     0  startup_stm32h750xx.o(.text)
    I2C1_ER_IRQHandler                       0x080002c7   Thumb Code     0  startup_stm32h750xx.o(.text)
    I2C1_EV_IRQHandler                       0x080002c7   Thumb Code     0  startup_stm32h750xx.o(.text)
    I2C2_ER_IRQHandler                       0x080002c7   Thumb Code     0  startup_stm32h750xx.o(.text)
    I2C2_EV_IRQHandler                       0x080002c7   Thumb Code     0  startup_stm32h750xx.o(.text)
    I2C3_ER_IRQHandler                       0x080002c7   Thumb Code     0  startup_stm32h750xx.o(.text)
    I2C3_EV_IRQHandler                       0x080002c7   Thumb Code     0  startup_stm32h750xx.o(.text)
    I2C4_ER_IRQHandler                       0x080002c7   Thumb Code     0  startup_stm32h750xx.o(.text)
    I2C4_EV_IRQHandler                       0x080002c7   Thumb Code     0  startup_stm32h750xx.o(.text)
    JPEG_IRQHandler                          0x080002c7   Thumb Code     0  startup_stm32h750xx.o(.text)
    LPTIM1_IRQHandler                        0x080002c7   Thumb Code     0  startup_stm32h750xx.o(.text)
    LPTIM2_IRQHandler                        0x080002c7   Thumb Code     0  startup_stm32h750xx.o(.text)
    LPTIM3_IRQHandler                        0x080002c7   Thumb Code     0  startup_stm32h750xx.o(.text)
    LPTIM4_IRQHandler                        0x080002c7   Thumb Code     0  startup_stm32h750xx.o(.text)
    LPTIM5_IRQHandler                        0x080002c7   Thumb Code     0  startup_stm32h750xx.o(.text)
    LPUART1_IRQHandler                       0x080002c7   Thumb Code     0  startup_stm32h750xx.o(.text)
    LTDC_ER_IRQHandler                       0x080002c7   Thumb Code     0  startup_stm32h750xx.o(.text)
    LTDC_IRQHandler                          0x080002c7   Thumb Code     0  startup_stm32h750xx.o(.text)
    MDIOS_IRQHandler                         0x080002c7   Thumb Code     0  startup_stm32h750xx.o(.text)
    MDIOS_WKUP_IRQHandler                    0x080002c7   Thumb Code     0  startup_stm32h750xx.o(.text)
    MDMA_IRQHandler                          0x080002c7   Thumb Code     0  startup_stm32h750xx.o(.text)
    OTG_FS_EP1_IN_IRQHandler                 0x080002c7   Thumb Code     0  startup_stm32h750xx.o(.text)
    OTG_FS_EP1_OUT_IRQHandler                0x080002c7   Thumb Code     0  startup_stm32h750xx.o(.text)
    OTG_FS_IRQHandler                        0x080002c7   Thumb Code     0  startup_stm32h750xx.o(.text)
    OTG_FS_WKUP_IRQHandler                   0x080002c7   Thumb Code     0  startup_stm32h750xx.o(.text)
    OTG_HS_EP1_IN_IRQHandler                 0x080002c7   Thumb Code     0  startup_stm32h750xx.o(.text)
    OTG_HS_EP1_OUT_IRQHandler                0x080002c7   Thumb Code     0  startup_stm32h750xx.o(.text)
    OTG_HS_IRQHandler                        0x080002c7   Thumb Code     0  startup_stm32h750xx.o(.text)
    OTG_HS_WKUP_IRQHandler                   0x080002c7   Thumb Code     0  startup_stm32h750xx.o(.text)
    PVD_AVD_IRQHandler                       0x080002c7   Thumb Code     0  startup_stm32h750xx.o(.text)
    QUADSPI_IRQHandler                       0x080002c7   Thumb Code     0  startup_stm32h750xx.o(.text)
    RCC_IRQHandler                           0x080002c7   Thumb Code     0  startup_stm32h750xx.o(.text)
    RTC_Alarm_IRQHandler                     0x080002c7   Thumb Code     0  startup_stm32h750xx.o(.text)
    RTC_WKUP_IRQHandler                      0x080002c7   Thumb Code     0  startup_stm32h750xx.o(.text)
    SAI1_IRQHandler                          0x080002c7   Thumb Code     0  startup_stm32h750xx.o(.text)
    SAI2_IRQHandler                          0x080002c7   Thumb Code     0  startup_stm32h750xx.o(.text)
    SAI3_IRQHandler                          0x080002c7   Thumb Code     0  startup_stm32h750xx.o(.text)
    SAI4_IRQHandler                          0x080002c7   Thumb Code     0  startup_stm32h750xx.o(.text)
    SDMMC1_IRQHandler                        0x080002c7   Thumb Code     0  startup_stm32h750xx.o(.text)
    SDMMC2_IRQHandler                        0x080002c7   Thumb Code     0  startup_stm32h750xx.o(.text)
    SPDIF_RX_IRQHandler                      0x080002c7   Thumb Code     0  startup_stm32h750xx.o(.text)
    SPI1_IRQHandler                          0x080002c7   Thumb Code     0  startup_stm32h750xx.o(.text)
    SPI2_IRQHandler                          0x080002c7   Thumb Code     0  startup_stm32h750xx.o(.text)
    SPI3_IRQHandler                          0x080002c7   Thumb Code     0  startup_stm32h750xx.o(.text)
    SPI5_IRQHandler                          0x080002c7   Thumb Code     0  startup_stm32h750xx.o(.text)
    SPI6_IRQHandler                          0x080002c7   Thumb Code     0  startup_stm32h750xx.o(.text)
    SWPMI1_IRQHandler                        0x080002c7   Thumb Code     0  startup_stm32h750xx.o(.text)
    TAMP_STAMP_IRQHandler                    0x080002c7   Thumb Code     0  startup_stm32h750xx.o(.text)
    TIM15_IRQHandler                         0x080002c7   Thumb Code     0  startup_stm32h750xx.o(.text)
    TIM16_IRQHandler                         0x080002c7   Thumb Code     0  startup_stm32h750xx.o(.text)
    TIM17_IRQHandler                         0x080002c7   Thumb Code     0  startup_stm32h750xx.o(.text)
    TIM1_BRK_IRQHandler                      0x080002c7   Thumb Code     0  startup_stm32h750xx.o(.text)
    TIM1_TRG_COM_IRQHandler                  0x080002c7   Thumb Code     0  startup_stm32h750xx.o(.text)
    TIM1_UP_IRQHandler                       0x080002c7   Thumb Code     0  startup_stm32h750xx.o(.text)
    TIM2_IRQHandler                          0x080002c7   Thumb Code     0  startup_stm32h750xx.o(.text)
    TIM5_IRQHandler                          0x080002c7   Thumb Code     0  startup_stm32h750xx.o(.text)
    TIM8_BRK_TIM12_IRQHandler                0x080002c7   Thumb Code     0  startup_stm32h750xx.o(.text)
    TIM8_CC_IRQHandler                       0x080002c7   Thumb Code     0  startup_stm32h750xx.o(.text)
    TIM8_TRG_COM_TIM14_IRQHandler            0x080002c7   Thumb Code     0  startup_stm32h750xx.o(.text)
    TIM8_UP_TIM13_IRQHandler                 0x080002c7   Thumb Code     0  startup_stm32h750xx.o(.text)
    UART5_IRQHandler                         0x080002c7   Thumb Code     0  startup_stm32h750xx.o(.text)
    UART7_IRQHandler                         0x080002c7   Thumb Code     0  startup_stm32h750xx.o(.text)
    UART8_IRQHandler                         0x080002c7   Thumb Code     0  startup_stm32h750xx.o(.text)
    USART3_IRQHandler                        0x080002c7   Thumb Code     0  startup_stm32h750xx.o(.text)
    USART6_IRQHandler                        0x080002c7   Thumb Code     0  startup_stm32h750xx.o(.text)
    WAKEUP_PIN_IRQHandler                    0x080002c7   Thumb Code     0  startup_stm32h750xx.o(.text)
    WWDG_IRQHandler                          0x080002c7   Thumb Code     0  startup_stm32h750xx.o(.text)
    __aeabi_uldivmod                         0x080002d1   Thumb Code    98  uldiv.o(.text)
    toupper                                  0x08000333   Thumb Code    12  toupper.o(.text)
    __aeabi_memcpy                           0x0800033f   Thumb Code    36  memcpya.o(.text)
    __aeabi_memcpy4                          0x0800033f   Thumb Code     0  memcpya.o(.text)
    __aeabi_memcpy8                          0x0800033f   Thumb Code     0  memcpya.o(.text)
    __aeabi_memset                           0x08000363   Thumb Code    14  memseta.o(.text)
    __aeabi_memset4                          0x08000363   Thumb Code     0  memseta.o(.text)
    __aeabi_memset8                          0x08000363   Thumb Code     0  memseta.o(.text)
    __aeabi_memclr                           0x08000371   Thumb Code     4  memseta.o(.text)
    __aeabi_memclr4                          0x08000371   Thumb Code     0  memseta.o(.text)
    __aeabi_memclr8                          0x08000371   Thumb Code     0  memseta.o(.text)
    _memset$wrapper                          0x08000375   Thumb Code    18  memseta.o(.text)
    strlen                                   0x08000387   Thumb Code    14  strlen.o(.text)
    strcmp                                   0x08000395   Thumb Code    28  strcmp.o(.text)
    __0sscanf                                0x080003b1   Thumb Code    48  __0sscanf.o(.text)
    _scanf_string                            0x080003e9   Thumb Code   224  _scanf_str.o(.text)
    __aeabi_ul2f                             0x080004c9   Thumb Code    28  ffltul.o(.text)
    __aeabi_uidiv                            0x080004e5   Thumb Code     0  uidiv.o(.text)
    __aeabi_uidivmod                         0x080004e5   Thumb Code    44  uidiv.o(.text)
    __aeabi_llsl                             0x08000511   Thumb Code    30  llshl.o(.text)
    _ll_shift_l                              0x08000511   Thumb Code     0  llshl.o(.text)
    __aeabi_llsr                             0x0800052f   Thumb Code    32  llushr.o(.text)
    _ll_ushift_r                             0x0800052f   Thumb Code     0  llushr.o(.text)
    __vfscanf_char                           0x0800055d   Thumb Code    20  scanf_char.o(.text)
    _sgetc                                   0x08000579   Thumb Code    30  _sgetc.o(.text)
    _sbackspace                              0x08000597   Thumb Code    34  _sgetc.o(.text)
    __strtod_int                             0x080005ef   Thumb Code    88  strtod.o(.text)
    __I$use$fp                               0x08000655   Thumb Code     0  iusefp.o(.text)
    _float_round                             0x08000655   Thumb Code    18  fepilogue.o(.text)
    _float_epilogue                          0x08000667   Thumb Code    92  fepilogue.o(.text)
    __aeabi_dadd                             0x080006c3   Thumb Code   322  dadd.o(.text)
    __aeabi_dsub                             0x08000805   Thumb Code     6  dadd.o(.text)
    __aeabi_drsub                            0x0800080b   Thumb Code     6  dadd.o(.text)
    __aeabi_dmul                             0x08000811   Thumb Code   228  dmul.o(.text)
    __aeabi_ddiv                             0x080008f5   Thumb Code   222  ddiv.o(.text)
    __aeabi_d2ulz                            0x080009d3   Thumb Code    48  dfixul.o(.text)
    __aeabi_cdrcmple                         0x08000a05   Thumb Code    48  cdrcmple.o(.text)
    __scatterload                            0x08000a35   Thumb Code    28  init.o(.text)
    __scatterload_rt2                        0x08000a35   Thumb Code     0  init.o(.text)
    __aeabi_lasr                             0x08000a59   Thumb Code    36  llsshr.o(.text)
    _ll_sshift_r                             0x08000a59   Thumb Code     0  llsshr.o(.text)
    isspace                                  0x08000a7d   Thumb Code    10  isspace_c.o(.text)
    __vfscanf                                0x08000a89   Thumb Code   808  _scanf.o(.text)
    _scanf_real                              0x08000eb5   Thumb Code     0  scanf_fp.o(.text)
    _scanf_really_real                       0x08000eb5   Thumb Code   556  scanf_fp.o(.text)
    _double_round                            0x080010ed   Thumb Code    30  depilogue.o(.text)
    _double_epilogue                         0x0800110b   Thumb Code   156  depilogue.o(.text)
    __ctype_lookup                           0x080011a9   Thumb Code    34  ctype_c.o(.text)
    __aeabi_ul2d                             0x080011d1   Thumb Code    24  dfltul.o(.text)
    __aeabi_d2f                              0x080011e9   Thumb Code    56  d2f.o(.text)
    ADC_ConfigureBoostMode                   0x08001221   Thumb Code   236  stm32h7xx_hal_adc.o(i.ADC_ConfigureBoostMode)
    ADC_DMAConvCplt                          0x08001329   Thumb Code   104  stm32h7xx_hal_adc.o(i.ADC_DMAConvCplt)
    ADC_DMAError                             0x08001391   Thumb Code    26  stm32h7xx_hal_adc.o(i.ADC_DMAError)
    ADC_DMAHalfConvCplt                      0x080013ab   Thumb Code    10  stm32h7xx_hal_adc.o(i.ADC_DMAHalfConvCplt)
    ADC_Disable                              0x080013b5   Thumb Code   106  stm32h7xx_hal_adc.o(i.ADC_Disable)
    ADC_Enable                               0x08001425   Thumb Code   148  stm32h7xx_hal_adc.o(i.ADC_Enable)
    BandPassFilter_Init                      0x080014cd   Thumb Code    44  filter.o(i.BandPassFilter_Init)
    BusFault_Handler                         0x080014f9   Thumb Code     2  stm32h7xx_it.o(i.BusFault_Handler)
    CalAngularVelocity                       0x080014fd   Thumb Code   120  drv_encoder.o(i.CalAngularVelocity)
    CaptureDutyCycle                         0x08001579   Thumb Code   284  drv_encoder.o(i.CaptureDutyCycle)
    DMA1_Stream0_IRQHandler                  0x08001695   Thumb Code     6  stm32h7xx_it.o(i.DMA1_Stream0_IRQHandler)
    DMA1_Stream1_IRQHandler                  0x080016a1   Thumb Code     6  stm32h7xx_it.o(i.DMA1_Stream1_IRQHandler)
    DMA1_Stream2_IRQHandler                  0x080016ad   Thumb Code     6  stm32h7xx_it.o(i.DMA1_Stream2_IRQHandler)
    DMA1_Stream3_IRQHandler                  0x080016b9   Thumb Code     6  stm32h7xx_it.o(i.DMA1_Stream3_IRQHandler)
    DMA1_Stream4_IRQHandler                  0x080016c5   Thumb Code     6  stm32h7xx_it.o(i.DMA1_Stream4_IRQHandler)
    DMA1_Stream5_IRQHandler                  0x080016d1   Thumb Code     6  stm32h7xx_it.o(i.DMA1_Stream5_IRQHandler)
    DMA2_Stream0_IRQHandler                  0x080016dd   Thumb Code     6  stm32h7xx_it.o(i.DMA2_Stream0_IRQHandler)
    DMA2_Stream1_IRQHandler                  0x080016e9   Thumb Code     6  stm32h7xx_it.o(i.DMA2_Stream1_IRQHandler)
    DebugMon_Handler                         0x08001b2d   Thumb Code     2  stm32h7xx_it.o(i.DebugMon_Handler)
    Encoder_Calibrate_n_Filter               0x08001bad   Thumb Code   176  drv_encoder.o(i.Encoder_Calibrate_n_Filter)
    Encoder_PWM_Start_ReadAngle              0x08001c71   Thumb Code     8  drv_encoder.o(i.Encoder_PWM_Start_ReadAngle)
    Error_Handler                            0x08001c79   Thumb Code     4  main.o(i.Error_Handler)
    FirstOrder_KalmanFilter_Init             0x08001c7d   Thumb Code    28  filter.o(i.FirstOrder_KalmanFilter_Init)
    HAL_ADCEx_Calibration_Start              0x08001c9d   Thumb Code   146  stm32h7xx_hal_adc_ex.o(i.HAL_ADCEx_Calibration_Start)
    HAL_ADCEx_MultiModeConfigChannel         0x08001d39   Thumb Code   270  stm32h7xx_hal_adc_ex.o(i.HAL_ADCEx_MultiModeConfigChannel)
    HAL_ADC_ConfigChannel                    0x08001e5d   Thumb Code   924  stm32h7xx_hal_adc.o(i.HAL_ADC_ConfigChannel)
    HAL_ADC_ConvCpltCallback                 0x08002231   Thumb Code     2  stm32h7xx_hal_adc.o(i.HAL_ADC_ConvCpltCallback)
    HAL_ADC_ConvHalfCpltCallback             0x08002233   Thumb Code     2  stm32h7xx_hal_adc.o(i.HAL_ADC_ConvHalfCpltCallback)
    HAL_ADC_ErrorCallback                    0x08002235   Thumb Code     2  stm32h7xx_hal_adc.o(i.HAL_ADC_ErrorCallback)
    HAL_ADC_Init                             0x08002239   Thumb Code   498  stm32h7xx_hal_adc.o(i.HAL_ADC_Init)
    HAL_ADC_MspInit                          0x08002461   Thumb Code   194  adc.o(i.HAL_ADC_MspInit)
    HAL_ADC_Start_DMA                        0x08002539   Thumb Code   230  stm32h7xx_hal_adc.o(i.HAL_ADC_Start_DMA)
    HAL_DMA_Abort                            0x08002641   Thumb Code   836  stm32h7xx_hal_dma.o(i.HAL_DMA_Abort)
    HAL_DMA_Abort_IT                         0x080029a1   Thumb Code   602  stm32h7xx_hal_dma.o(i.HAL_DMA_Abort_IT)
    HAL_DMA_GetError                         0x08002c25   Thumb Code     4  stm32h7xx_hal_dma.o(i.HAL_DMA_GetError)
    HAL_DMA_IRQHandler                       0x08002c29   Thumb Code  1756  stm32h7xx_hal_dma.o(i.HAL_DMA_IRQHandler)
    HAL_DMA_Init                             0x08003311   Thumb Code   926  stm32h7xx_hal_dma.o(i.HAL_DMA_Init)
    HAL_DMA_Start_IT                         0x080036d5   Thumb Code   628  stm32h7xx_hal_dma.o(i.HAL_DMA_Start_IT)
    HAL_GPIO_Init                            0x08003971   Thumb Code   506  stm32h7xx_hal_gpio.o(i.HAL_GPIO_Init)
    HAL_GPIO_ReadPin                         0x08003b9d   Thumb Code    10  stm32h7xx_hal_gpio.o(i.HAL_GPIO_ReadPin)
    HAL_GPIO_TogglePin                       0x08003ba7   Thumb Code    16  stm32h7xx_hal_gpio.o(i.HAL_GPIO_TogglePin)
    HAL_GPIO_WritePin                        0x08003bb7   Thumb Code    10  stm32h7xx_hal_gpio.o(i.HAL_GPIO_WritePin)
    HAL_GetREVID                             0x08003bc1   Thumb Code     8  stm32h7xx_hal.o(i.HAL_GetREVID)
    HAL_GetTick                              0x08003bcd   Thumb Code     6  stm32h7xx_hal.o(i.HAL_GetTick)
    HAL_IncTick                              0x08003bd9   Thumb Code    12  stm32h7xx_hal.o(i.HAL_IncTick)
    HAL_Init                                 0x08003be9   Thumb Code    74  stm32h7xx_hal.o(i.HAL_Init)
    HAL_InitTick                             0x08003c45   Thumb Code    56  stm32h7xx_hal.o(i.HAL_InitTick)
    HAL_MPU_ConfigRegion                     0x08003c85   Thumb Code    86  stm32h7xx_hal_cortex.o(i.HAL_MPU_ConfigRegion)
    HAL_MPU_Disable                          0x08003ce1   Thumb Code    24  stm32h7xx_hal_cortex.o(i.HAL_MPU_Disable)
    HAL_MPU_Enable                           0x08003cfd   Thumb Code    30  stm32h7xx_hal_cortex.o(i.HAL_MPU_Enable)
    HAL_MspInit                              0x08003d21   Thumb Code    22  stm32h7xx_hal_msp.o(i.HAL_MspInit)
    HAL_NVIC_EnableIRQ                       0x08003d3d   Thumb Code    26  stm32h7xx_hal_cortex.o(i.HAL_NVIC_EnableIRQ)
    HAL_NVIC_SetPriority                     0x08003d59   Thumb Code    60  stm32h7xx_hal_cortex.o(i.HAL_NVIC_SetPriority)
    HAL_NVIC_SetPriorityGrouping             0x08003d99   Thumb Code    28  stm32h7xx_hal_cortex.o(i.HAL_NVIC_SetPriorityGrouping)
    HAL_PWREx_ConfigSupply                   0x08003dbd   Thumb Code    78  stm32h7xx_hal_pwr_ex.o(i.HAL_PWREx_ConfigSupply)
    HAL_RCCEx_GetD3PCLK1Freq                 0x08003e11   Thumb Code    26  stm32h7xx_hal_rcc_ex.o(i.HAL_RCCEx_GetD3PCLK1Freq)
    HAL_RCCEx_GetPLL1ClockFreq               0x08003e35   Thumb Code   298  stm32h7xx_hal_rcc_ex.o(i.HAL_RCCEx_GetPLL1ClockFreq)
    HAL_RCCEx_GetPLL2ClockFreq               0x08003f7d   Thumb Code   296  stm32h7xx_hal_rcc_ex.o(i.HAL_RCCEx_GetPLL2ClockFreq)
    HAL_RCCEx_GetPLL3ClockFreq               0x080040c1   Thumb Code   296  stm32h7xx_hal_rcc_ex.o(i.HAL_RCCEx_GetPLL3ClockFreq)
    HAL_RCCEx_GetPeriphCLKFreq               0x08004205   Thumb Code   694  stm32h7xx_hal_rcc_ex.o(i.HAL_RCCEx_GetPeriphCLKFreq)
    HAL_RCCEx_PeriphCLKConfig                0x080044cd   Thumb Code  2472  stm32h7xx_hal_rcc_ex.o(i.HAL_RCCEx_PeriphCLKConfig)
    HAL_RCC_ClockConfig                      0x08004e79   Thumb Code   580  stm32h7xx_hal_rcc.o(i.HAL_RCC_ClockConfig)
    HAL_RCC_GetHCLKFreq                      0x080050d5   Thumb Code    52  stm32h7xx_hal_rcc.o(i.HAL_RCC_GetHCLKFreq)
    HAL_RCC_GetPCLK1Freq                     0x08005119   Thumb Code    26  stm32h7xx_hal_rcc.o(i.HAL_RCC_GetPCLK1Freq)
    HAL_RCC_GetPCLK2Freq                     0x0800513d   Thumb Code    26  stm32h7xx_hal_rcc.o(i.HAL_RCC_GetPCLK2Freq)
    HAL_RCC_GetSysClockFreq                  0x08005161   Thumb Code   278  stm32h7xx_hal_rcc.o(i.HAL_RCC_GetSysClockFreq)
    HAL_RCC_OscConfig                        0x08005299   Thumb Code  1410  stm32h7xx_hal_rcc.o(i.HAL_RCC_OscConfig)
    HAL_RS485Ex_Init                         0x0800581d   Thumb Code   136  stm32h7xx_hal_uart_ex.o(i.HAL_RS485Ex_Init)
    HAL_SPI_ErrorCallback                    0x080058a9   Thumb Code     2  stm32h7xx_hal_spi.o(i.HAL_SPI_ErrorCallback)
    HAL_SPI_IRQHandler                       0x080058ad   Thumb Code   536  stm32h7xx_hal_spi.o(i.HAL_SPI_IRQHandler)
    HAL_SPI_Init                             0x08005ac9   Thumb Code   366  stm32h7xx_hal_spi.o(i.HAL_SPI_Init)
    HAL_SPI_MspInit                          0x08005c45   Thumb Code   238  spi.o(i.HAL_SPI_MspInit)
    HAL_SPI_RxCpltCallback                   0x08005d49   Thumb Code     2  stm32h7xx_hal_spi.o(i.HAL_SPI_RxCpltCallback)
    HAL_SPI_SuspendCallback                  0x08005d4b   Thumb Code     2  stm32h7xx_hal_spi.o(i.HAL_SPI_SuspendCallback)
    HAL_SPI_TxCpltCallback                   0x08005d4d   Thumb Code     2  stm32h7xx_hal_spi.o(i.HAL_SPI_TxCpltCallback)
    HAL_SPI_TxRxCpltCallback                 0x08005d4f   Thumb Code     2  stm32h7xx_hal_spi.o(i.HAL_SPI_TxRxCpltCallback)
    HAL_SYSTICK_Config                       0x08005d51   Thumb Code    38  stm32h7xx_hal_cortex.o(i.HAL_SYSTICK_Config)
    HAL_TIMEx_Break2Callback                 0x08005d77   Thumb Code     2  stm32h7xx_hal_tim_ex.o(i.HAL_TIMEx_Break2Callback)
    HAL_TIMEx_BreakCallback                  0x08005d79   Thumb Code     2  stm32h7xx_hal_tim_ex.o(i.HAL_TIMEx_BreakCallback)
    HAL_TIMEx_CommutCallback                 0x08005d7b   Thumb Code     2  stm32h7xx_hal_tim_ex.o(i.HAL_TIMEx_CommutCallback)
    HAL_TIMEx_MasterConfigSynchronization    0x08005d7d   Thumb Code   134  stm32h7xx_hal_tim_ex.o(i.HAL_TIMEx_MasterConfigSynchronization)
    HAL_TIM_Base_Init                        0x08005e21   Thumb Code    98  stm32h7xx_hal_tim.o(i.HAL_TIM_Base_Init)
    HAL_TIM_Base_MspInit                     0x08005e85   Thumb Code   278  tim.o(i.HAL_TIM_Base_MspInit)
    HAL_TIM_Base_Start_IT                    0x08005fbd   Thumb Code   106  stm32h7xx_hal_tim.o(i.HAL_TIM_Base_Start_IT)
    HAL_TIM_ConfigClockSource                0x08006049   Thumb Code   248  stm32h7xx_hal_tim.o(i.HAL_TIM_ConfigClockSource)
    HAL_TIM_IC_CaptureCallback               0x08006145   Thumb Code    22  main.o(i.HAL_TIM_IC_CaptureCallback)
    HAL_TIM_IC_ConfigChannel                 0x08006165   Thumb Code   290  stm32h7xx_hal_tim.o(i.HAL_TIM_IC_ConfigChannel)
    HAL_TIM_IC_Init                          0x08006287   Thumb Code    98  stm32h7xx_hal_tim.o(i.HAL_TIM_IC_Init)
    HAL_TIM_IC_MspInit                       0x080062e9   Thumb Code     2  stm32h7xx_hal_tim.o(i.HAL_TIM_IC_MspInit)
    HAL_TIM_IC_Start_IT                      0x080062ed   Thumb Code   292  stm32h7xx_hal_tim.o(i.HAL_TIM_IC_Start_IT)
    HAL_TIM_IC_Stop_IT                       0x08006431   Thumb Code   182  stm32h7xx_hal_tim.o(i.HAL_TIM_IC_Stop_IT)
    HAL_TIM_IRQHandler                       0x080064e7   Thumb Code   328  stm32h7xx_hal_tim.o(i.HAL_TIM_IRQHandler)
    HAL_TIM_MspPostInit                      0x08006631   Thumb Code   112  tim.o(i.HAL_TIM_MspPostInit)
    HAL_TIM_OC_DelayElapsedCallback          0x080066b1   Thumb Code     2  stm32h7xx_hal_tim.o(i.HAL_TIM_OC_DelayElapsedCallback)
    HAL_TIM_PWM_ConfigChannel                0x080066b3   Thumb Code   292  stm32h7xx_hal_tim.o(i.HAL_TIM_PWM_ConfigChannel)
    HAL_TIM_PWM_Init                         0x080067d7   Thumb Code    98  stm32h7xx_hal_tim.o(i.HAL_TIM_PWM_Init)
    HAL_TIM_PWM_MspInit                      0x08006839   Thumb Code     2  stm32h7xx_hal_tim.o(i.HAL_TIM_PWM_MspInit)
    HAL_TIM_PWM_PulseFinishedCallback        0x0800683b   Thumb Code     2  stm32h7xx_hal_tim.o(i.HAL_TIM_PWM_PulseFinishedCallback)
    HAL_TIM_PWM_Start                        0x0800683d   Thumb Code   232  stm32h7xx_hal_tim.o(i.HAL_TIM_PWM_Start)
    HAL_TIM_PeriodElapsedCallback            0x0800694d   Thumb Code    56  main.o(i.HAL_TIM_PeriodElapsedCallback)
    HAL_TIM_ReadCapturedValue                0x08006991   Thumb Code    44  stm32h7xx_hal_tim.o(i.HAL_TIM_ReadCapturedValue)
    HAL_TIM_TriggerCallback                  0x080069bd   Thumb Code     2  stm32h7xx_hal_tim.o(i.HAL_TIM_TriggerCallback)
    HAL_UARTEx_DisableFifoMode               0x080069bf   Thumb Code    64  stm32h7xx_hal_uart_ex.o(i.HAL_UARTEx_DisableFifoMode)
    HAL_UARTEx_RxEventCallback               0x080069ff   Thumb Code     2  stm32h7xx_hal_uart.o(i.HAL_UARTEx_RxEventCallback)
    HAL_UARTEx_RxFifoFullCallback            0x08006a01   Thumb Code     2  stm32h7xx_hal_uart_ex.o(i.HAL_UARTEx_RxFifoFullCallback)
    HAL_UARTEx_SetRxFifoThreshold            0x08006a03   Thumb Code    76  stm32h7xx_hal_uart_ex.o(i.HAL_UARTEx_SetRxFifoThreshold)
    HAL_UARTEx_SetTxFifoThreshold            0x08006a4f   Thumb Code    76  stm32h7xx_hal_uart_ex.o(i.HAL_UARTEx_SetTxFifoThreshold)
    HAL_UARTEx_TxFifoEmptyCallback           0x08006a9b   Thumb Code     2  stm32h7xx_hal_uart_ex.o(i.HAL_UARTEx_TxFifoEmptyCallback)
    HAL_UARTEx_WakeupCallback                0x08006a9d   Thumb Code     2  stm32h7xx_hal_uart_ex.o(i.HAL_UARTEx_WakeupCallback)
    HAL_UART_DMAStop                         0x08006a9f   Thumb Code   146  stm32h7xx_hal_uart.o(i.HAL_UART_DMAStop)
    HAL_UART_ErrorCallback                   0x08006b31   Thumb Code     2  stm32h7xx_hal_uart.o(i.HAL_UART_ErrorCallback)
    HAL_UART_IRQHandler                      0x08006b35   Thumb Code   878  stm32h7xx_hal_uart.o(i.HAL_UART_IRQHandler)
    HAL_UART_Init                            0x08006ebd   Thumb Code   106  stm32h7xx_hal_uart.o(i.HAL_UART_Init)
    HAL_UART_MspInit                         0x08006f29   Thumb Code   668  usart.o(i.HAL_UART_MspInit)
    HAL_UART_Receive_DMA                     0x080071f1   Thumb Code    66  stm32h7xx_hal_uart.o(i.HAL_UART_Receive_DMA)
    HAL_UART_RxCpltCallback                  0x08007239   Thumb Code     2  stm32h7xx_hal_uart.o(i.HAL_UART_RxCpltCallback)
    HAL_UART_RxHalfCpltCallback              0x0800723b   Thumb Code     2  stm32h7xx_hal_uart.o(i.HAL_UART_RxHalfCpltCallback)
    HAL_UART_Transmit                        0x0800723d   Thumb Code   176  stm32h7xx_hal_uart.o(i.HAL_UART_Transmit)
    HAL_UART_Transmit_DMA                    0x080072ed   Thumb Code   132  stm32h7xx_hal_uart.o(i.HAL_UART_Transmit_DMA)
    HAL_UART_TxCpltCallback                  0x0800737d   Thumb Code     2  stm32h7xx_hal_uart.o(i.HAL_UART_TxCpltCallback)
    HAL_UART_TxHalfCpltCallback              0x0800737f   Thumb Code     2  stm32h7xx_hal_uart.o(i.HAL_UART_TxHalfCpltCallback)
    HardFault_Handler                        0x08007381   Thumb Code     2  stm32h7xx_it.o(i.HardFault_Handler)
    HighPassFilter_Init                      0x08007385   Thumb Code    54  filter.o(i.HighPassFilter_Init)
    Keyscan                                  0x080073c1   Thumb Code    80  drv_key.o(i.Keyscan)
    LookupMeasuredVoltageByTarget            0x08007459   Thumb Code   114  drv_mrc.o(i.LookupMeasuredVoltageByTarget)
    LowPassFilter_Init                       0x080074dd   Thumb Code    54  filter.o(i.LowPassFilter_Init)
    MRC_CoilCurrentControl_Update            0x08007519   Thumb Code   174  drv_mrc.o(i.MRC_CoilCurrentControl_Update)
    MRC_Com_Init                             0x080075d9   Thumb Code   132  mrc_com.o(i.MRC_Com_Init)
    MRC_Com_PackFbk                          0x0800765d   Thumb Code    66  mrc_com.o(i.MRC_Com_PackFbk)
    MRC_Com_Process                          0x080076a1   Thumb Code   166  drv_mrc.o(i.MRC_Com_Process)
    MRC_Com_SendFbk                          0x08007751   Thumb Code    36  mrc_com.o(i.MRC_Com_SendFbk)
    MRC_Com_UnpackCmd                        0x08007775   Thumb Code    72  mrc_com.o(i.MRC_Com_UnpackCmd)
    MRC_DebugCLI_Init                        0x080077cd   Thumb Code    52  mrc_debugcli.o(i.MRC_DebugCLI_Init)
    MRC_DebugCLI_Parse                       0x08007805   Thumb Code   632  mrc_debugcli.o(i.MRC_DebugCLI_Parse)
    MRC_DebugCLI_UART_IdleHandler            0x08007dc9   Thumb Code   192  mrc_debugcli.o(i.MRC_DebugCLI_UART_IdleHandler)
    MRC_Get_Coil_Current                     0x08007e99   Thumb Code    56  drv_mrc.o(i.MRC_Get_Coil_Current)
    MRC_Init                                 0x08007ee5   Thumb Code   404  drv_mrc.o(i.MRC_Init)
    MRC_Key1_Reaction                        0x08008335   Thumb Code   140  drv_mrc.o(i.MRC_Key1_Reaction)
    MRC_Key2_Reaction                        0x08008419   Thumb Code   140  drv_mrc.o(i.MRC_Key2_Reaction)
    MRC_SetCurrent                           0x080084fd   Thumb Code    12  drv_mrc.o(i.MRC_SetCurrent)
    MRC_StateMachine_CanSetCurrent           0x0800850d   Thumb Code    22  mrc_statemachine.o(i.MRC_StateMachine_CanSetCurrent)
    MRC_StateMachine_CanSetVoltage           0x08008523   Thumb Code    14  mrc_statemachine.o(i.MRC_StateMachine_CanSetVoltage)
    MRC_StateMachine_Init                    0x08008531   Thumb Code    28  mrc_statemachine.o(i.MRC_StateMachine_Init)
    MRC_StateMachine_SetDemagDuration        0x08008551   Thumb Code    20  mrc_statemachine.o(i.MRC_StateMachine_SetDemagDuration)
    MRC_StateMachine_SetMode                 0x08008565   Thumb Code    90  mrc_statemachine.o(i.MRC_StateMachine_SetMode)
    MRC_StateMachine_Task1ms                 0x080085c5   Thumb Code    84  mrc_statemachine.o(i.MRC_StateMachine_Task1ms)
    MRC_Update_Coil_Current                  0x0800861d   Thumb Code    42  drv_mrc.o(i.MRC_Update_Coil_Current)
    MRC_set_voltage                          0x08008649   Thumb Code    56  drv_mrc.o(i.MRC_set_voltage)
    MX_ADC1_Init                             0x0800868d   Thumb Code   142  adc.o(i.MX_ADC1_Init)
    MX_DMA_Init                              0x08008729   Thumb Code   168  dma.o(i.MX_DMA_Init)
    MX_GPIO_Init                             0x080087d5   Thumb Code   312  gpio.o(i.MX_GPIO_Init)
    MX_SPI4_Init                             0x08008925   Thumb Code    80  spi.o(i.MX_SPI4_Init)
    MX_TIM1_Init                             0x0800897d   Thumb Code   144  tim.o(i.MX_TIM1_Init)
    MX_TIM2_Init                             0x08008a15   Thumb Code   164  tim.o(i.MX_TIM2_Init)
    MX_TIM3_Init                             0x08008abd   Thumb Code   162  tim.o(i.MX_TIM3_Init)
    MX_TIM4_Init                             0x08008b69   Thumb Code    94  tim.o(i.MX_TIM4_Init)
    MX_TIM6_Init                             0x08008bd1   Thumb Code    62  tim.o(i.MX_TIM6_Init)
    MX_TIM7_Init                             0x08008c19   Thumb Code    62  tim.o(i.MX_TIM7_Init)
    MX_UART4_Init                            0x08008c61   Thumb Code    94  usart.o(i.MX_UART4_Init)
    MX_USART1_UART_Init                      0x08008cc9   Thumb Code    94  usart.o(i.MX_USART1_UART_Init)
    MX_USART2_UART_Init                      0x08008d31   Thumb Code    96  usart.o(i.MX_USART2_UART_Init)
    MemManage_Handler                        0x08008d9d   Thumb Code     2  stm32h7xx_it.o(i.MemManage_Handler)
    NMI_Handler                              0x08008d9f   Thumb Code     2  stm32h7xx_it.o(i.NMI_Handler)
    PID_Calculate                            0x08008da1   Thumb Code   198  pid_controller.o(i.PID_Calculate)
    PID_Init                                 0x08008e6d   Thumb Code    56  pid_controller.o(i.PID_Init)
    PendSV_Handler                           0x08008ea5   Thumb Code     2  stm32h7xx_it.o(i.PendSV_Handler)
    SPI4_IRQHandler                          0x080090e9   Thumb Code     6  stm32h7xx_it.o(i.SPI4_IRQHandler)
    SVC_Handler                              0x080091cb   Thumb Code     2  stm32h7xx_it.o(i.SVC_Handler)
    Set_PWM_Param                            0x080091cd   Thumb Code   218  drv_vnh7040.o(i.Set_PWM_Param)
    SimpleLowPassFilter_InitByCutoff         0x080092b1   Thumb Code    42  filter.o(i.SimpleLowPassFilter_InitByCutoff)
    SimpleLowPassFilter_Update               0x080092e1   Thumb Code    64  filter.o(i.SimpleLowPassFilter_Update)
    SysTick_Handler                          0x08009321   Thumb Code     4  stm32h7xx_it.o(i.SysTick_Handler)
    SystemClock_Config                       0x08009325   Thumb Code   212  main.o(i.SystemClock_Config)
    SystemInit                               0x08009405   Thumb Code   180  system_stm32h7xx.o(i.SystemInit)
    TIM1_CC_IRQHandler                       0x080094e1   Thumb Code     6  stm32h7xx_it.o(i.TIM1_CC_IRQHandler)
    TIM3_IRQHandler                          0x080094ed   Thumb Code     6  stm32h7xx_it.o(i.TIM3_IRQHandler)
    TIM4_IRQHandler                          0x080094f9   Thumb Code     6  stm32h7xx_it.o(i.TIM4_IRQHandler)
    TIM6_DAC_IRQHandler                      0x08009505   Thumb Code     6  stm32h7xx_it.o(i.TIM6_DAC_IRQHandler)
    TIM7_IRQHandler                          0x08009511   Thumb Code     6  stm32h7xx_it.o(i.TIM7_IRQHandler)
    TIM_Base_SetConfig                       0x0800951d   Thumb Code   176  stm32h7xx_hal_tim.o(i.TIM_Base_SetConfig)
    TIM_CCxChannelCmd                        0x080095ed   Thumb Code    26  stm32h7xx_hal_tim.o(i.TIM_CCxChannelCmd)
    TIM_ETR_SetConfig                        0x08009607   Thumb Code    18  stm32h7xx_hal_tim.o(i.TIM_ETR_SetConfig)
    TIM_OC2_SetConfig                        0x080096d1   Thumb Code   126  stm32h7xx_hal_tim.o(i.TIM_OC2_SetConfig)
    TIM_TI1_SetConfig                        0x08009985   Thumb Code   100  stm32h7xx_hal_tim.o(i.TIM_TI1_SetConfig)
    UART4_IRQHandler                         0x08009a61   Thumb Code     6  stm32h7xx_it.o(i.UART4_IRQHandler)
    UART_AdvFeatureConfig                    0x08009ab1   Thumb Code   200  stm32h7xx_hal_uart.o(i.UART_AdvFeatureConfig)
    UART_CheckIdleState                      0x08009b79   Thumb Code   170  stm32h7xx_hal_uart.o(i.UART_CheckIdleState)
    UART_SetConfig                           0x08009df5   Thumb Code   876  stm32h7xx_hal_uart.o(i.UART_SetConfig)
    UART_Start_Receive_DMA                   0x0800a1a1   Thumb Code   156  stm32h7xx_hal_uart.o(i.UART_Start_Receive_DMA)
    UART_WaitOnFlagUntilTimeout              0x0800a249   Thumb Code   148  stm32h7xx_hal_uart.o(i.UART_WaitOnFlagUntilTimeout)
    USART1_IRQHandler                        0x0800a2dd   Thumb Code    32  stm32h7xx_it.o(i.USART1_IRQHandler)
    USART2_IRQHandler                        0x0800a301   Thumb Code    82  stm32h7xx_it.o(i.USART2_IRQHandler)
    UsageFault_Handler                       0x0800a35d   Thumb Code     2  stm32h7xx_it.o(i.UsageFault_Handler)
    VNH7040_Set_Voltage                      0x0800a361   Thumb Code   154  drv_vnh7040.o(i.VNH7040_Set_Voltage)
    __0printf                                0x0800a409   Thumb Code    22  printfa.o(i.__0printf)
    __1printf                                0x0800a409   Thumb Code     0  printfa.o(i.__0printf)
    __2printf                                0x0800a409   Thumb Code     0  printfa.o(i.__0printf)
    __c89printf                              0x0800a409   Thumb Code     0  printfa.o(i.__0printf)
    printf                                   0x0800a409   Thumb Code     0  printfa.o(i.__0printf)
    __hardfp_atof                            0x0800a451   Thumb Code    44  atof.o(i.__hardfp_atof)
    __read_errno                             0x0800a489   Thumb Code     6  errno.o(i.__read_errno)
    __scatterload_copy                       0x0800a495   Thumb Code    14  handlers.o(i.__scatterload_copy)
    __scatterload_null                       0x0800a4a3   Thumb Code     2  handlers.o(i.__scatterload_null)
    __scatterload_zeroinit                   0x0800a4a5   Thumb Code    14  handlers.o(i.__scatterload_zeroinit)
    __set_errno                              0x0800a4b5   Thumb Code     6  errno.o(i.__set_errno)
    _is_digit                                0x0800a625   Thumb Code    14  scanf_fp.o(i._is_digit)
    crc_ccitt                                0x0800ad65   Thumb Code    32  crc_ccitt.o(i.crc_ccitt)
    drv_VNH7040_init                         0x0800ad89   Thumb Code    86  drv_vnh7040.o(i.drv_VNH7040_init)
    drv_encoder_init                         0x0800ae15   Thumb Code   162  drv_encoder.o(i.drv_encoder_init)
    drv_key_init                             0x0800aef5   Thumb Code    22  drv_key.o(i.drv_key_init)
    drv_led_init                             0x0800af25   Thumb Code    44  drv_led.o(i.drv_led_init)
    fputc                                    0x0800af69   Thumb Code    20  main.o(i.fputc)
    getHighResTime_ns                        0x0800af81   Thumb Code    42  sys_clock.o(i.getHighResTime_ns)
    led_on                                   0x0800afb1   Thumb Code    20  drv_led.o(i.led_on)
    led_toggle                               0x0800afc5   Thumb Code     8  drv_led.o(i.led_toggle)
    main                                     0x0800afcd   Thumb Code   246  main.o(i.main)
    crc_ccitt_table                          0x0800b0d0   Data         512  crc_ccitt.o(.constdata)
    voltage_lut                              0x0800b2d0   Data         408  drv_mrc.o(.constdata)
    UARTPrescTable                           0x0800b470   Data          24  stm32h7xx_hal_uart.o(.constdata)
    D1CorePrescTable                         0x0800b498   Data          16  system_stm32h7xx.o(.constdata)
    __ctype_categories                       0x0800b4a8   Data          64  ctype_c.o(.constdata)
    Region$$Table$$Base                      0x0800b610   Number         0  anon$$obj.o(Region$$Table)
    Region$$Table$$Limit                     0x0800b630   Number         0  anon$$obj.o(Region$$Table)
    ADC_BUFFER                               0x24000004   Data           4  drv_mrc.o(.data)
    prescaler                                0x24000008   Data           2  drv_vnh7040.o(.data)
    tim_clk_freq                             0x24000010   Data           8  drv_vnh7040.o(.data)
    uwTickFreq                               0x24000018   Data           1  stm32h7xx_hal.o(.data)
    uwTickPrio                               0x2400001c   Data           4  stm32h7xx_hal.o(.data)
    uwTick                                   0x24000020   Data           4  stm32h7xx_hal.o(.data)
    SystemCoreClock                          0x24000024   Data           4  system_stm32h7xx.o(.data)
    SystemD2Clock                            0x24000028   Data           4  system_stm32h7xx.o(.data)
    __stdout                                 0x2400002c   Data           4  stdout.o(.data)
    usart1_rx_buffer                         0x24000034   Data          64  mrc_debugcli.o(.bss)
    MRC                                      0x24000074   Data         429  main.o(.bss)
    hadc1                                    0x24000224   Data         100  adc.o(.bss)
    hdma_adc1                                0x24000288   Data         120  adc.o(.bss)
    hspi4                                    0x24000300   Data         136  spi.o(.bss)
    hdma_spi4_tx                             0x24000388   Data         120  spi.o(.bss)
    hdma_spi4_rx                             0x24000400   Data         120  spi.o(.bss)
    htim1                                    0x24000478   Data          76  tim.o(.bss)
    htim2                                    0x240004c4   Data          76  tim.o(.bss)
    htim3                                    0x24000510   Data          76  tim.o(.bss)
    htim4                                    0x2400055c   Data          76  tim.o(.bss)
    htim6                                    0x240005a8   Data          76  tim.o(.bss)
    htim7                                    0x240005f4   Data          76  tim.o(.bss)
    huart4                                   0x24000640   Data         148  usart.o(.bss)
    huart1                                   0x240006d4   Data         148  usart.o(.bss)
    huart2                                   0x24000768   Data         148  usart.o(.bss)
    hdma_uart4_rx                            0x240007fc   Data         120  usart.o(.bss)
    hdma_usart1_rx                           0x24000874   Data         120  usart.o(.bss)
    hdma_usart1_tx                           0x240008ec   Data         120  usart.o(.bss)
    hdma_usart2_rx                           0x24000964   Data         120  usart.o(.bss)
    hdma_usart2_tx                           0x240009dc   Data         120  usart.o(.bss)
    __initial_sp                             0x24000e58   Data           0  startup_stm32h750xx.o(STACK)



==============================================================================

Memory Map of the image

  Image Entry point : 0x08000299

  Load Region LR_IROM1 (Base: 0x08000000, Size: 0x0000b664, Max: 0x00020000, ABSOLUTE)

    Execution Region ER_IROM1 (Base: 0x08000000, Size: 0x0000b630, Max: 0x00020000, ABSOLUTE)

    Base Addr    Size         Type   Attr      Idx    E Section Name        Object

    0x08000000   0x00000298   Data   RO            3    RESET               startup_stm32h750xx.o
    0x08000298   0x00000000   Code   RO         6215  * .ARM.Collect$$$$00000000  mc_w.l(entry.o)
    0x08000298   0x00000004   Code   RO         6527    .ARM.Collect$$$$00000001  mc_w.l(entry2.o)
    0x0800029c   0x00000004   Code   RO         6530    .ARM.Collect$$$$00000004  mc_w.l(entry5.o)
    0x080002a0   0x00000000   Code   RO         6532    .ARM.Collect$$$$00000008  mc_w.l(entry7b.o)
    0x080002a0   0x00000000   Code   RO         6534    .ARM.Collect$$$$0000000A  mc_w.l(entry8b.o)
    0x080002a0   0x00000008   Code   RO         6535    .ARM.Collect$$$$0000000B  mc_w.l(entry9a.o)
    0x080002a8   0x00000000   Code   RO         6537    .ARM.Collect$$$$0000000D  mc_w.l(entry10a.o)
    0x080002a8   0x00000000   Code   RO         6539    .ARM.Collect$$$$0000000F  mc_w.l(entry11a.o)
    0x080002a8   0x00000004   Code   RO         6528    .ARM.Collect$$$$00002712  mc_w.l(entry2.o)
    0x080002ac   0x00000024   Code   RO            4    .text               startup_stm32h750xx.o
    0x080002d0   0x00000062   Code   RO         6218    .text               mc_w.l(uldiv.o)
    0x08000332   0x0000000c   Code   RO         6220    .text               mc_w.l(toupper.o)
    0x0800033e   0x00000024   Code   RO         6222    .text               mc_w.l(memcpya.o)
    0x08000362   0x00000024   Code   RO         6224    .text               mc_w.l(memseta.o)
    0x08000386   0x0000000e   Code   RO         6226    .text               mc_w.l(strlen.o)
    0x08000394   0x0000001c   Code   RO         6228    .text               mc_w.l(strcmp.o)
    0x080003b0   0x00000038   Code   RO         6521    .text               mc_w.l(__0sscanf.o)
    0x080003e8   0x000000e0   Code   RO         6523    .text               mc_w.l(_scanf_str.o)
    0x080004c8   0x0000001c   Code   RO         6525    .text               mf_w.l(ffltul.o)
    0x080004e4   0x0000002c   Code   RO         6542    .text               mc_w.l(uidiv.o)
    0x08000510   0x0000001e   Code   RO         6544    .text               mc_w.l(llshl.o)
    0x0800052e   0x00000020   Code   RO         6546    .text               mc_w.l(llushr.o)
    0x0800054e   0x00000002   PAD
    0x08000550   0x00000028   Code   RO         6557    .text               mc_w.l(scanf_char.o)
    0x08000578   0x00000040   Code   RO         6559    .text               mc_w.l(_sgetc.o)
    0x080005b8   0x0000009c   Code   RO         6561    .text               mc_w.l(strtod.o)
    0x08000654   0x00000000   Code   RO         6563    .text               mc_w.l(iusefp.o)
    0x08000654   0x0000006e   Code   RO         6564    .text               mf_w.l(fepilogue.o)
    0x080006c2   0x0000014e   Code   RO         6566    .text               mf_w.l(dadd.o)
    0x08000810   0x000000e4   Code   RO         6568    .text               mf_w.l(dmul.o)
    0x080008f4   0x000000de   Code   RO         6570    .text               mf_w.l(ddiv.o)
    0x080009d2   0x00000030   Code   RO         6572    .text               mf_w.l(dfixul.o)
    0x08000a02   0x00000002   PAD
    0x08000a04   0x00000030   Code   RO         6574    .text               mf_w.l(cdrcmple.o)
    0x08000a34   0x00000024   Code   RO         6576    .text               mc_w.l(init.o)
    0x08000a58   0x00000024   Code   RO         6578    .text               mc_w.l(llsshr.o)
    0x08000a7c   0x0000000a   Code   RO         6580    .text               mc_w.l(isspace_c.o)
    0x08000a86   0x00000002   PAD
    0x08000a88   0x0000032c   Code   RO         6582    .text               mc_w.l(_scanf.o)
    0x08000db4   0x00000338   Code   RO         6584    .text               mc_w.l(scanf_fp.o)
    0x080010ec   0x000000ba   Code   RO         6588    .text               mf_w.l(depilogue.o)
    0x080011a6   0x00000002   PAD
    0x080011a8   0x00000028   Code   RO         6590    .text               mc_w.l(ctype_c.o)
    0x080011d0   0x00000018   Code   RO         6593    .text               mf_w.l(dfltul.o)
    0x080011e8   0x00000038   Code   RO         6595    .text               mf_w.l(d2f.o)
    0x08001220   0x00000108   Code   RO         1304    i.ADC_ConfigureBoostMode  stm32h7xx_hal_adc.o
    0x08001328   0x00000068   Code   RO         1306    i.ADC_DMAConvCplt   stm32h7xx_hal_adc.o
    0x08001390   0x0000001a   Code   RO         1307    i.ADC_DMAError      stm32h7xx_hal_adc.o
    0x080013aa   0x0000000a   Code   RO         1308    i.ADC_DMAHalfConvCplt  stm32h7xx_hal_adc.o
    0x080013b4   0x00000070   Code   RO         1309    i.ADC_Disable       stm32h7xx_hal_adc.o
    0x08001424   0x000000a8   Code   RO         1310    i.ADC_Enable        stm32h7xx_hal_adc.o
    0x080014cc   0x0000002c   Code   RO         6096    i.BandPassFilter_Init  filter.o
    0x080014f8   0x00000002   Code   RO         1102    i.BusFault_Handler  stm32h7xx_it.o
    0x080014fa   0x00000002   PAD
    0x080014fc   0x0000007c   Code   RO          364    i.CalAngularVelocity  drv_encoder.o
    0x08001578   0x0000011c   Code   RO          365    i.CaptureDutyCycle  drv_encoder.o
    0x08001694   0x0000000c   Code   RO         1103    i.DMA1_Stream0_IRQHandler  stm32h7xx_it.o
    0x080016a0   0x0000000c   Code   RO         1104    i.DMA1_Stream1_IRQHandler  stm32h7xx_it.o
    0x080016ac   0x0000000c   Code   RO         1105    i.DMA1_Stream2_IRQHandler  stm32h7xx_it.o
    0x080016b8   0x0000000c   Code   RO         1106    i.DMA1_Stream3_IRQHandler  stm32h7xx_it.o
    0x080016c4   0x0000000c   Code   RO         1107    i.DMA1_Stream4_IRQHandler  stm32h7xx_it.o
    0x080016d0   0x0000000c   Code   RO         1108    i.DMA1_Stream5_IRQHandler  stm32h7xx_it.o
    0x080016dc   0x0000000c   Code   RO         1109    i.DMA2_Stream0_IRQHandler  stm32h7xx_it.o
    0x080016e8   0x0000000c   Code   RO         1110    i.DMA2_Stream1_IRQHandler  stm32h7xx_it.o
    0x080016f4   0x000000b4   Code   RO         2375    i.DMA_CalcBaseAndBitshift  stm32h7xx_hal_dma.o
    0x080017a8   0x0000009c   Code   RO         2376    i.DMA_CalcDMAMUXChannelBaseAndMask  stm32h7xx_hal_dma.o
    0x08001844   0x00000074   Code   RO         2377    i.DMA_CalcDMAMUXRequestGenBaseAndMask  stm32h7xx_hal_dma.o
    0x080018b8   0x00000054   Code   RO         2378    i.DMA_CheckFifoParam  stm32h7xx_hal_dma.o
    0x0800190c   0x00000220   Code   RO         2379    i.DMA_SetConfig     stm32h7xx_hal_dma.o
    0x08001b2c   0x00000002   Code   RO         1111    i.DebugMon_Handler  stm32h7xx_it.o
    0x08001b2e   0x00000002   PAD
    0x08001b30   0x0000007c   Code   RO          366    i.Encoder_Calculate_From_Capture  drv_encoder.o
    0x08001bac   0x000000c4   Code   RO          367    i.Encoder_Calibrate_n_Filter  drv_encoder.o
    0x08001c70   0x00000008   Code   RO          369    i.Encoder_PWM_Start_ReadAngle  drv_encoder.o
    0x08001c78   0x00000004   Code   RO          767    i.Error_Handler     main.o
    0x08001c7c   0x00000020   Code   RO         6098    i.FirstOrder_KalmanFilter_Init  filter.o
    0x08001c9c   0x0000009c   Code   RO         1526    i.HAL_ADCEx_Calibration_Start  stm32h7xx_hal_adc_ex.o
    0x08001d38   0x00000124   Code   RO         1546    i.HAL_ADCEx_MultiModeConfigChannel  stm32h7xx_hal_adc_ex.o
    0x08001e5c   0x000003d4   Code   RO         1312    i.HAL_ADC_ConfigChannel  stm32h7xx_hal_adc.o
    0x08002230   0x00000002   Code   RO         1313    i.HAL_ADC_ConvCpltCallback  stm32h7xx_hal_adc.o
    0x08002232   0x00000002   Code   RO         1314    i.HAL_ADC_ConvHalfCpltCallback  stm32h7xx_hal_adc.o
    0x08002234   0x00000002   Code   RO         1316    i.HAL_ADC_ErrorCallback  stm32h7xx_hal_adc.o
    0x08002236   0x00000002   PAD
    0x08002238   0x00000228   Code   RO         1321    i.HAL_ADC_Init      stm32h7xx_hal_adc.o
    0x08002460   0x000000d8   Code   RO          863    i.HAL_ADC_MspInit   adc.o
    0x08002538   0x00000108   Code   RO         1328    i.HAL_ADC_Start_DMA  stm32h7xx_hal_adc.o
    0x08002640   0x00000360   Code   RO         2380    i.HAL_DMA_Abort     stm32h7xx_hal_dma.o
    0x080029a0   0x00000284   Code   RO         2381    i.HAL_DMA_Abort_IT  stm32h7xx_hal_dma.o
    0x08002c24   0x00000004   Code   RO         2383    i.HAL_DMA_GetError  stm32h7xx_hal_dma.o
    0x08002c28   0x000006e8   Code   RO         2385    i.HAL_DMA_IRQHandler  stm32h7xx_hal_dma.o
    0x08003310   0x000003c4   Code   RO         2386    i.HAL_DMA_Init      stm32h7xx_hal_dma.o
    0x080036d4   0x0000029c   Code   RO         2390    i.HAL_DMA_Start_IT  stm32h7xx_hal_dma.o
    0x08003970   0x0000022c   Code   RO         2228    i.HAL_GPIO_Init     stm32h7xx_hal_gpio.o
    0x08003b9c   0x0000000a   Code   RO         2230    i.HAL_GPIO_ReadPin  stm32h7xx_hal_gpio.o
    0x08003ba6   0x00000010   Code   RO         2231    i.HAL_GPIO_TogglePin  stm32h7xx_hal_gpio.o
    0x08003bb6   0x0000000a   Code   RO         2232    i.HAL_GPIO_WritePin  stm32h7xx_hal_gpio.o
    0x08003bc0   0x0000000c   Code   RO         3253    i.HAL_GetREVID      stm32h7xx_hal.o
    0x08003bcc   0x0000000c   Code   RO         3254    i.HAL_GetTick       stm32h7xx_hal.o
    0x08003bd8   0x00000010   Code   RO         3260    i.HAL_IncTick       stm32h7xx_hal.o
    0x08003be8   0x0000005c   Code   RO         3261    i.HAL_Init          stm32h7xx_hal.o
    0x08003c44   0x00000040   Code   RO         3262    i.HAL_InitTick      stm32h7xx_hal.o
    0x08003c84   0x0000005c   Code   RO         3083    i.HAL_MPU_ConfigRegion  stm32h7xx_hal_cortex.o
    0x08003ce0   0x0000001c   Code   RO         3084    i.HAL_MPU_Disable   stm32h7xx_hal_cortex.o
    0x08003cfc   0x00000024   Code   RO         3086    i.HAL_MPU_Enable    stm32h7xx_hal_cortex.o
    0x08003d20   0x0000001c   Code   RO         1280    i.HAL_MspInit       stm32h7xx_hal_msp.o
    0x08003d3c   0x0000001a   Code   RO         3090    i.HAL_NVIC_EnableIRQ  stm32h7xx_hal_cortex.o
    0x08003d56   0x00000002   PAD
    0x08003d58   0x00000040   Code   RO         3096    i.HAL_NVIC_SetPriority  stm32h7xx_hal_cortex.o
    0x08003d98   0x00000024   Code   RO         3097    i.HAL_NVIC_SetPriorityGrouping  stm32h7xx_hal_cortex.o
    0x08003dbc   0x00000054   Code   RO         2829    i.HAL_PWREx_ConfigSupply  stm32h7xx_hal_pwr_ex.o
    0x08003e10   0x00000024   Code   RO         1871    i.HAL_RCCEx_GetD3PCLK1Freq  stm32h7xx_hal_rcc_ex.o
    0x08003e34   0x00000148   Code   RO         1872    i.HAL_RCCEx_GetPLL1ClockFreq  stm32h7xx_hal_rcc_ex.o
    0x08003f7c   0x00000144   Code   RO         1873    i.HAL_RCCEx_GetPLL2ClockFreq  stm32h7xx_hal_rcc_ex.o
    0x080040c0   0x00000144   Code   RO         1874    i.HAL_RCCEx_GetPLL3ClockFreq  stm32h7xx_hal_rcc_ex.o
    0x08004204   0x000002c8   Code   RO         1876    i.HAL_RCCEx_GetPeriphCLKFreq  stm32h7xx_hal_rcc_ex.o
    0x080044cc   0x000009ac   Code   RO         1880    i.HAL_RCCEx_PeriphCLKConfig  stm32h7xx_hal_rcc_ex.o
    0x08004e78   0x0000025c   Code   RO         1756    i.HAL_RCC_ClockConfig  stm32h7xx_hal_rcc.o
    0x080050d4   0x00000044   Code   RO         1761    i.HAL_RCC_GetHCLKFreq  stm32h7xx_hal_rcc.o
    0x08005118   0x00000024   Code   RO         1763    i.HAL_RCC_GetPCLK1Freq  stm32h7xx_hal_rcc.o
    0x0800513c   0x00000024   Code   RO         1764    i.HAL_RCC_GetPCLK2Freq  stm32h7xx_hal_rcc.o
    0x08005160   0x00000138   Code   RO         1765    i.HAL_RCC_GetSysClockFreq  stm32h7xx_hal_rcc.o
    0x08005298   0x00000582   Code   RO         1768    i.HAL_RCC_OscConfig  stm32h7xx_hal_rcc.o
    0x0800581a   0x00000002   PAD
    0x0800581c   0x0000008c   Code   RO         5900    i.HAL_RS485Ex_Init  stm32h7xx_hal_uart_ex.o
    0x080058a8   0x00000002   Code   RO         4152    i.HAL_SPI_ErrorCallback  stm32h7xx_hal_spi.o
    0x080058aa   0x00000002   PAD
    0x080058ac   0x0000021c   Code   RO         4155    i.HAL_SPI_IRQHandler  stm32h7xx_hal_spi.o
    0x08005ac8   0x0000017c   Code   RO         4156    i.HAL_SPI_Init      stm32h7xx_hal_spi.o
    0x08005c44   0x00000104   Code   RO          929    i.HAL_SPI_MspInit   spi.o
    0x08005d48   0x00000002   Code   RO         4162    i.HAL_SPI_RxCpltCallback  stm32h7xx_hal_spi.o
    0x08005d4a   0x00000002   Code   RO         4164    i.HAL_SPI_SuspendCallback  stm32h7xx_hal_spi.o
    0x08005d4c   0x00000002   Code   RO         4171    i.HAL_SPI_TxCpltCallback  stm32h7xx_hal_spi.o
    0x08005d4e   0x00000002   Code   RO         4173    i.HAL_SPI_TxRxCpltCallback  stm32h7xx_hal_spi.o
    0x08005d50   0x00000026   Code   RO         3101    i.HAL_SYSTICK_Config  stm32h7xx_hal_cortex.o
    0x08005d76   0x00000002   Code   RO         5190    i.HAL_TIMEx_Break2Callback  stm32h7xx_hal_tim_ex.o
    0x08005d78   0x00000002   Code   RO         5191    i.HAL_TIMEx_BreakCallback  stm32h7xx_hal_tim_ex.o
    0x08005d7a   0x00000002   Code   RO         5192    i.HAL_TIMEx_CommutCallback  stm32h7xx_hal_tim_ex.o
    0x08005d7c   0x000000a4   Code   RO         5212    i.HAL_TIMEx_MasterConfigSynchronization  stm32h7xx_hal_tim_ex.o
    0x08005e20   0x00000062   Code   RO         4476    i.HAL_TIM_Base_Init  stm32h7xx_hal_tim.o
    0x08005e82   0x00000002   PAD
    0x08005e84   0x00000138   Code   RO          971    i.HAL_TIM_Base_MspInit  tim.o
    0x08005fbc   0x0000008c   Code   RO         4481    i.HAL_TIM_Base_Start_IT  stm32h7xx_hal_tim.o
    0x08006048   0x000000fc   Code   RO         4485    i.HAL_TIM_ConfigClockSource  stm32h7xx_hal_tim.o
    0x08006144   0x00000020   Code   RO          768    i.HAL_TIM_IC_CaptureCallback  main.o
    0x08006164   0x00000122   Code   RO         4512    i.HAL_TIM_IC_ConfigChannel  stm32h7xx_hal_tim.o
    0x08006286   0x00000062   Code   RO         4515    i.HAL_TIM_IC_Init   stm32h7xx_hal_tim.o
    0x080062e8   0x00000002   Code   RO         4517    i.HAL_TIM_IC_MspInit  stm32h7xx_hal_tim.o
    0x080062ea   0x00000002   PAD
    0x080062ec   0x00000144   Code   RO         4520    i.HAL_TIM_IC_Start_IT  stm32h7xx_hal_tim.o
    0x08006430   0x000000b6   Code   RO         4523    i.HAL_TIM_IC_Stop_IT  stm32h7xx_hal_tim.o
    0x080064e6   0x00000148   Code   RO         4524    i.HAL_TIM_IRQHandler  stm32h7xx_hal_tim.o
    0x0800662e   0x00000002   PAD
    0x08006630   0x00000080   Code   RO          972    i.HAL_TIM_MspPostInit  tim.o
    0x080066b0   0x00000002   Code   RO         4527    i.HAL_TIM_OC_DelayElapsedCallback  stm32h7xx_hal_tim.o
    0x080066b2   0x00000124   Code   RO         4548    i.HAL_TIM_PWM_ConfigChannel  stm32h7xx_hal_tim.o
    0x080067d6   0x00000062   Code   RO         4551    i.HAL_TIM_PWM_Init  stm32h7xx_hal_tim.o
    0x08006838   0x00000002   Code   RO         4553    i.HAL_TIM_PWM_MspInit  stm32h7xx_hal_tim.o
    0x0800683a   0x00000002   Code   RO         4554    i.HAL_TIM_PWM_PulseFinishedCallback  stm32h7xx_hal_tim.o
    0x0800683c   0x00000110   Code   RO         4556    i.HAL_TIM_PWM_Start  stm32h7xx_hal_tim.o
    0x0800694c   0x00000044   Code   RO          769    i.HAL_TIM_PeriodElapsedCallback  main.o
    0x08006990   0x0000002c   Code   RO         4564    i.HAL_TIM_ReadCapturedValue  stm32h7xx_hal_tim.o
    0x080069bc   0x00000002   Code   RO         4567    i.HAL_TIM_TriggerCallback  stm32h7xx_hal_tim.o
    0x080069be   0x00000040   Code   RO         5901    i.HAL_UARTEx_DisableFifoMode  stm32h7xx_hal_uart_ex.o
    0x080069fe   0x00000002   Code   RO         5490    i.HAL_UARTEx_RxEventCallback  stm32h7xx_hal_uart.o
    0x08006a00   0x00000002   Code   RO         5909    i.HAL_UARTEx_RxFifoFullCallback  stm32h7xx_hal_uart_ex.o
    0x08006a02   0x0000004c   Code   RO         5910    i.HAL_UARTEx_SetRxFifoThreshold  stm32h7xx_hal_uart_ex.o
    0x08006a4e   0x0000004c   Code   RO         5911    i.HAL_UARTEx_SetTxFifoThreshold  stm32h7xx_hal_uart_ex.o
    0x08006a9a   0x00000002   Code   RO         5913    i.HAL_UARTEx_TxFifoEmptyCallback  stm32h7xx_hal_uart_ex.o
    0x08006a9c   0x00000002   Code   RO         5914    i.HAL_UARTEx_WakeupCallback  stm32h7xx_hal_uart_ex.o
    0x08006a9e   0x00000092   Code   RO         5502    i.HAL_UART_DMAStop  stm32h7xx_hal_uart.o
    0x08006b30   0x00000002   Code   RO         5506    i.HAL_UART_ErrorCallback  stm32h7xx_hal_uart.o
    0x08006b32   0x00000002   PAD
    0x08006b34   0x00000388   Code   RO         5509    i.HAL_UART_IRQHandler  stm32h7xx_hal_uart.o
    0x08006ebc   0x0000006a   Code   RO         5510    i.HAL_UART_Init     stm32h7xx_hal_uart.o
    0x08006f26   0x00000002   PAD
    0x08006f28   0x000002c8   Code   RO         1049    i.HAL_UART_MspInit  usart.o
    0x080071f0   0x00000048   Code   RO         5514    i.HAL_UART_Receive_DMA  stm32h7xx_hal_uart.o
    0x08007238   0x00000002   Code   RO         5517    i.HAL_UART_RxCpltCallback  stm32h7xx_hal_uart.o
    0x0800723a   0x00000002   Code   RO         5518    i.HAL_UART_RxHalfCpltCallback  stm32h7xx_hal_uart.o
    0x0800723c   0x000000b0   Code   RO         5519    i.HAL_UART_Transmit  stm32h7xx_hal_uart.o
    0x080072ec   0x00000090   Code   RO         5520    i.HAL_UART_Transmit_DMA  stm32h7xx_hal_uart.o
    0x0800737c   0x00000002   Code   RO         5522    i.HAL_UART_TxCpltCallback  stm32h7xx_hal_uart.o
    0x0800737e   0x00000002   Code   RO         5523    i.HAL_UART_TxHalfCpltCallback  stm32h7xx_hal_uart.o
    0x08007380   0x00000002   Code   RO         1112    i.HardFault_Handler  stm32h7xx_it.o
    0x08007382   0x00000002   PAD
    0x08007384   0x0000003c   Code   RO         6100    i.HighPassFilter_Init  filter.o
    0x080073c0   0x00000050   Code   RO          439    i.Keyscan           drv_key.o
    0x08007410   0x00000008   Code   RO         1333    i.LL_ADC_INJ_IsConversionOngoing  stm32h7xx_hal_adc.o
    0x08007418   0x00000008   Code   RO         1334    i.LL_ADC_REG_IsConversionOngoing  stm32h7xx_hal_adc.o
    0x08007420   0x00000008   Code   RO         1556    i.LL_ADC_REG_IsConversionOngoing  stm32h7xx_hal_adc_ex.o
    0x08007428   0x00000010   Code   RO         1335    i.LL_ADC_REG_IsTriggerSourceSWStart  stm32h7xx_hal_adc.o
    0x08007438   0x0000001e   Code   RO         1337    i.LL_ADC_SetChannelSamplingTime  stm32h7xx_hal_adc.o
    0x08007456   0x00000002   PAD
    0x08007458   0x00000084   Code   RO           50    i.LookupMeasuredVoltageByTarget  drv_mrc.o
    0x080074dc   0x0000003c   Code   RO         6101    i.LowPassFilter_Init  filter.o
    0x08007518   0x000000c0   Code   RO           51    i.MRC_CoilCurrentControl_Update  drv_mrc.o
    0x080075d8   0x00000084   Code   RO          598    i.MRC_Com_Init      mrc_com.o
    0x0800765c   0x00000042   Code   RO          600    i.MRC_Com_PackFbk   mrc_com.o
    0x0800769e   0x00000002   PAD
    0x080076a0   0x000000b0   Code   RO           52    i.MRC_Com_Process   drv_mrc.o
    0x08007750   0x00000024   Code   RO          602    i.MRC_Com_SendFbk   mrc_com.o
    0x08007774   0x00000058   Code   RO          603    i.MRC_Com_UnpackCmd  mrc_com.o
    0x080077cc   0x00000038   Code   RO          652    i.MRC_DebugCLI_Init  mrc_debugcli.o
    0x08007804   0x000005c4   Code   RO          653    i.MRC_DebugCLI_Parse  mrc_debugcli.o
    0x08007dc8   0x000000d0   Code   RO          654    i.MRC_DebugCLI_UART_IdleHandler  mrc_debugcli.o
    0x08007e98   0x0000004c   Code   RO           53    i.MRC_Get_Coil_Current  drv_mrc.o
    0x08007ee4   0x00000450   Code   RO           54    i.MRC_Init          drv_mrc.o
    0x08008334   0x000000e4   Code   RO           55    i.MRC_Key1_Reaction  drv_mrc.o
    0x08008418   0x000000e4   Code   RO           56    i.MRC_Key2_Reaction  drv_mrc.o
    0x080084fc   0x00000010   Code   RO           57    i.MRC_SetCurrent    drv_mrc.o
    0x0800850c   0x00000016   Code   RO          705    i.MRC_StateMachine_CanSetCurrent  mrc_statemachine.o
    0x08008522   0x0000000e   Code   RO          706    i.MRC_StateMachine_CanSetVoltage  mrc_statemachine.o
    0x08008530   0x00000020   Code   RO          707    i.MRC_StateMachine_Init  mrc_statemachine.o
    0x08008550   0x00000014   Code   RO          710    i.MRC_StateMachine_SetDemagDuration  mrc_statemachine.o
    0x08008564   0x00000060   Code   RO          711    i.MRC_StateMachine_SetMode  mrc_statemachine.o
    0x080085c4   0x00000058   Code   RO          712    i.MRC_StateMachine_Task1ms  mrc_statemachine.o
    0x0800861c   0x0000002a   Code   RO           58    i.MRC_Update_Coil_Current  drv_mrc.o
    0x08008646   0x00000002   PAD
    0x08008648   0x00000044   Code   RO           60    i.MRC_set_voltage   drv_mrc.o
    0x0800868c   0x0000009c   Code   RO          864    i.MX_ADC1_Init      adc.o
    0x08008728   0x000000ac   Code   RO          904    i.MX_DMA_Init       dma.o
    0x080087d4   0x00000150   Code   RO          838    i.MX_GPIO_Init      gpio.o
    0x08008924   0x00000058   Code   RO          930    i.MX_SPI4_Init      spi.o
    0x0800897c   0x00000098   Code   RO          973    i.MX_TIM1_Init      tim.o
    0x08008a14   0x000000a8   Code   RO          974    i.MX_TIM2_Init      tim.o
    0x08008abc   0x000000ac   Code   RO          975    i.MX_TIM3_Init      tim.o
    0x08008b68   0x00000068   Code   RO          976    i.MX_TIM4_Init      tim.o
    0x08008bd0   0x00000048   Code   RO          977    i.MX_TIM6_Init      tim.o
    0x08008c18   0x00000048   Code   RO          978    i.MX_TIM7_Init      tim.o
    0x08008c60   0x00000068   Code   RO         1050    i.MX_UART4_Init     usart.o
    0x08008cc8   0x00000068   Code   RO         1051    i.MX_USART1_UART_Init  usart.o
    0x08008d30   0x0000006c   Code   RO         1052    i.MX_USART2_UART_Init  usart.o
    0x08008d9c   0x00000002   Code   RO         1113    i.MemManage_Handler  stm32h7xx_it.o
    0x08008d9e   0x00000002   Code   RO         1114    i.NMI_Handler       stm32h7xx_it.o
    0x08008da0   0x000000cc   Code   RO         6053    i.PID_Calculate     pid_controller.o
    0x08008e6c   0x00000038   Code   RO         6054    i.PID_Init          pid_controller.o
    0x08008ea4   0x00000002   Code   RO         1115    i.PendSV_Handler    stm32h7xx_it.o
    0x08008ea6   0x00000002   PAD
    0x08008ea8   0x00000120   Code   RO         1883    i.RCCEx_PLL2_Config  stm32h7xx_hal_rcc_ex.o
    0x08008fc8   0x00000120   Code   RO         1884    i.RCCEx_PLL3_Config  stm32h7xx_hal_rcc_ex.o
    0x080090e8   0x0000000c   Code   RO         1116    i.SPI4_IRQHandler   stm32h7xx_it.o
    0x080090f4   0x000000bc   Code   RO         4176    i.SPI_CloseTransfer  stm32h7xx_hal_spi.o
    0x080091b0   0x0000001a   Code   RO         4177    i.SPI_DMAAbortOnError  stm32h7xx_hal_spi.o
    0x080091ca   0x00000002   Code   RO         1117    i.SVC_Handler       stm32h7xx_it.o
    0x080091cc   0x000000e4   Code   RO          511    i.Set_PWM_Param     drv_vnh7040.o
    0x080092b0   0x00000030   Code   RO         6103    i.SimpleLowPassFilter_InitByCutoff  filter.o
    0x080092e0   0x00000040   Code   RO         6104    i.SimpleLowPassFilter_Update  filter.o
    0x08009320   0x00000004   Code   RO         1118    i.SysTick_Handler   stm32h7xx_it.o
    0x08009324   0x000000e0   Code   RO          770    i.SystemClock_Config  main.o
    0x08009404   0x000000dc   Code   RO         6020    i.SystemInit        system_stm32h7xx.o
    0x080094e0   0x0000000c   Code   RO         1119    i.TIM1_CC_IRQHandler  stm32h7xx_it.o
    0x080094ec   0x0000000c   Code   RO         1120    i.TIM3_IRQHandler   stm32h7xx_it.o
    0x080094f8   0x0000000c   Code   RO         1121    i.TIM4_IRQHandler   stm32h7xx_it.o
    0x08009504   0x0000000c   Code   RO         1122    i.TIM6_DAC_IRQHandler  stm32h7xx_it.o
    0x08009510   0x0000000c   Code   RO         1123    i.TIM7_IRQHandler   stm32h7xx_it.o
    0x0800951c   0x000000d0   Code   RO         4569    i.TIM_Base_SetConfig  stm32h7xx_hal_tim.o
    0x080095ec   0x0000001a   Code   RO         4570    i.TIM_CCxChannelCmd  stm32h7xx_hal_tim.o
    0x08009606   0x00000012   Code   RO         4580    i.TIM_ETR_SetConfig  stm32h7xx_hal_tim.o
    0x08009618   0x00000014   Code   RO         4581    i.TIM_ITRx_SetConfig  stm32h7xx_hal_tim.o
    0x0800962c   0x000000a4   Code   RO         4582    i.TIM_OC1_SetConfig  stm32h7xx_hal_tim.o
    0x080096d0   0x00000098   Code   RO         4583    i.TIM_OC2_SetConfig  stm32h7xx_hal_tim.o
    0x08009768   0x00000098   Code   RO         4584    i.TIM_OC3_SetConfig  stm32h7xx_hal_tim.o
    0x08009800   0x00000078   Code   RO         4585    i.TIM_OC4_SetConfig  stm32h7xx_hal_tim.o
    0x08009878   0x00000074   Code   RO         4586    i.TIM_OC5_SetConfig  stm32h7xx_hal_tim.o
    0x080098ec   0x00000074   Code   RO         4587    i.TIM_OC6_SetConfig  stm32h7xx_hal_tim.o
    0x08009960   0x00000022   Code   RO         4589    i.TIM_TI1_ConfigInputStage  stm32h7xx_hal_tim.o
    0x08009982   0x00000002   PAD
    0x08009984   0x00000080   Code   RO         4590    i.TIM_TI1_SetConfig  stm32h7xx_hal_tim.o
    0x08009a04   0x00000024   Code   RO         4591    i.TIM_TI2_ConfigInputStage  stm32h7xx_hal_tim.o
    0x08009a28   0x00000036   Code   RO         4592    i.TIM_TI2_SetConfig  stm32h7xx_hal_tim.o
    0x08009a5e   0x00000002   PAD
    0x08009a60   0x0000000c   Code   RO         1124    i.UART4_IRQHandler  stm32h7xx_it.o
    0x08009a6c   0x00000044   Code   RO         5915    i.UARTEx_SetNbDataToProcess  stm32h7xx_hal_uart_ex.o
    0x08009ab0   0x000000c8   Code   RO         5524    i.UART_AdvFeatureConfig  stm32h7xx_hal_uart.o
    0x08009b78   0x000000aa   Code   RO         5525    i.UART_CheckIdleState  stm32h7xx_hal_uart.o
    0x08009c22   0x00000014   Code   RO         5526    i.UART_DMAAbortOnError  stm32h7xx_hal_uart.o
    0x08009c36   0x0000004e   Code   RO         5527    i.UART_DMAError     stm32h7xx_hal_uart.o
    0x08009c84   0x00000082   Code   RO         5528    i.UART_DMAReceiveCplt  stm32h7xx_hal_uart.o
    0x08009d06   0x00000020   Code   RO         5530    i.UART_DMARxHalfCplt  stm32h7xx_hal_uart.o
    0x08009d26   0x00000040   Code   RO         5532    i.UART_DMATransmitCplt  stm32h7xx_hal_uart.o
    0x08009d66   0x0000000a   Code   RO         5534    i.UART_DMATxHalfCplt  stm32h7xx_hal_uart.o
    0x08009d70   0x00000054   Code   RO         5536    i.UART_EndRxTransfer  stm32h7xx_hal_uart.o
    0x08009dc4   0x0000002e   Code   RO         5537    i.UART_EndTxTransfer  stm32h7xx_hal_uart.o
    0x08009df2   0x00000002   PAD
    0x08009df4   0x000003ac   Code   RO         5542    i.UART_SetConfig    stm32h7xx_hal_uart.o
    0x0800a1a0   0x000000a8   Code   RO         5543    i.UART_Start_Receive_DMA  stm32h7xx_hal_uart.o
    0x0800a248   0x00000094   Code   RO         5549    i.UART_WaitOnFlagUntilTimeout  stm32h7xx_hal_uart.o
    0x0800a2dc   0x00000024   Code   RO         1125    i.USART1_IRQHandler  stm32h7xx_it.o
    0x0800a300   0x0000005c   Code   RO         1126    i.USART2_IRQHandler  stm32h7xx_it.o
    0x0800a35c   0x00000002   Code   RO         1127    i.UsageFault_Handler  stm32h7xx_it.o
    0x0800a35e   0x00000002   PAD
    0x0800a360   0x000000a8   Code   RO          512    i.VNH7040_Set_Voltage  drv_vnh7040.o
    0x0800a408   0x00000020   Code   RO         6465    i.__0printf         mc_w.l(printfa.o)
    0x0800a428   0x00000022   Code   RO         3103    i.__NVIC_SetPriority  stm32h7xx_hal_cortex.o
    0x0800a44a   0x00000006   PAD
    0x0800a450   0x00000038   Code   RO         6209    i.__hardfp_atof     m_wv.l(atof.o)
    0x0800a488   0x0000000c   Code   RO         6551    i.__read_errno      mc_w.l(errno.o)
    0x0800a494   0x0000000e   Code   RO         6599    i.__scatterload_copy  mc_w.l(handlers.o)
    0x0800a4a2   0x00000002   Code   RO         6600    i.__scatterload_null  mc_w.l(handlers.o)
    0x0800a4a4   0x0000000e   Code   RO         6601    i.__scatterload_zeroinit  mc_w.l(handlers.o)
    0x0800a4b2   0x00000002   PAD
    0x0800a4b4   0x0000000c   Code   RO         6552    i.__set_errno       mc_w.l(errno.o)
    0x0800a4c0   0x00000164   Code   RO         6472    i._fp_digits        mc_w.l(printfa.o)
    0x0800a624   0x0000000e   Code   RO         6586    i._is_digit         mc_w.l(scanf_fp.o)
    0x0800a632   0x00000002   PAD
    0x0800a634   0x000006dc   Code   RO         6473    i._printf_core      mc_w.l(printfa.o)
    0x0800ad10   0x00000024   Code   RO         6474    i._printf_post_padding  mc_w.l(printfa.o)
    0x0800ad34   0x0000002e   Code   RO         6475    i._printf_pre_padding  mc_w.l(printfa.o)
    0x0800ad62   0x00000002   PAD
    0x0800ad64   0x00000024   Code   RO           26    i.crc_ccitt         crc_ccitt.o
    0x0800ad88   0x0000008c   Code   RO          513    i.drv_VNH7040_init  drv_vnh7040.o
    0x0800ae14   0x000000e0   Code   RO          371    i.drv_encoder_init  drv_encoder.o
    0x0800aef4   0x00000030   Code   RO          440    i.drv_key_init      drv_key.o
    0x0800af24   0x00000044   Code   RO          469    i.drv_led_init      drv_led.o
    0x0800af68   0x00000018   Code   RO          771    i.fputc             main.o
    0x0800af80   0x00000030   Code   RO         6183    i.getHighResTime_ns  sys_clock.o
    0x0800afb0   0x00000014   Code   RO          471    i.led_on            drv_led.o
    0x0800afc4   0x00000008   Code   RO          472    i.led_toggle        drv_led.o
    0x0800afcc   0x00000104   Code   RO          772    i.main              main.o
    0x0800b0d0   0x00000200   Data   RO           27    .constdata          crc_ccitt.o
    0x0800b2d0   0x00000198   Data   RO           61    .constdata          drv_mrc.o
    0x0800b468   0x00000008   Data   RO         2392    .constdata          stm32h7xx_hal_dma.o
    0x0800b470   0x00000018   Data   RO         5550    .constdata          stm32h7xx_hal_uart.o
    0x0800b488   0x00000010   Data   RO         5916    .constdata          stm32h7xx_hal_uart_ex.o
    0x0800b498   0x00000010   Data   RO         6021    .constdata          system_stm32h7xx.o
    0x0800b4a8   0x00000040   Data   RO         6591    .constdata          mc_w.l(ctype_c.o)
    0x0800b4e8   0x00000090   Data   RO           63    .conststring        drv_mrc.o
    0x0800b578   0x00000096   Data   RO          656    .conststring        mrc_debugcli.o
    0x0800b60e   0x00000002   PAD
    0x0800b610   0x00000020   Data   RO         6597    Region$$Table       anon$$obj.o


    Execution Region RW_IRAM1 (Base: 0x20000000, Size: 0x00000000, Max: 0x00020000, ABSOLUTE)

    **** No section assigned to this execution region ****


    Execution Region RW_IRAM2 (Base: 0x24000000, Size: 0x00000e58, Max: 0x00080000, ABSOLUTE)

    Base Addr    Size         Type   Attr      Idx    E Section Name        Object

    0x24000000   0x00000008   Data   RW           64    .data               drv_mrc.o
    0x24000008   0x00000010   Data   RW          514    .data               drv_vnh7040.o
    0x24000018   0x0000000c   Data   RW         3283    .data               stm32h7xx_hal.o
    0x24000024   0x00000008   Data   RW         6022    .data               system_stm32h7xx.o
    0x2400002c   0x00000004   Data   RW         6541    .data               mc_w.l(stdout.o)
    0x24000030   0x00000004   Data   RW         6553    .data               mc_w.l(errno.o)
    0x24000034   0x00000040   Zero   RW          655    .bss                mrc_debugcli.o
    0x24000074   0x000001ad   Zero   RW          773    .bss                main.o
    0x24000221   0x00000003   PAD
    0x24000224   0x000000dc   Zero   RW          865    .bss                adc.o
    0x24000300   0x00000178   Zero   RW          931    .bss                spi.o
    0x24000478   0x000001c8   Zero   RW          979    .bss                tim.o
    0x24000640   0x00000414   Zero   RW         1053    .bss                usart.o
    0x24000a54   0x00000004   PAD
    0x24000a58   0x00000400   Zero   RW            1    STACK               startup_stm32h750xx.o


==============================================================================

Image component sizes


      Code (inc. data)   RO Data    RW Data    ZI Data      Debug   Object Name

       372         36          0          0        220       2051   adc.o
         0          0          0          0          0       1444   array_user.o
        36          4        512          0          0       4482   crc_ccitt.o
       172          4          0          0          0        894   dma.o
       960         94          0          0          0       5218   drv_encoder.o
       128         26          0          0          0       1665   drv_key.o
        96         24          0          0          0       2169   drv_led.o
      2262        958        552          8          0    1360003   drv_mrc.o
       536         78          0         16          0       3418   drv_vnh7040.o
       308         22          0          0          0       8632   filter.o
       336         24          0          0          0       1127   gpio.o
       612         52          0          0        429       4519   main.o
       322         16          0          0          0       3487   mrc_com.o
      1740        864        150          0         64       5497   mrc_debugcli.o
       272         14          0          0          0       4208   mrc_statemachine.o
       260          6          0          0          0       2271   pid_controller.o
       348         30          0          0        376       2047   spi.o
        36          8        664          0       1024        852   startup_stm32h750xx.o
       196         40          0         12          0      22812   stm32h7xx_hal.o
      2548        210          0          0          0      76412   stm32h7xx_hal_adc.o
       456         32          0          0          0      64261   stm32h7xx_hal_adc_ex.o
       354         28          0          0          0      41933   stm32h7xx_hal_cortex.o
      5992        246          8          0          0      12593   stm32h7xx_hal_dma.o
       592         50          0          0          0       3580   stm32h7xx_hal_gpio.o
        28          6          0          0          0        846   stm32h7xx_hal_msp.o
        84          6          0          0          0        805   stm32h7xx_hal_pwr_ex.o
      2466        102          0          0          0       7168   stm32h7xx_hal_rcc.o
      4776        172          0          0          0      10603   stm32h7xx_hal_rcc_ex.o
      1144         18          0          0          0       7219   stm32h7xx_hal_spi.o
      3772        334          0          0          0      25506   stm32h7xx_hal_tim.o
       170         30          0          0          0       3200   stm32h7xx_hal_tim_ex.o
      3650        168         24          0          0      40713   stm32h7xx_hal_uart.o
       430         10         16          0          0       6533   stm32h7xx_hal_uart_ex.o
       328        104          0          0          0      12780   stm32h7xx_it.o
        48          6          0          0          0        752   sys_clock.o
       220         40         16          8          0       1438   system_stm32h7xx.o
      1180        102          0          0        456       6401   tim.o
         0          0          0          0          0       4631   trajectory.o
      1028         76          0          0       1044       4036   usart.o

    ----------------------------------------------------------------------
     38304       4040       1976         44       3620    1768206   Object Totals
         0          0         32          0          0          0   (incl. Generated)
        46          0          2          0          7          0   (incl. Padding)

    ----------------------------------------------------------------------

      Code (inc. data)   RO Data    RW Data    ZI Data      Debug   Library Member Name

        56         12          0          0          0        132   atof.o
        56          8          0          0          0         84   __0sscanf.o
       812          4          0          0          0        112   _scanf.o
       224          0          0          0          0         96   _scanf_str.o
        64          0          0          0          0         84   _sgetc.o
        40          6         64          0          0         68   ctype_c.o
         0          0          0          0          0          0   entry.o
         0          0          0          0          0          0   entry10a.o
         0          0          0          0          0          0   entry11a.o
         8          4          0          0          0          0   entry2.o
         4          0          0          0          0          0   entry5.o
         0          0          0          0          0          0   entry7b.o
         0          0          0          0          0          0   entry8b.o
         8          4          0          0          0          0   entry9a.o
        24         12          0          4          0        136   errno.o
        30          0          0          0          0          0   handlers.o
        36          8          0          0          0         68   init.o
        10          0          0          0          0         68   isspace_c.o
         0          0          0          0          0          0   iusefp.o
        30          0          0          0          0         68   llshl.o
        36          0          0          0          0         68   llsshr.o
        32          0          0          0          0         68   llushr.o
        36          0          0          0          0         68   memcpya.o
        36          0          0          0          0        108   memseta.o
      2226         90          0          0          0        444   printfa.o
        40          8          0          0          0         84   scanf_char.o
       838         12          0          0          0        216   scanf_fp.o
         0          0          0          4          0          0   stdout.o
        28          0          0          0          0         76   strcmp.o
        14          0          0          0          0         68   strlen.o
       156         14          0          0          0        120   strtod.o
        12          0          0          0          0         68   toupper.o
        44          0          0          0          0         80   uidiv.o
        98          0          0          0          0         92   uldiv.o
        48          0          0          0          0         68   cdrcmple.o
        56          0          0          0          0         88   d2f.o
       334          0          0          0          0        148   dadd.o
       222          0          0          0          0        100   ddiv.o
       186          0          0          0          0        176   depilogue.o
        48          0          0          0          0         68   dfixul.o
        24          0          0          0          0         76   dfltul.o
       228          0          0          0          0         96   dmul.o
       110          0          0          0          0        168   fepilogue.o
        28          0          0          0          0         84   ffltul.o

    ----------------------------------------------------------------------
      6296        182         64          8          0       3548   Library Totals
        14          0          0          0          0          0   (incl. Padding)

    ----------------------------------------------------------------------

      Code (inc. data)   RO Data    RW Data    ZI Data      Debug   Library Name

        56         12          0          0          0        132   m_wv.l
      4942        170         64          8          0       2344   mc_w.l
      1284          0          0          0          0       1072   mf_w.l

    ----------------------------------------------------------------------
      6296        182         64          8          0       3548   Library Totals

    ----------------------------------------------------------------------

==============================================================================


      Code (inc. data)   RO Data    RW Data    ZI Data      Debug   

     44600       4222       2040         52       3620    1747890   Grand Totals
     44600       4222       2040         52       3620    1747890   ELF Image Totals
     44600       4222       2040         52          0          0   ROM Totals

==============================================================================

    Total RO  Size (Code + RO Data)                46640 (  45.55kB)
    Total RW  Size (RW Data + ZI Data)              3672 (   3.59kB)
    Total ROM Size (Code + RO Data + RW Data)      46692 (  45.60kB)

==============================================================================

