Component: ARM Compiler 5.06 update 1 (build 61) Tool: armlink [4d35a8]

==============================================================================

Section Cross References

    startup_stm32h750xx.o(RESET) refers to startup_stm32h750xx.o(STACK) for __initial_sp
    startup_stm32h750xx.o(RESET) refers to startup_stm32h750xx.o(.text) for Reset_Handler
    startup_stm32h750xx.o(RESET) refers to stm32h7xx_it.o(i.NMI_Handler) for NMI_Handler
    startup_stm32h750xx.o(RESET) refers to stm32h7xx_it.o(i.HardFault_Handler) for HardFault_Handler
    startup_stm32h750xx.o(RESET) refers to stm32h7xx_it.o(i.MemManage_Handler) for MemManage_Handler
    startup_stm32h750xx.o(RESET) refers to stm32h7xx_it.o(i.BusFault_Handler) for BusFault_Handler
    startup_stm32h750xx.o(RESET) refers to stm32h7xx_it.o(i.UsageFault_Handler) for UsageFault_Handler
    startup_stm32h750xx.o(RESET) refers to stm32h7xx_it.o(i.SVC_Handler) for SVC_Handler
    startup_stm32h750xx.o(RESET) refers to stm32h7xx_it.o(i.DebugMon_Handler) for DebugMon_Handler
    startup_stm32h750xx.o(RESET) refers to stm32h7xx_it.o(i.PendSV_Handler) for PendSV_Handler
    startup_stm32h750xx.o(RESET) refers to stm32h7xx_it.o(i.SysTick_Handler) for SysTick_Handler
    startup_stm32h750xx.o(RESET) refers to stm32h7xx_it.o(i.DMA1_Stream0_IRQHandler) for DMA1_Stream0_IRQHandler
    startup_stm32h750xx.o(RESET) refers to stm32h7xx_it.o(i.DMA1_Stream1_IRQHandler) for DMA1_Stream1_IRQHandler
    startup_stm32h750xx.o(RESET) refers to stm32h7xx_it.o(i.DMA1_Stream2_IRQHandler) for DMA1_Stream2_IRQHandler
    startup_stm32h750xx.o(RESET) refers to stm32h7xx_it.o(i.DMA1_Stream3_IRQHandler) for DMA1_Stream3_IRQHandler
    startup_stm32h750xx.o(RESET) refers to stm32h7xx_it.o(i.DMA1_Stream4_IRQHandler) for DMA1_Stream4_IRQHandler
    startup_stm32h750xx.o(RESET) refers to stm32h7xx_it.o(i.DMA1_Stream5_IRQHandler) for DMA1_Stream5_IRQHandler
    startup_stm32h750xx.o(RESET) refers to stm32h7xx_it.o(i.TIM1_CC_IRQHandler) for TIM1_CC_IRQHandler
    startup_stm32h750xx.o(RESET) refers to stm32h7xx_it.o(i.TIM3_IRQHandler) for TIM3_IRQHandler
    startup_stm32h750xx.o(RESET) refers to stm32h7xx_it.o(i.TIM4_IRQHandler) for TIM4_IRQHandler
    startup_stm32h750xx.o(RESET) refers to stm32h7xx_it.o(i.USART1_IRQHandler) for USART1_IRQHandler
    startup_stm32h750xx.o(RESET) refers to stm32h7xx_it.o(i.USART2_IRQHandler) for USART2_IRQHandler
    startup_stm32h750xx.o(RESET) refers to stm32h7xx_it.o(i.UART4_IRQHandler) for UART4_IRQHandler
    startup_stm32h750xx.o(RESET) refers to stm32h7xx_it.o(i.TIM6_DAC_IRQHandler) for TIM6_DAC_IRQHandler
    startup_stm32h750xx.o(RESET) refers to stm32h7xx_it.o(i.TIM7_IRQHandler) for TIM7_IRQHandler
    startup_stm32h750xx.o(RESET) refers to stm32h7xx_it.o(i.DMA2_Stream0_IRQHandler) for DMA2_Stream0_IRQHandler
    startup_stm32h750xx.o(RESET) refers to stm32h7xx_it.o(i.DMA2_Stream1_IRQHandler) for DMA2_Stream1_IRQHandler
    startup_stm32h750xx.o(RESET) refers to stm32h7xx_it.o(i.SPI4_IRQHandler) for SPI4_IRQHandler
    startup_stm32h750xx.o(.text) refers to system_stm32h7xx.o(i.SystemInit) for SystemInit
    startup_stm32h750xx.o(.text) refers to entry.o(.ARM.Collect$$$$00000000) for __main
    crc_ccitt.o(i.crc_ccitt) refers to crc_ccitt.o(.constdata) for .constdata
    drv_mrc.o(i.LookupMeasuredVoltageByTarget) refers to drv_mrc.o(.constdata) for .constdata
    drv_mrc.o(i.MRC_CoilCurrentControl_Update) refers to pid_controller.o(i.PID_Calculate) for PID_Calculate
    drv_mrc.o(i.MRC_CoilCurrentControl_Update) refers to drv_mrc.o(i.LookupMeasuredVoltageByTarget) for LookupMeasuredVoltageByTarget
    drv_mrc.o(i.MRC_CoilCurrentControl_Update) refers to drv_vnh7040.o(i.VNH7040_Set_Voltage) for VNH7040_Set_Voltage
    drv_mrc.o(i.MRC_CoilCurrentControl_Update) refers to drv_mrc.o(.data) for .data
    drv_mrc.o(i.MRC_Com_Process) refers to mrc_com.o(i.MRC_Com_UnpackCmd) for MRC_Com_UnpackCmd
    drv_mrc.o(i.MRC_Com_Process) refers to drv_mrc.o(i.MRC_SetMode) for MRC_SetMode
    drv_mrc.o(i.MRC_Com_Process) refers to mrc_com.o(i.MRC_Com_PackFbk) for MRC_Com_PackFbk
    drv_mrc.o(i.MRC_Com_Process) refers to mrc_com.o(i.MRC_Com_SendFbk) for MRC_Com_SendFbk
    drv_mrc.o(i.MRC_Get_Coil_Current) refers to drv_mrc.o(.data) for .data
    drv_mrc.o(i.MRC_Init) refers to mrc_com.o(i.MRC_Com_Init) for MRC_Com_Init
    drv_mrc.o(i.MRC_Init) refers to printfa.o(i.__0printf) for __2printf
    drv_mrc.o(i.MRC_Init) refers to drv_led.o(i.drv_led_init) for drv_led_init
    drv_mrc.o(i.MRC_Init) refers to drv_key.o(i.drv_key_init) for drv_key_init
    drv_mrc.o(i.MRC_Init) refers to drv_encoder.o(i.drv_encoder_init) for drv_encoder_init
    drv_mrc.o(i.MRC_Init) refers to drv_vnh7040.o(i.drv_VNH7040_init) for drv_VNH7040_init
    drv_mrc.o(i.MRC_Init) refers to pid_controller.o(i.PID_Init) for PID_Init
    drv_mrc.o(i.MRC_Init) refers to stm32h7xx_hal_tim.o(i.HAL_TIM_Base_Start_IT) for HAL_TIM_Base_Start_IT
[...]
    _printf_longlong_dec                     0x00000000   Number         0  stubs.o ABSOLUTE
    _printf_longlong_hex                     0x00000000   Number         0  stubs.o ABSOLUTE
    _printf_longlong_oct                     0x00000000   Number         0  stubs.o ABSOLUTE
    _printf_ls                               0x00000000   Number         0  stubs.o ABSOLUTE
    _printf_mbtowc                           0x00000000   Number         0  stubs.o ABSOLUTE
    _printf_n                                0x00000000   Number         0  stubs.o ABSOLUTE
    _printf_o                                0x00000000   Number         0  stubs.o ABSOLUTE
    _printf_p                                0x00000000   Number         0  stubs.o ABSOLUTE
    _printf_percent                          0x00000000   Number         0  stubs.o ABSOLUTE
    _printf_pre_padding                      0x00000000   Number         0  stubs.o ABSOLUTE
    _printf_return_value                     0x00000000   Number         0  stubs.o ABSOLUTE
    _printf_s                                0x00000000   Number         0  stubs.o ABSOLUTE
    _printf_sizespec                         0x00000000   Number         0  stubs.o ABSOLUTE
    _printf_str                              0x00000000   Number         0  stubs.o ABSOLUTE
    _printf_truncate_signed                  0x00000000   Number         0  stubs.o ABSOLUTE
    _printf_truncate_unsigned                0x00000000   Number         0  stubs.o ABSOLUTE
    _printf_u                                0x00000000   Number         0  stubs.o ABSOLUTE
    _printf_wc                               0x00000000   Number         0  stubs.o ABSOLUTE
    _printf_wctomb                           0x00000000   Number         0  stubs.o ABSOLUTE
    _printf_widthprec                        0x00000000   Number         0  stubs.o ABSOLUTE
    _printf_x                                0x00000000   Number         0  stubs.o ABSOLUTE
    __cpp_initialize__aeabi_                  - Undefined Weak Reference
    __cxa_finalize                            - Undefined Weak Reference
    __decompress                              - Undefined Weak Reference
    _clock_init                               - Undefined Weak Reference
    _microlib_exit                            - Undefined Weak Reference
    _scanf_int                                - Undefined Weak Reference
    _scanf_longlong                           - Undefined Weak Reference
    __Vectors_Size                           0x00000298   Number         0  startup_stm32h750xx.o ABSOLUTE
    __Vectors                                0x08000000   Data           4  startup_stm32h750xx.o(RESET)
    __Vectors_End                            0x08000298   Data           0  startup_stm32h750xx.o(RESET)
    __main                                   0x08000299   Thumb Code     0  entry.o(.ARM.Collect$$$$00000000)
    _main_stk                                0x08000299   Thumb Code     0  entry2.o(.ARM.Collect$$$$00000001)
    _main_scatterload                        0x0800029d   Thumb Code     0  entry5.o(.ARM.Collect$$$$00000004)
    __main_after_scatterload                 0x080002a1   Thumb Code     0  entry5.o(.ARM.Collect$$$$00000004)
    _main_clock                              0x080002a1   Thumb Code     0  entry7b.o(.ARM.Collect$$$$00000008)
    _main_cpp_init                           0x080002a1   Thumb Code     0  entry8b.o(.ARM.Collect$$$$0000000A)
    _main_init                               0x080002a1   Thumb Code     0  entry9a.o(.ARM.Collect$$$$0000000B)
    __rt_final_cpp                           0x080002a9   Thumb Code     0  entry10a.o(.ARM.Collect$$$$0000000D)
    __rt_final_exit                          0x080002a9   Thumb Code     0  entry11a.o(.ARM.Collect$$$$0000000F)
    Reset_Handler                            0x080002ad   Thumb Code     8  startup_stm32h750xx.o(.text)
    ADC3_IRQHandler                          0x080002c7   Thumb Code     0  startup_stm32h750xx.o(.text)
    ADC_IRQHandler                           0x080002c7   Thumb Code     0  startup_stm32h750xx.o(.text)
    BDMA_Channel0_IRQHandler                 0x080002c7   Thumb Code     0  startup_stm32h750xx.o(.text)
    BDMA_Channel1_IRQHandler                 0x080002c7   Thumb Code     0  startup_stm32h750xx.o(.text)
    BDMA_Channel2_IRQHandler                 0x080002c7   Thumb Code     0  startup_stm32h750xx.o(.text)
    BDMA_Channel3_IRQHandler                 0x080002c7   Thumb Code     0  startup_stm32h750xx.o(.text)
    BDMA_Channel4_IRQHandler                 0x080002c7   Thumb Code     0  startup_stm32h750xx.o(.text)
    BDMA_Channel5_IRQHandler                 0x080002c7   Thumb Code     0  startup_stm32h750xx.o(.text)
    BDMA_Channel6_IRQHandler                 0x080002c7   Thumb Code     0  startup_stm32h750xx.o(.text)
    BDMA_Channel7_IRQHandler                 0x080002c7   Thumb Code     0  startup_stm32h750xx.o(.text)
    CEC_IRQHandler                           0x080002c7   Thumb Code     0  startup_stm32h750xx.o(.text)
    COMP1_IRQHandler                         0x080002c7   Thumb Code     0  startup_stm32h750xx.o(.text)
    CRS_IRQHandler                           0x080002c7   Thumb Code     0  startup_stm32h750xx.o(.text)
    CRYP_IRQHandler                          0x080002c7   Thumb Code     0  startup_stm32h750xx.o(.text)
    DCMI_IRQHandler                          0x080002c7   Thumb Code     0  startup_stm32h750xx.o(.text)
    DFSDM1_FLT0_IRQHandler                   0x080002c7   Thumb Code     0  startup_stm32h750xx.o(.text)
    DFSDM1_FLT1_IRQHandler                   0x080002c7   Thumb Code     0  startup_stm32h750xx.o(.text)
    DFSDM1_FLT2_IRQHandler                   0x080002c7   Thumb Code     0  startup_stm32h750xx.o(.text)
    DFSDM1_FLT3_IRQHandler                   0x080002c7   Thumb Code     0  startup_stm32h750xx.o(.text)
    DMA1_Stream6_IRQHandler                  0x080002c7   Thumb Code     0  startup_stm32h750xx.o(.text)
    DMA1_Stream7_IRQHandler                  0x080002c7   Thumb Code     0  startup_stm32h750xx.o(.text)
    DMA2D_IRQHandler                         0x080002c7   Thumb Code     0  startup_stm32h750xx.o(.text)
    DMA2_Stream2_IRQHandler                  0x080002c7   Thumb Code     0  startup_stm32h750xx.o(.text)
    DMA2_Stream3_IRQHandler                  0x080002c7   Thumb Code     0  startup_stm32h750xx.o(.text)
    DMA2_Stream4_IRQHandler                  0x080002c7   Thumb Code     0  startup_stm32h750xx.o(.text)
    DMA2_Stream5_IRQHandler                  0x080002c7   Thumb Code     0  startup_stm32h750xx.o(.text)
    DMA2_Stream6_IRQHandler                  0x080002c7   Thumb Code     0  startup_stm32h750xx.o(.text)
    DMA2_Stream7_IRQHandler                  0x080002c7   Thumb Code     0  startup_stm32h750xx.o(.text)
    DMAMUX1_OVR_IRQHandler                   0x080002c7   Thumb Code     0  startup_stm32h750xx.o(.text)
    DMAMUX2_OVR_IRQHandler                   0x080002c7   Thumb Code     0  startup_stm32h750xx.o(.text)
    ECC_IRQHandler                           0x080002c7   Thumb Code     0  startup_stm32h750xx.o(.text)
    ETH_IRQHandler                           0x080002c7   Thumb Code     0  startup_stm32h750xx.o(.text)
    ETH_WKUP_IRQHandler                      0x080002c7   Thumb Code     0  startup_stm32h750xx.o(.text)
    EXTI0_IRQHandler                         0x080002c7   Thumb Code     0  startup_stm32h750xx.o(.text)
    EXTI15_10_IRQHandler                     0x080002c7   Thumb Code     0  startup_stm32h750xx.o(.text)
    EXTI1_IRQHandler                         0x080002c7   Thumb Code     0  startup_stm32h750xx.o(.text)
    EXTI2_IRQHandler                         0x080002c7   Thumb Code     0  startup_stm32h750xx.o(.text)
    EXTI3_IRQHandler                         0x080002c7   Thumb Code     0  startup_stm32h750xx.o(.text)
    EXTI4_IRQHandler                         0x080002c7   Thumb Code     0  startup_stm32h750xx.o(.text)
    EXTI9_5_IRQHandler                       0x080002c7   Thumb Code     0  startup_stm32h750xx.o(.text)
    FDCAN1_IT0_IRQHandler                    0x080002c7   Thumb Code     0  startup_stm32h750xx.o(.text)
    FDCAN1_IT1_IRQHandler                    0x080002c7   Thumb Code     0  startup_stm32h750xx.o(.text)
    FDCAN2_IT0_IRQHandler                    0x080002c7   Thumb Code     0  startup_stm32h750xx.o(.text)
    FDCAN2_IT1_IRQHandler                    0x080002c7   Thumb Code     0  startup_stm32h750xx.o(.text)
    FDCAN_CAL_IRQHandler                     0x080002c7   Thumb Code     0  startup_stm32h750xx.o(.text)
    FLASH_IRQHandler                         0x080002c7   Thumb Code     0  startup_stm32h750xx.o(.text)
    FMC_IRQHandler                           0x080002c7   Thumb Code     0  startup_stm32h750xx.o(.text)
    FPU_IRQHandler                           0x080002c7   Thumb Code     0  startup_stm32h750xx.o(.text)
    HASH_RNG_IRQHandler                      0x080002c7   Thumb Code     0  startup_stm32h750xx.o(.text)
    HRTIM1_FLT_IRQHandler                    0x080002c7   Thumb Code     0  startup_stm32h750xx.o(.text)
    HRTIM1_Master_IRQHandler                 0x080002c7   Thumb Code     0  startup_stm32h750xx.o(.text)
    HRTIM1_TIMA_IRQHandler                   0x080002c7   Thumb Code     0  startup_stm32h750xx.o(.text)
    HRTIM1_TIMB_IRQHandler                   0x080002c7   Thumb Code     0  startup_stm32h750xx.o(.text)
    HRTIM1_TIMC_IRQHandler                   0x080002c7   Thumb Code     0  startup_stm32h750xx.o(.text)
    HRTIM1_TIMD_IRQHandler                   0x080002c7   Thumb Code     0  startup_stm32h750xx.o(.text)
    HRTIM1_TIME_IRQHandler                   0x080002c7   Thumb Code     0  startup_stm32h750xx.o(.text)
    HSEM1_IRQHandler                         0x080002c7   Thumb Code     0  startup_stm32h750xx.o(.text)
    I2C1_ER_IRQHandler                       0x080002c7   Thumb Code     0  startup_stm32h750xx.o(.text)
    I2C1_EV_IRQHandler                       0x080002c7   Thumb Code     0  startup_stm32h750xx.o(.text)
    I2C2_ER_IRQHandler                       0x080002c7   Thumb Code     0  startup_stm32h750xx.o(.text)
    I2C2_EV_IRQHandler                       0x080002c7   Thumb Code     0  startup_stm32h750xx.o(.text)
    I2C3_ER_IRQHandler                       0x080002c7   Thumb Code     0  startup_stm32h750xx.o(.text)
    I2C3_EV_IRQHandler                       0x080002c7   Thumb Code     0  startup_stm32h750xx.o(.text)
    I2C4_ER_IRQHandler                       0x080002c7   Thumb Code     0  startup_stm32h750xx.o(.text)
    I2C4_EV_IRQHandler                       0x080002c7   Thumb Code     0  startup_stm32h750xx.o(.text)
    JPEG_IRQHandler                          0x080002c7   Thumb Code     0  startup_stm32h750xx.o(.text)
    LPTIM1_IRQHandler                        0x080002c7   Thumb Code     0  startup_stm32h750xx.o(.text)
    LPTIM2_IRQHandler                        0x080002c7   Thumb Code     0  startup_stm32h750xx.o(.text)
    LPTIM3_IRQHandler                        0x080002c7   Thumb Code     0  startup_stm32h750xx.o(.text)
    LPTIM4_IRQHandler                        0x080002c7   Thumb Code     0  startup_stm32h750xx.o(.text)
    LPTIM5_IRQHandler                        0x080002c7   Thumb Code     0  startup_stm32h750xx.o(.text)
    LPUART1_IRQHandler                       0x080002c7   Thumb Code     0  startup_stm32h750xx.o(.text)
    LTDC_ER_IRQHandler                       0x080002c7   Thumb Code     0  startup_stm32h750xx.o(.text)
    LTDC_IRQHandler                          0x080002c7   Thumb Code     0  startup_stm32h750xx.o(.text)
    MDIOS_IRQHandler                         0x080002c7   Thumb Code     0  startup_stm32h750xx.o(.text)
    MDIOS_WKUP_IRQHandler                    0x080002c7   Thumb Code     0  startup_stm32h750xx.o(.text)
    MDMA_IRQHandler                          0x080002c7   Thumb Code     0  startup_stm32h750xx.o(.text)
    OTG_FS_EP1_IN_IRQHandler                 0x080002c7   Thumb Code     0  startup_stm32h750xx.o(.text)
    OTG_FS_EP1_OUT_IRQHandler                0x080002c7   Thumb Code     0  startup_stm32h750xx.o(.text)
    OTG_FS_IRQHandler                        0x080002c7   Thumb Code     0  startup_stm32h750xx.o(.text)
    OTG_FS_WKUP_IRQHandler                   0x080002c7   Thumb Code     0  startup_stm32h750xx.o(.text)
    OTG_HS_EP1_IN_IRQHandler                 0x080002c7   Thumb Code     0  startup_stm32h750xx.o(.text)
    OTG_HS_EP1_OUT_IRQHandler                0x080002c7   Thumb Code     0  startup_stm32h750xx.o(.text)
    OTG_HS_IRQHandler                        0x080002c7   Thumb Code     0  startup_stm32h750xx.o(.text)
    OTG_HS_WKUP_IRQHandler                   0x080002c7   Thumb Code     0  startup_stm32h750xx.o(.text)
    PVD_AVD_IRQHandler                       0x080002c7   Thumb Code     0  startup_stm32h750xx.o(.text)
    QUADSPI_IRQHandler                       0x080002c7   Thumb Code     0  startup_stm32h750xx.o(.text)
    RCC_IRQHandler                           0x080002c7   Thumb Code     0  startup_stm32h750xx.o(.text)
    RTC_Alarm_IRQHandler                     0x080002c7   Thumb Code     0  startup_stm32h750xx.o(.text)
    RTC_WKUP_IRQHandler                      0x080002c7   Thumb Code     0  startup_stm32h750xx.o(.text)
    SAI1_IRQHandler                          0x080002c7   Thumb Code     0  startup_stm32h750xx.o(.text)
    SAI2_IRQHandler                          0x080002c7   Thumb Code     0  startup_stm32h750xx.o(.text)
    SAI3_IRQHandler                          0x080002c7   Thumb Code     0  startup_stm32h750xx.o(.text)
    SAI4_IRQHandler                          0x080002c7   Thumb Code     0  startup_stm32h750xx.o(.text)
    SDMMC1_IRQHandler                        0x080002c7   Thumb Code     0  startup_stm32h750xx.o(.text)
    SDMMC2_IRQHandler                        0x080002c7   Thumb Code     0  startup_stm32h750xx.o(.text)
    SPDIF_RX_IRQHandler                      0x080002c7   Thumb Code     0  startup_stm32h750xx.o(.text)
    SPI1_IRQHandler                          0x080002c7   Thumb Code     0  startup_stm32h750xx.o(.text)
    SPI2_IRQHandler                          0x080002c7   Thumb Code     0  startup_stm32h750xx.o(.text)
    SPI3_IRQHandler                          0x080002c7   Thumb Code     0  startup_stm32h750xx.o(.text)
    SPI5_IRQHandler                          0x080002c7   Thumb Code     0  startup_stm32h750xx.o(.text)
    SPI6_IRQHandler                          0x080002c7   Thumb Code     0  startup_stm32h750xx.o(.text)
    SWPMI1_IRQHandler                        0x080002c7   Thumb Code     0  startup_stm32h750xx.o(.text)
    TAMP_STAMP_IRQHandler                    0x080002c7   Thumb Code     0  startup_stm32h750xx.o(.text)
    TIM15_IRQHandler                         0x080002c7   Thumb Code     0  startup_stm32h750xx.o(.text)
    TIM16_IRQHandler                         0x080002c7   Thumb Code     0  startup_stm32h750xx.o(.text)
    TIM17_IRQHandler                         0x080002c7   Thumb Code     0  startup_stm32h750xx.o(.text)
    TIM1_BRK_IRQHandler                      0x080002c7   Thumb Code     0  startup_stm32h750xx.o(.text)
    TIM1_TRG_COM_IRQHandler                  0x080002c7   Thumb Code     0  startup_stm32h750xx.o(.text)
    TIM1_UP_IRQHandler                       0x080002c7   Thumb Code     0  startup_stm32h750xx.o(.text)
    TIM2_IRQHandler                          0x080002c7   Thumb Code     0  startup_stm32h750xx.o(.text)
    TIM5_IRQHandler                          0x080002c7   Thumb Code     0  startup_stm32h750xx.o(.text)
    TIM8_BRK_TIM12_IRQHandler                0x080002c7   Thumb Code     0  startup_stm32h750xx.o(.text)
    TIM8_CC_IRQHandler                       0x080002c7   Thumb Code     0  startup_stm32h750xx.o(.text)
    TIM8_TRG_COM_TIM14_IRQHandler            0x080002c7   Thumb Code     0  startup_stm32h750xx.o(.text)
    TIM8_UP_TIM13_IRQHandler                 0x080002c7   Thumb Code     0  startup_stm32h750xx.o(.text)
    UART5_IRQHandler                         0x080002c7   Thumb Code     0  startup_stm32h750xx.o(.text)
    UART7_IRQHandler                         0x080002c7   Thumb Code     0  startup_stm32h750xx.o(.text)
    UART8_IRQHandler                         0x080002c7   Thumb Code     0  startup_stm32h750xx.o(.text)
    USART3_IRQHandler                        0x080002c7   Thumb Code     0  startup_stm32h750xx.o(.text)
    USART6_IRQHandler                        0x080002c7   Thumb Code     0  startup_stm32h750xx.o(.text)
    WAKEUP_PIN_IRQHandler                    0x080002c7   Thumb Code     0  startup_stm32h750xx.o(.text)
    WWDG_IRQHandler                          0x080002c7   Thumb Code     0  startup_stm32h750xx.o(.text)
    __aeabi_uldivmod                         0x080002d1   Thumb Code    98  uldiv.o(.text)
    toupper                                  0x08000333   Thumb Code    12  toupper.o(.text)
    __aeabi_memcpy                           0x0800033f   Thumb Code    36  memcpya.o(.text)
    __aeabi_memcpy4                          0x0800033f   Thumb Code     0  memcpya.o(.text)
    __aeabi_memcpy8                          0x0800033f   Thumb Code     0  memcpya.o(.text)
    __aeabi_memset                           0x08000363   Thumb Code    14  memseta.o(.text)
    __aeabi_memset4                          0x08000363   Thumb Code     0  memseta.o(.text)
    __aeabi_memset8                          0x08000363   Thumb Code     0  memseta.o(.text)
    __aeabi_memclr                           0x08000371   Thumb Code     4  memseta.o(.text)
    __aeabi_memclr4                          0x08000371   Thumb Code     0  memseta.o(.text)
    __aeabi_memclr8                          0x08000371   Thumb Code     0  memseta.o(.text)
    _memset$wrapper                          0x08000375   Thumb Code    18  memseta.o(.text)
    strlen                                   0x08000387   Thumb Code    14  strlen.o(.text)
    strcmp                                   0x08000395   Thumb Code    28  strcmp.o(.text)
    __0sscanf                                0x080003b1   Thumb Code    48  __0sscanf.o(.text)
    _scanf_string                            0x080003e9   Thumb Code   224  _scanf_str.o(.text)
    __aeabi_ul2f                             0x080004c9   Thumb Code    28  ffltul.o(.text)
    __aeabi_uidiv                            0x080004e5   Thumb Code     0  uidiv.o(.text)
    __aeabi_uidivmod                         0x080004e5   Thumb Code    44  uidiv.o(.text)
    __aeabi_llsl                             0x08000511   Thumb Code    30  llshl.o(.text)
    _ll_shift_l                              0x08000511   Thumb Code     0  llshl.o(.text)
    __aeabi_llsr                             0x0800052f   Thumb Code    32  llushr.o(.text)
    _ll_ushift_r                             0x0800052f   Thumb Code     0  llushr.o(.text)
    __vfscanf_char                           0x0800055d   Thumb Code    20  scanf_char.o(.text)
    _sgetc                                   0x08000579   Thumb Code    30  _sgetc.o(.text)
    _sbackspace                              0x08000597   Thumb Code    34  _sgetc.o(.text)
    __strtod_int                             0x080005ef   Thumb Code    88  strtod.o(.text)
    __I$use$fp                               0x08000655   Thumb Code     0  iusefp.o(.text)
    _float_round                             0x08000655   Thumb Code    18  fepilogue.o(.text)
    _float_epilogue                          0x08000667   Thumb Code    92  fepilogue.o(.text)
    __aeabi_dadd                             0x080006c3   Thumb Code   322  dadd.o(.text)
    __aeabi_dsub                             0x08000805   Thumb Code     6  dadd.o(.text)
    __aeabi_drsub                            0x0800080b   Thumb Code     6  dadd.o(.text)
    __aeabi_dmul                             0x08000811   Thumb Code   228  dmul.o(.text)
    __aeabi_ddiv                             0x080008f5   Thumb Code   222  ddiv.o(.text)
    __aeabi_d2ulz                            0x080009d3   Thumb Code    48  dfixul.o(.text)
    __aeabi_cdrcmple                         0x08000a05   Thumb Code    48  cdrcmple.o(.text)
    __scatterload                            0x08000a35   Thumb Code    28  init.o(.text)
    __scatterload_rt2                        0x08000a35   Thumb Code     0  init.o(.text)
    __aeabi_lasr                             0x08000a59   Thumb Code    36  llsshr.o(.text)
    _ll_sshift_r                             0x08000a59   Thumb Code     0  llsshr.o(.text)
    isspace                                  0x08000a7d   Thumb Code    10  isspace_c.o(.text)
    __vfscanf                                0x08000a89   Thumb Code   808  _scanf.o(.text)
    _scanf_real                              0x08000eb5   Thumb Code     0  scanf_fp.o(.text)
    _scanf_really_real                       0x08000eb5   Thumb Code   556  scanf_fp.o(.text)
    _double_round                            0x080010ed   Thumb Code    30  depilogue.o(.text)
    _double_epilogue                         0x0800110b   Thumb Code   156  depilogue.o(.text)
    __ctype_lookup                           0x080011a9   Thumb Code    34  ctype_c.o(.text)
    __aeabi_ul2d                             0x080011d1   Thumb Code    24  dfltul.o(.text)
    __aeabi_d2f                              0x080011e9   Thumb Code    56  d2f.o(.text)
    ADC_ConfigureBoostMode                   0x08001221   Thumb Code   236  stm32h7xx_hal_adc.o(i.ADC_ConfigureBoostMode)
    ADC_DMAConvCplt                          0x08001329   Thumb Code   104  stm32h7xx_hal_adc.o(i.ADC_DMAConvCplt)
    ADC_DMAError                             0x08001391   Thumb Code    26  stm32h7xx_hal_adc.o(i.ADC_DMAError)
    ADC_DMAHalfConvCplt                      0x080013ab   Thumb Code    10  stm32h7xx_hal_adc.o(i.ADC_DMAHalfConvCplt)
    ADC_Disable                              0x080013b5   Thumb Code   106  stm32h7xx_hal_adc.o(i.ADC_Disable)
    ADC_Enable                               0x08001425   Thumb Code   148  stm32h7xx_hal_adc.o(i.ADC_Enable)
    ApplyFilter                              0x080014cd   Thumb Code    60  filter.o(i.ApplyFilter)
    BandPassFilter_Init                      0x08001509   Thumb Code    44  filter.o(i.BandPassFilter_Init)
    BandPassFilter_Update                    0x08001535   Thumb Code    20  filter.o(i.BandPassFilter_Update)
    BusFault_Handler                         0x08001549   Thumb Code     2  stm32h7xx_it.o(i.BusFault_Handler)
    CalAngularVelocity                       0x0800154d   Thumb Code   120  drv_encoder.o(i.CalAngularVelocity)
    CaptureDutyCycle                         0x080015c9   Thumb Code   284  drv_encoder.o(i.CaptureDutyCycle)
    DMA1_Stream0_IRQHandler                  0x080016e5   Thumb Code     6  stm32h7xx_it.o(i.DMA1_Stream0_IRQHandler)
    DMA1_Stream1_IRQHandler                  0x080016f1   Thumb Code     6  stm32h7xx_it.o(i.DMA1_Stream1_IRQHandler)
    DMA1_Stream2_IRQHandler                  0x080016fd   Thumb Code     6  stm32h7xx_it.o(i.DMA1_Stream2_IRQHandler)
    DMA1_Stream3_IRQHandler                  0x08001709   Thumb Code     6  stm32h7xx_it.o(i.DMA1_Stream3_IRQHandler)
    DMA1_Stream4_IRQHandler                  0x08001715   Thumb Code     6  stm32h7xx_it.o(i.DMA1_Stream4_IRQHandler)
    DMA1_Stream5_IRQHandler                  0x08001721   Thumb Code     6  stm32h7xx_it.o(i.DMA1_Stream5_IRQHandler)
    DMA2_Stream0_IRQHandler                  0x0800172d   Thumb Code     6  stm32h7xx_it.o(i.DMA2_Stream0_IRQHandler)
    DMA2_Stream1_IRQHandler                  0x08001739   Thumb Code     6  stm32h7xx_it.o(i.DMA2_Stream1_IRQHandler)
    DebugMon_Handler                         0x08001b7d   Thumb Code     2  stm32h7xx_it.o(i.DebugMon_Handler)
    Encoder_Calibrate_n_Filter               0x08001b81   Thumb Code   198  drv_encoder.o(i.Encoder_Calibrate_n_Filter)
    Encoder_SPI_ReadAngle_WithWait           0x08001c5d   Thumb Code    50  drv_encoder.o(i.Encoder_SPI_ReadAngle_WithWait)
    Error_Handler                            0x08001c8f   Thumb Code     4  main.o(i.Error_Handler)
    FirstOrder_KalmanFilter_Init             0x08001c95   Thumb Code    28  filter.o(i.FirstOrder_KalmanFilter_Init)
    HAL_ADCEx_Calibration_Start              0x08001cb5   Thumb Code   146  stm32h7xx_hal_adc_ex.o(i.HAL_ADCEx_Calibration_Start)
    HAL_ADCEx_MultiModeConfigChannel         0x08001d51   Thumb Code   270  stm32h7xx_hal_adc_ex.o(i.HAL_ADCEx_MultiModeConfigChannel)
    HAL_ADC_ConfigChannel                    0x08001e75   Thumb Code   946  stm32h7xx_hal_adc.o(i.HAL_ADC_ConfigChannel)
    HAL_ADC_ConvCpltCallback                 0x08002295   Thumb Code     2  stm32h7xx_hal_adc.o(i.HAL_ADC_ConvCpltCallback)
    HAL_ADC_ConvHalfCpltCallback             0x08002297   Thumb Code     2  stm32h7xx_hal_adc.o(i.HAL_ADC_ConvHalfCpltCallback)
    HAL_ADC_ErrorCallback                    0x08002299   Thumb Code     2  stm32h7xx_hal_adc.o(i.HAL_ADC_ErrorCallback)
    HAL_ADC_Init                             0x0800229d   Thumb Code   498  stm32h7xx_hal_adc.o(i.HAL_ADC_Init)
    HAL_ADC_MspInit                          0x080024c5   Thumb Code   194  adc.o(i.HAL_ADC_MspInit)
    HAL_ADC_Start_DMA                        0x0800259d   Thumb Code   230  stm32h7xx_hal_adc.o(i.HAL_ADC_Start_DMA)
    HAL_DMA_Abort                            0x080026a5   Thumb Code   836  stm32h7xx_hal_dma.o(i.HAL_DMA_Abort)
    HAL_DMA_Abort_IT                         0x08002a05   Thumb Code   602  stm32h7xx_hal_dma.o(i.HAL_DMA_Abort_IT)
    HAL_DMA_GetError                         0x08002c89   Thumb Code     4  stm32h7xx_hal_dma.o(i.HAL_DMA_GetError)
    HAL_DMA_IRQHandler                       0x08002c8d   Thumb Code  1756  stm32h7xx_hal_dma.o(i.HAL_DMA_IRQHandler)
    HAL_DMA_Init                             0x08003375   Thumb Code   926  stm32h7xx_hal_dma.o(i.HAL_DMA_Init)
    HAL_DMA_Start_IT                         0x08003739   Thumb Code   628  stm32h7xx_hal_dma.o(i.HAL_DMA_Start_IT)
    HAL_GPIO_Init                            0x080039d5   Thumb Code   506  stm32h7xx_hal_gpio.o(i.HAL_GPIO_Init)
    HAL_GPIO_ReadPin                         0x08003c01   Thumb Code    10  stm32h7xx_hal_gpio.o(i.HAL_GPIO_ReadPin)
    HAL_GPIO_TogglePin                       0x08003c0b   Thumb Code    16  stm32h7xx_hal_gpio.o(i.HAL_GPIO_TogglePin)
    HAL_GPIO_WritePin                        0x08003c1b   Thumb Code    10  stm32h7xx_hal_gpio.o(i.HAL_GPIO_WritePin)
    HAL_GetREVID                             0x08003c25   Thumb Code     8  stm32h7xx_hal.o(i.HAL_GetREVID)
    HAL_GetTick                              0x08003c31   Thumb Code     6  stm32h7xx_hal.o(i.HAL_GetTick)
    HAL_IncTick                              0x08003c3d   Thumb Code    12  stm32h7xx_hal.o(i.HAL_IncTick)
    HAL_Init                                 0x08003c4d   Thumb Code    74  stm32h7xx_hal.o(i.HAL_Init)
    HAL_InitTick                             0x08003ca9   Thumb Code    56  stm32h7xx_hal.o(i.HAL_InitTick)
    HAL_MPU_ConfigRegion                     0x08003ce9   Thumb Code    86  stm32h7xx_hal_cortex.o(i.HAL_MPU_ConfigRegion)
    HAL_MPU_Disable                          0x08003d45   Thumb Code    24  stm32h7xx_hal_cortex.o(i.HAL_MPU_Disable)
    HAL_MPU_Enable                           0x08003d61   Thumb Code    30  stm32h7xx_hal_cortex.o(i.HAL_MPU_Enable)
    HAL_MspInit                              0x08003d85   Thumb Code    22  stm32h7xx_hal_msp.o(i.HAL_MspInit)
    HAL_NVIC_EnableIRQ                       0x08003da1   Thumb Code    26  stm32h7xx_hal_cortex.o(i.HAL_NVIC_EnableIRQ)
    HAL_NVIC_SetPriority                     0x08003dbd   Thumb Code    60  stm32h7xx_hal_cortex.o(i.HAL_NVIC_SetPriority)
    HAL_NVIC_SetPriorityGrouping             0x08003dfd   Thumb Code    28  stm32h7xx_hal_cortex.o(i.HAL_NVIC_SetPriorityGrouping)
    HAL_PWREx_ConfigSupply                   0x08003e21   Thumb Code    78  stm32h7xx_hal_pwr_ex.o(i.HAL_PWREx_ConfigSupply)
    HAL_RCCEx_GetD3PCLK1Freq                 0x08003e75   Thumb Code    26  stm32h7xx_hal_rcc_ex.o(i.HAL_RCCEx_GetD3PCLK1Freq)
    HAL_RCCEx_GetPLL1ClockFreq               0x08003e99   Thumb Code   298  stm32h7xx_hal_rcc_ex.o(i.HAL_RCCEx_GetPLL1ClockFreq)
    HAL_RCCEx_GetPLL2ClockFreq               0x08003fe1   Thumb Code   296  stm32h7xx_hal_rcc_ex.o(i.HAL_RCCEx_GetPLL2ClockFreq)
    HAL_RCCEx_GetPLL3ClockFreq               0x08004125   Thumb Code   296  stm32h7xx_hal_rcc_ex.o(i.HAL_RCCEx_GetPLL3ClockFreq)
    HAL_RCCEx_GetPeriphCLKFreq               0x08004269   Thumb Code   694  stm32h7xx_hal_rcc_ex.o(i.HAL_RCCEx_GetPeriphCLKFreq)
    HAL_RCCEx_PeriphCLKConfig                0x08004531   Thumb Code  2472  stm32h7xx_hal_rcc_ex.o(i.HAL_RCCEx_PeriphCLKConfig)
    HAL_RCC_ClockConfig                      0x08004edd   Thumb Code   580  stm32h7xx_hal_rcc.o(i.HAL_RCC_ClockConfig)
    HAL_RCC_GetHCLKFreq                      0x08005139   Thumb Code    52  stm32h7xx_hal_rcc.o(i.HAL_RCC_GetHCLKFreq)
    HAL_RCC_GetPCLK1Freq                     0x0800517d   Thumb Code    26  stm32h7xx_hal_rcc.o(i.HAL_RCC_GetPCLK1Freq)
    HAL_RCC_GetPCLK2Freq                     0x080051a1   Thumb Code    26  stm32h7xx_hal_rcc.o(i.HAL_RCC_GetPCLK2Freq)
    HAL_RCC_GetSysClockFreq                  0x080051c5   Thumb Code   278  stm32h7xx_hal_rcc.o(i.HAL_RCC_GetSysClockFreq)
    HAL_RCC_OscConfig                        0x080052fd   Thumb Code  1410  stm32h7xx_hal_rcc.o(i.HAL_RCC_OscConfig)
    HAL_RS485Ex_Init                         0x08005881   Thumb Code   136  stm32h7xx_hal_uart_ex.o(i.HAL_RS485Ex_Init)
    HAL_SPI_ErrorCallback                    0x0800590d   Thumb Code     2  stm32h7xx_hal_spi.o(i.HAL_SPI_ErrorCallback)
    HAL_SPI_GetState                         0x0800590f   Thumb Code     6  stm32h7xx_hal_spi.o(i.HAL_SPI_GetState)
    HAL_SPI_IRQHandler                       0x08005915   Thumb Code   536  stm32h7xx_hal_spi.o(i.HAL_SPI_IRQHandler)
    HAL_SPI_Init                             0x08005b31   Thumb Code   366  stm32h7xx_hal_spi.o(i.HAL_SPI_Init)
    HAL_SPI_MspInit                          0x08005cad   Thumb Code   270  spi.o(i.HAL_SPI_MspInit)
    HAL_SPI_RxCpltCallback                   0x08005dd1   Thumb Code     2  stm32h7xx_hal_spi.o(i.HAL_SPI_RxCpltCallback)
    HAL_SPI_SuspendCallback                  0x08005dd3   Thumb Code     2  stm32h7xx_hal_spi.o(i.HAL_SPI_SuspendCallback)
    HAL_SPI_TransmitReceive_DMA              0x08005dd5   Thumb Code   498  stm32h7xx_hal_spi.o(i.HAL_SPI_TransmitReceive_DMA)
    HAL_SPI_TxCpltCallback                   0x08005fd5   Thumb Code     2  stm32h7xx_hal_spi.o(i.HAL_SPI_TxCpltCallback)
    HAL_SPI_TxRxCpltCallback                 0x08005fd7   Thumb Code     2  stm32h7xx_hal_spi.o(i.HAL_SPI_TxRxCpltCallback)
    HAL_SPI_TxRxHalfCpltCallback             0x08005fd9   Thumb Code     2  stm32h7xx_hal_spi.o(i.HAL_SPI_TxRxHalfCpltCallback)
    HAL_SYSTICK_Config                       0x08005fdb   Thumb Code    38  stm32h7xx_hal_cortex.o(i.HAL_SYSTICK_Config)
    HAL_TIMEx_Break2Callback                 0x08006001   Thumb Code     2  stm32h7xx_hal_tim_ex.o(i.HAL_TIMEx_Break2Callback)
    HAL_TIMEx_BreakCallback                  0x08006003   Thumb Code     2  stm32h7xx_hal_tim_ex.o(i.HAL_TIMEx_BreakCallback)
    HAL_TIMEx_CommutCallback                 0x08006005   Thumb Code     2  stm32h7xx_hal_tim_ex.o(i.HAL_TIMEx_CommutCallback)
    HAL_TIMEx_MasterConfigSynchronization    0x08006009   Thumb Code   134  stm32h7xx_hal_tim_ex.o(i.HAL_TIMEx_MasterConfigSynchronization)
    HAL_TIM_Base_Init                        0x080060ad   Thumb Code    98  stm32h7xx_hal_tim.o(i.HAL_TIM_Base_Init)
    HAL_TIM_Base_MspInit                     0x08006111   Thumb Code   300  tim.o(i.HAL_TIM_Base_MspInit)
    HAL_TIM_Base_Start_IT                    0x08006261   Thumb Code   106  stm32h7xx_hal_tim.o(i.HAL_TIM_Base_Start_IT)
    HAL_TIM_ConfigClockSource                0x080062ed   Thumb Code   248  stm32h7xx_hal_tim.o(i.HAL_TIM_ConfigClockSource)
    HAL_TIM_IC_CaptureCallback               0x080063e9   Thumb Code    22  main.o(i.HAL_TIM_IC_CaptureCallback)
    HAL_TIM_IC_ConfigChannel                 0x08006409   Thumb Code   290  stm32h7xx_hal_tim.o(i.HAL_TIM_IC_ConfigChannel)
    HAL_TIM_IC_Init                          0x0800652b   Thumb Code    98  stm32h7xx_hal_tim.o(i.HAL_TIM_IC_Init)
    HAL_TIM_IC_MspInit                       0x0800658d   Thumb Code     2  stm32h7xx_hal_tim.o(i.HAL_TIM_IC_MspInit)
    HAL_TIM_IC_Stop_IT                       0x0800658f   Thumb Code   182  stm32h7xx_hal_tim.o(i.HAL_TIM_IC_Stop_IT)
    HAL_TIM_IRQHandler                       0x08006645   Thumb Code   328  stm32h7xx_hal_tim.o(i.HAL_TIM_IRQHandler)
    HAL_TIM_MspPostInit                      0x0800678d   Thumb Code   112  tim.o(i.HAL_TIM_MspPostInit)
    HAL_TIM_OC_DelayElapsedCallback          0x0800680d   Thumb Code     2  stm32h7xx_hal_tim.o(i.HAL_TIM_OC_DelayElapsedCallback)
    HAL_TIM_PWM_ConfigChannel                0x0800680f   Thumb Code   292  stm32h7xx_hal_tim.o(i.HAL_TIM_PWM_ConfigChannel)
    HAL_TIM_PWM_Init                         0x08006933   Thumb Code    98  stm32h7xx_hal_tim.o(i.HAL_TIM_PWM_Init)
    HAL_TIM_PWM_MspInit                      0x08006995   Thumb Code     2  stm32h7xx_hal_tim.o(i.HAL_TIM_PWM_MspInit)
    HAL_TIM_PWM_PulseFinishedCallback        0x08006997   Thumb Code     2  stm32h7xx_hal_tim.o(i.HAL_TIM_PWM_PulseFinishedCallback)
    HAL_TIM_PWM_Start                        0x08006999   Thumb Code   232  stm32h7xx_hal_tim.o(i.HAL_TIM_PWM_Start)
    HAL_TIM_PeriodElapsedCallback            0x08006aa9   Thumb Code    56  main.o(i.HAL_TIM_PeriodElapsedCallback)
    HAL_TIM_ReadCapturedValue                0x08006aed   Thumb Code    44  stm32h7xx_hal_tim.o(i.HAL_TIM_ReadCapturedValue)
    HAL_TIM_TriggerCallback                  0x08006b19   Thumb Code     2  stm32h7xx_hal_tim.o(i.HAL_TIM_TriggerCallback)
    HAL_UARTEx_DisableFifoMode               0x08006b1b   Thumb Code    64  stm32h7xx_hal_uart_ex.o(i.HAL_UARTEx_DisableFifoMode)
    HAL_UARTEx_RxEventCallback               0x08006b5b   Thumb Code     2  stm32h7xx_hal_uart.o(i.HAL_UARTEx_RxEventCallback)
    HAL_UARTEx_RxFifoFullCallback            0x08006b5d   Thumb Code     2  stm32h7xx_hal_uart_ex.o(i.HAL_UARTEx_RxFifoFullCallback)
    HAL_UARTEx_SetRxFifoThreshold            0x08006b5f   Thumb Code    76  stm32h7xx_hal_uart_ex.o(i.HAL_UARTEx_SetRxFifoThreshold)
    HAL_UARTEx_SetTxFifoThreshold            0x08006bab   Thumb Code    76  stm32h7xx_hal_uart_ex.o(i.HAL_UARTEx_SetTxFifoThreshold)
    HAL_UARTEx_TxFifoEmptyCallback           0x08006bf7   Thumb Code     2  stm32h7xx_hal_uart_ex.o(i.HAL_UARTEx_TxFifoEmptyCallback)
    HAL_UARTEx_WakeupCallback                0x08006bf9   Thumb Code     2  stm32h7xx_hal_uart_ex.o(i.HAL_UARTEx_WakeupCallback)
    HAL_UART_DMAStop                         0x08006bfb   Thumb Code   146  stm32h7xx_hal_uart.o(i.HAL_UART_DMAStop)
    HAL_UART_ErrorCallback                   0x08006c8d   Thumb Code     2  stm32h7xx_hal_uart.o(i.HAL_UART_ErrorCallback)
    HAL_UART_IRQHandler                      0x08006c91   Thumb Code   898  stm32h7xx_hal_uart.o(i.HAL_UART_IRQHandler)
    HAL_UART_Init                            0x0800702d   Thumb Code   106  stm32h7xx_hal_uart.o(i.HAL_UART_Init)
    HAL_UART_MspInit                         0x08007099   Thumb Code   668  usart.o(i.HAL_UART_MspInit)
    HAL_UART_Receive_DMA                     0x08007361   Thumb Code    66  stm32h7xx_hal_uart.o(i.HAL_UART_Receive_DMA)
    HAL_UART_RxCpltCallback                  0x080073a9   Thumb Code     2  stm32h7xx_hal_uart.o(i.HAL_UART_RxCpltCallback)
    HAL_UART_RxHalfCpltCallback              0x080073ab   Thumb Code     2  stm32h7xx_hal_uart.o(i.HAL_UART_RxHalfCpltCallback)
    HAL_UART_Transmit                        0x080073ad   Thumb Code   176  stm32h7xx_hal_uart.o(i.HAL_UART_Transmit)
    HAL_UART_Transmit_DMA                    0x0800745d   Thumb Code   132  stm32h7xx_hal_uart.o(i.HAL_UART_Transmit_DMA)
    HAL_UART_TxCpltCallback                  0x080074ed   Thumb Code     2  stm32h7xx_hal_uart.o(i.HAL_UART_TxCpltCallback)
    HAL_UART_TxHalfCpltCallback              0x080074ef   Thumb Code     2  stm32h7xx_hal_uart.o(i.HAL_UART_TxHalfCpltCallback)
    HardFault_Handler                        0x080074f1   Thumb Code     2  stm32h7xx_it.o(i.HardFault_Handler)
    HighPassFilter_Init                      0x080074f5   Thumb Code    54  filter.o(i.HighPassFilter_Init)
    KTH78_ReadAngle                          0x08007531   Thumb Code    62  kth78xx.o(i.KTH78_ReadAngle)
    Keyscan                                  0x080075e5   Thumb Code    80  drv_key.o(i.Keyscan)
    LookupMeasuredVoltageByTarget            0x0800765d   Thumb Code   114  drv_mrc.o(i.LookupMeasuredVoltageByTarget)
    LowPassFilter_Init                       0x080076e1   Thumb Code    54  filter.o(i.LowPassFilter_Init)
    MRC_CoilCurrentControl_Update            0x0800771d   Thumb Code   174  drv_mrc.o(i.MRC_CoilCurrentControl_Update)
    MRC_Com_Init                             0x080077dd   Thumb Code   132  mrc_com.o(i.MRC_Com_Init)
    MRC_Com_PackFbk                          0x08007861   Thumb Code    76  mrc_com.o(i.MRC_Com_PackFbk)
    MRC_Com_Process                          0x080078ad   Thumb Code   192  drv_mrc.o(i.MRC_Com_Process)
    MRC_Com_SendFbk                          0x08007975   Thumb Code    36  mrc_com.o(i.MRC_Com_SendFbk)
    MRC_Com_UnpackCmd                        0x08007999   Thumb Code    72  mrc_com.o(i.MRC_Com_UnpackCmd)
    MRC_DebugCLI_Init                        0x080079f1   Thumb Code    52  mrc_debugcli.o(i.MRC_DebugCLI_Init)
    MRC_DebugCLI_Parse                       0x08007a29   Thumb Code   616  mrc_debugcli.o(i.MRC_DebugCLI_Parse)
    MRC_DebugCLI_UART_IdleHandler            0x08007fdd   Thumb Code   192  mrc_debugcli.o(i.MRC_DebugCLI_UART_IdleHandler)
    MRC_Get_Coil_Current                     0x080080ad   Thumb Code    56  drv_mrc.o(i.MRC_Get_Coil_Current)
    MRC_Init                                 0x080080f9   Thumb Code   404  drv_mrc.o(i.MRC_Init)
    MRC_Key1_Reaction                        0x08008549   Thumb Code   140  drv_mrc.o(i.MRC_Key1_Reaction)
    MRC_Key2_Reaction                        0x0800862d   Thumb Code   140  drv_mrc.o(i.MRC_Key2_Reaction)
    MRC_SetCurrent                           0x08008711   Thumb Code    12  drv_mrc.o(i.MRC_SetCurrent)
    MRC_SetMode                              0x08008721   Thumb Code    32  drv_mrc.o(i.MRC_SetMode)
    MRC_StateMachine_CanSetCurrent           0x08008741   Thumb Code    22  mrc_statemachine.o(i.MRC_StateMachine_CanSetCurrent)
    MRC_StateMachine_CanSetVoltage           0x08008757   Thumb Code    14  mrc_statemachine.o(i.MRC_StateMachine_CanSetVoltage)
    MRC_StateMachine_Init                    0x08008765   Thumb Code    28  mrc_statemachine.o(i.MRC_StateMachine_Init)
    MRC_StateMachine_OnCollisionDetected     0x08008785   Thumb Code    14  mrc_statemachine.o(i.MRC_StateMachine_OnCollisionDetected)
    MRC_StateMachine_OnCollisionEnded        0x08008793   Thumb Code    14  mrc_statemachine.o(i.MRC_StateMachine_OnCollisionEnded)
    MRC_StateMachine_SetDemagDuration        0x080087a1   Thumb Code    20  mrc_statemachine.o(i.MRC_StateMachine_SetDemagDuration)
    MRC_StateMachine_SetMode                 0x080087b5   Thumb Code    90  mrc_statemachine.o(i.MRC_StateMachine_SetMode)
    MRC_StateMachine_Task1ms                 0x08008815   Thumb Code    84  mrc_statemachine.o(i.MRC_StateMachine_Task1ms)
    MRC_Update_Coil_Current                  0x0800886d   Thumb Code    42  drv_mrc.o(i.MRC_Update_Coil_Current)
    MRC_collision_detect                     0x08008899   Thumb Code   148  drv_mrc.o(i.MRC_collision_detect)
    MRC_set_voltage                          0x08008959   Thumb Code    56  drv_mrc.o(i.MRC_set_voltage)
    MX_ADC1_Init                             0x0800899d   Thumb Code   142  adc.o(i.MX_ADC1_Init)
    MX_DMA_Init                              0x08008a39   Thumb Code   168  dma.o(i.MX_DMA_Init)
    MX_GPIO_Init                             0x08008ae5   Thumb Code   312  gpio.o(i.MX_GPIO_Init)
    MX_SPI4_Init                             0x08008c35   Thumb Code    96  spi.o(i.MX_SPI4_Init)
    MX_TIM13_Init                            0x08008c9d   Thumb Code    42  tim.o(i.MX_TIM13_Init)
    MX_TIM1_Init                             0x08008cd1   Thumb Code   144  tim.o(i.MX_TIM1_Init)
    MX_TIM2_Init                             0x08008d69   Thumb Code   164  tim.o(i.MX_TIM2_Init)
    MX_TIM3_Init                             0x08008e11   Thumb Code   162  tim.o(i.MX_TIM3_Init)
    MX_TIM4_Init                             0x08008ebd   Thumb Code    94  tim.o(i.MX_TIM4_Init)
    MX_TIM6_Init                             0x08008f25   Thumb Code    62  tim.o(i.MX_TIM6_Init)
    MX_TIM7_Init                             0x08008f6d   Thumb Code    62  tim.o(i.MX_TIM7_Init)
    MX_UART4_Init                            0x08008fb5   Thumb Code    94  usart.o(i.MX_UART4_Init)
    MX_USART1_UART_Init                      0x0800901d   Thumb Code    94  usart.o(i.MX_USART1_UART_Init)
    MX_USART2_UART_Init                      0x08009085   Thumb Code    96  usart.o(i.MX_USART2_UART_Init)
    MemManage_Handler                        0x080090f1   Thumb Code     2  stm32h7xx_it.o(i.MemManage_Handler)
    NMI_Handler                              0x080090f3   Thumb Code     2  stm32h7xx_it.o(i.NMI_Handler)
    PID_Calculate                            0x080090f5   Thumb Code   198  pid_controller.o(i.PID_Calculate)
    PID_Init                                 0x080091c1   Thumb Code    56  pid_controller.o(i.PID_Init)
    PendSV_Handler                           0x080091f9   Thumb Code     2  stm32h7xx_it.o(i.PendSV_Handler)
    SPI4_IRQHandler                          0x0800943d   Thumb Code     6  stm32h7xx_it.o(i.SPI4_IRQHandler)
    SVC_Handler                              0x0800957d   Thumb Code     2  stm32h7xx_it.o(i.SVC_Handler)
    Set_PWM_Param                            0x08009581   Thumb Code   218  drv_vnh7040.o(i.Set_PWM_Param)
    SimpleLowPassFilter_InitByCutoff         0x08009665   Thumb Code    42  filter.o(i.SimpleLowPassFilter_InitByCutoff)
    SimpleLowPassFilter_Update               0x08009695   Thumb Code    64  filter.o(i.SimpleLowPassFilter_Update)
    SysTick_Handler                          0x080096d5   Thumb Code     4  stm32h7xx_it.o(i.SysTick_Handler)
    SystemClock_Config                       0x080096d9   Thumb Code   160  main.o(i.SystemClock_Config)
    SystemInit                               0x08009781   Thumb Code   180  system_stm32h7xx.o(i.SystemInit)
    TIM1_CC_IRQHandler                       0x0800985d   Thumb Code     6  stm32h7xx_it.o(i.TIM1_CC_IRQHandler)
    TIM3_IRQHandler                          0x08009869   Thumb Code     6  stm32h7xx_it.o(i.TIM3_IRQHandler)
    TIM4_IRQHandler                          0x08009875   Thumb Code     6  stm32h7xx_it.o(i.TIM4_IRQHandler)
    TIM6_DAC_IRQHandler                      0x08009881   Thumb Code     6  stm32h7xx_it.o(i.TIM6_DAC_IRQHandler)
    TIM7_IRQHandler                          0x0800988d   Thumb Code     6  stm32h7xx_it.o(i.TIM7_IRQHandler)
    TIM_Base_SetConfig                       0x08009899   Thumb Code   170  stm32h7xx_hal_tim.o(i.TIM_Base_SetConfig)
    TIM_CCxChannelCmd                        0x08009965   Thumb Code    26  stm32h7xx_hal_tim.o(i.TIM_CCxChannelCmd)
    TIM_ETR_SetConfig                        0x0800997f   Thumb Code    18  stm32h7xx_hal_tim.o(i.TIM_ETR_SetConfig)
    TIM_OC2_SetConfig                        0x08009a49   Thumb Code   126  stm32h7xx_hal_tim.o(i.TIM_OC2_SetConfig)
    TIM_TI1_SetConfig                        0x08009cfd   Thumb Code   100  stm32h7xx_hal_tim.o(i.TIM_TI1_SetConfig)
    UART4_IRQHandler                         0x08009dd9   Thumb Code     6  stm32h7xx_it.o(i.UART4_IRQHandler)
    UART_AdvFeatureConfig                    0x08009e29   Thumb Code   200  stm32h7xx_hal_uart.o(i.UART_AdvFeatureConfig)
    UART_CheckIdleState                      0x08009ef1   Thumb Code   170  stm32h7xx_hal_uart.o(i.UART_CheckIdleState)
    UART_SetConfig                           0x0800a169   Thumb Code   876  stm32h7xx_hal_uart.o(i.UART_SetConfig)
    UART_Start_Receive_DMA                   0x0800a515   Thumb Code   156  stm32h7xx_hal_uart.o(i.UART_Start_Receive_DMA)
    UART_WaitOnFlagUntilTimeout              0x0800a5bd   Thumb Code   148  stm32h7xx_hal_uart.o(i.UART_WaitOnFlagUntilTimeout)
    USART1_IRQHandler                        0x0800a651   Thumb Code    32  stm32h7xx_it.o(i.USART1_IRQHandler)
    USART2_IRQHandler                        0x0800a675   Thumb Code    82  stm32h7xx_it.o(i.USART2_IRQHandler)
    UsageFault_Handler                       0x0800a6d1   Thumb Code     2  stm32h7xx_it.o(i.UsageFault_Handler)
    VNH7040_Set_Voltage                      0x0800a6d5   Thumb Code   154  drv_vnh7040.o(i.VNH7040_Set_Voltage)
    __0printf                                0x0800a77d   Thumb Code    22  printfa.o(i.__0printf)
    __1printf                                0x0800a77d   Thumb Code     0  printfa.o(i.__0printf)
    __2printf                                0x0800a77d   Thumb Code     0  printfa.o(i.__0printf)
    __c89printf                              0x0800a77d   Thumb Code     0  printfa.o(i.__0printf)
    printf                                   0x0800a77d   Thumb Code     0  printfa.o(i.__0printf)
    __hardfp_atof                            0x0800a7c1   Thumb Code    44  atof.o(i.__hardfp_atof)
    __read_errno                             0x0800a7f9   Thumb Code     6  errno.o(i.__read_errno)
    __scatterload_copy                       0x0800a805   Thumb Code    14  handlers.o(i.__scatterload_copy)
    __scatterload_null                       0x0800a813   Thumb Code     2  handlers.o(i.__scatterload_null)
    __scatterload_zeroinit                   0x0800a815   Thumb Code    14  handlers.o(i.__scatterload_zeroinit)
    __set_errno                              0x0800a825   Thumb Code     6  errno.o(i.__set_errno)
    _is_digit                                0x0800a995   Thumb Code    14  scanf_fp.o(i._is_digit)
    crc_ccitt                                0x0800b0d5   Thumb Code    32  crc_ccitt.o(i.crc_ccitt)
    drv_VNH7040_init                         0x0800b0f9   Thumb Code    86  drv_vnh7040.o(i.drv_VNH7040_init)
    drv_encoder_init                         0x0800b185   Thumb Code   160  drv_encoder.o(i.drv_encoder_init)
    drv_key_init                             0x0800b265   Thumb Code    22  drv_key.o(i.drv_key_init)
    drv_led_init                             0x0800b295   Thumb Code    44  drv_led.o(i.drv_led_init)
    fputc                                    0x0800b2d9   Thumb Code    20  main.o(i.fputc)
    free                                     0x0800b2f1   Thumb Code    76  malloc.o(i.free)
    getHighResTime_ns                        0x0800b341   Thumb Code    42  sys_clock.o(i.getHighResTime_ns)
    led_off                                  0x0800b371   Thumb Code    16  drv_led.o(i.led_off)
    led_on                                   0x0800b381   Thumb Code    20  drv_led.o(i.led_on)
    led_toggle                               0x0800b395   Thumb Code     8  drv_led.o(i.led_toggle)
    main                                     0x0800b39d   Thumb Code   248  main.o(i.main)
    malloc                                   0x0800b4a1   Thumb Code    92  malloc.o(i.malloc)
    moving_average_create                    0x0800b50d   Thumb Code    46  filter.o(i.moving_average_create)
    crc_ccitt_table                          0x0800b53a   Data         512  crc_ccitt.o(.constdata)
    voltage_lut                              0x0800b73c   Data         408  drv_mrc.o(.constdata)
    UARTPrescTable                           0x0800b8dc   Data          24  stm32h7xx_hal_uart.o(.constdata)
    D1CorePrescTable                         0x0800b904   Data          16  system_stm32h7xx.o(.constdata)
    __ctype_categories                       0x0800b914   Data          64  ctype_c.o(.constdata)
    Region$$Table$$Base                      0x0800ba7c   Number         0  anon$$obj.o(Region$$Table)
    Region$$Table$$Limit                     0x0800ba9c   Number         0  anon$$obj.o(Region$$Table)
    ADC_BUFFER                               0x24000004   Data           4  drv_mrc.o(.data)
    prescaler                                0x24000008   Data           2  drv_vnh7040.o(.data)
    tim_clk_freq                             0x24000010   Data           8  drv_vnh7040.o(.data)
    uwTickFreq                               0x24000018   Data           1  stm32h7xx_hal.o(.data)
    uwTickPrio                               0x2400001c   Data           4  stm32h7xx_hal.o(.data)
    uwTick                                   0x24000020   Data           4  stm32h7xx_hal.o(.data)
    SystemCoreClock                          0x24000024   Data           4  system_stm32h7xx.o(.data)
    SystemD2Clock                            0x24000028   Data           4  system_stm32h7xx.o(.data)
    __stdout                                 0x2400002c   Data           4  stdout.o(.data)
    __microlib_freelist                      0x24000030   Data           4  mvars.o(.data)
    __microlib_freelist_initialised          0x24000034   Data           4  mvars.o(.data)
    usart1_rx_buffer                         0x2400003c   Data          64  mrc_debugcli.o(.bss)
    MRC                                      0x2400007c   Data         442  main.o(.bss)
    hadc1                                    0x24000238   Data         100  adc.o(.bss)
    hdma_adc1                                0x2400029c   Data         120  adc.o(.bss)
    hspi4                                    0x24000314   Data         136  spi.o(.bss)
    hdma_spi4_tx                             0x2400039c   Data         120  spi.o(.bss)
    hdma_spi4_rx                             0x24000414   Data         120  spi.o(.bss)
    htim1                                    0x2400048c   Data          76  tim.o(.bss)
    htim2                                    0x240004d8   Data          76  tim.o(.bss)
    htim3                                    0x24000524   Data          76  tim.o(.bss)
    htim4                                    0x24000570   Data          76  tim.o(.bss)
    htim6                                    0x240005bc   Data          76  tim.o(.bss)
    htim7                                    0x24000608   Data          76  tim.o(.bss)
    htim13                                   0x24000654   Data          76  tim.o(.bss)
    huart4                                   0x240006a0   Data         148  usart.o(.bss)
    huart1                                   0x24000734   Data         148  usart.o(.bss)
    huart2                                   0x240007c8   Data         148  usart.o(.bss)
    hdma_uart4_rx                            0x2400085c   Data         120  usart.o(.bss)
    hdma_usart1_rx                           0x240008d4   Data         120  usart.o(.bss)
    hdma_usart1_tx                           0x2400094c   Data         120  usart.o(.bss)
    hdma_usart2_rx                           0x240009c4   Data         120  usart.o(.bss)
    hdma_usart2_tx                           0x24000a3c   Data         120  usart.o(.bss)
    __heap_base                              0x24000ab8   Data           0  startup_stm32h750xx.o(HEAP)
    __heap_limit                             0x24000cb8   Data           0  startup_stm32h750xx.o(HEAP)
    __initial_sp                             0x240010b8   Data           0  startup_stm32h750xx.o(STACK)



==============================================================================

Memory Map of the image

  Image Entry point : 0x08000299

  Load Region LR_IROM1 (Base: 0x08000000, Size: 0x0000bad8, Max: 0x00020000, ABSOLUTE)

    Execution Region ER_IROM1 (Base: 0x08000000, Size: 0x0000ba9c, Max: 0x00020000, ABSOLUTE)

    Base Addr    Size         Type   Attr      Idx    E Section Name        Object

    0x08000000   0x00000298   Data   RO            3    RESET               startup_stm32h750xx.o
    0x08000298   0x00000000   Code   RO         6260  * .ARM.Collect$$$$00000000  mc_w.l(entry.o)
    0x08000298   0x00000004   Code   RO         6572    .ARM.Collect$$$$00000001  mc_w.l(entry2.o)
    0x0800029c   0x00000004   Code   RO         6575    .ARM.Collect$$$$00000004  mc_w.l(entry5.o)
    0x080002a0   0x00000000   Code   RO         6577    .ARM.Collect$$$$00000008  mc_w.l(entry7b.o)
    0x080002a0   0x00000000   Code   RO         6579    .ARM.Collect$$$$0000000A  mc_w.l(entry8b.o)
    0x080002a0   0x00000008   Code   RO         6580    .ARM.Collect$$$$0000000B  mc_w.l(entry9a.o)
    0x080002a8   0x00000000   Code   RO         6582    .ARM.Collect$$$$0000000D  mc_w.l(entry10a.o)
    0x080002a8   0x00000000   Code   RO         6584    .ARM.Collect$$$$0000000F  mc_w.l(entry11a.o)
    0x080002a8   0x00000004   Code   RO         6573    .ARM.Collect$$$$00002712  mc_w.l(entry2.o)
    0x080002ac   0x00000024   Code   RO            4    .text               startup_stm32h750xx.o
    0x080002d0   0x00000062   Code   RO         6263    .text               mc_w.l(uldiv.o)
    0x08000332   0x0000000c   Code   RO         6265    .text               mc_w.l(toupper.o)
    0x0800033e   0x00000024   Code   RO         6267    .text               mc_w.l(memcpya.o)
    0x08000362   0x00000024   Code   RO         6269    .text               mc_w.l(memseta.o)
    0x08000386   0x0000000e   Code   RO         6271    .text               mc_w.l(strlen.o)
    0x08000394   0x0000001c   Code   RO         6273    .text               mc_w.l(strcmp.o)
    0x080003b0   0x00000038   Code   RO         6566    .text               mc_w.l(__0sscanf.o)
    0x080003e8   0x000000e0   Code   RO         6568    .text               mc_w.l(_scanf_str.o)
    0x080004c8   0x0000001c   Code   RO         6570    .text               mf_w.l(ffltul.o)
    0x080004e4   0x0000002c   Code   RO         6587    .text               mc_w.l(uidiv.o)
    0x08000510   0x0000001e   Code   RO         6589    .text               mc_w.l(llshl.o)
    0x0800052e   0x00000020   Code   RO         6591    .text               mc_w.l(llushr.o)
    0x0800054e   0x00000002   PAD
    0x08000550   0x00000028   Code   RO         6602    .text               mc_w.l(scanf_char.o)
    0x08000578   0x00000040   Code   RO         6604    .text               mc_w.l(_sgetc.o)
    0x080005b8   0x0000009c   Code   RO         6606    .text               mc_w.l(strtod.o)
    0x08000654   0x00000000   Code   RO         6608    .text               mc_w.l(iusefp.o)
    0x08000654   0x0000006e   Code   RO         6609    .text               mf_w.l(fepilogue.o)
    0x080006c2   0x0000014e   Code   RO         6611    .text               mf_w.l(dadd.o)
    0x08000810   0x000000e4   Code   RO         6613    .text               mf_w.l(dmul.o)
    0x080008f4   0x000000de   Code   RO         6615    .text               mf_w.l(ddiv.o)
    0x080009d2   0x00000030   Code   RO         6617    .text               mf_w.l(dfixul.o)
    0x08000a02   0x00000002   PAD
    0x08000a04   0x00000030   Code   RO         6619    .text               mf_w.l(cdrcmple.o)
    0x08000a34   0x00000024   Code   RO         6621    .text               mc_w.l(init.o)
    0x08000a58   0x00000024   Code   RO         6623    .text               mc_w.l(llsshr.o)
    0x08000a7c   0x0000000a   Code   RO         6625    .text               mc_w.l(isspace_c.o)
    0x08000a86   0x00000002   PAD
    0x08000a88   0x0000032c   Code   RO         6627    .text               mc_w.l(_scanf.o)
    0x08000db4   0x00000338   Code   RO         6629    .text               mc_w.l(scanf_fp.o)
    0x080010ec   0x000000ba   Code   RO         6633    .text               mf_w.l(depilogue.o)
    0x080011a6   0x00000002   PAD
    0x080011a8   0x00000028   Code   RO         6635    .text               mc_w.l(ctype_c.o)
    0x080011d0   0x00000018   Code   RO         6638    .text               mf_w.l(dfltul.o)
    0x080011e8   0x00000038   Code   RO         6640    .text               mf_w.l(d2f.o)
    0x08001220   0x00000108   Code   RO         1359    i.ADC_ConfigureBoostMode  stm32h7xx_hal_adc.o
    0x08001328   0x00000068   Code   RO         1361    i.ADC_DMAConvCplt   stm32h7xx_hal_adc.o
    0x08001390   0x0000001a   Code   RO         1362    i.ADC_DMAError      stm32h7xx_hal_adc.o
    0x080013aa   0x0000000a   Code   RO         1363    i.ADC_DMAHalfConvCplt  stm32h7xx_hal_adc.o
    0x080013b4   0x00000070   Code   RO         1364    i.ADC_Disable       stm32h7xx_hal_adc.o
    0x08001424   0x000000a8   Code   RO         1365    i.ADC_Enable        stm32h7xx_hal_adc.o
    0x080014cc   0x0000003c   Code   RO         6140    i.ApplyFilter       filter.o
    0x08001508   0x0000002c   Code   RO         6141    i.BandPassFilter_Init  filter.o
    0x08001534   0x00000014   Code   RO         6142    i.BandPassFilter_Update  filter.o
    0x08001548   0x00000002   Code   RO         1157    i.BusFault_Handler  stm32h7xx_it.o
    0x0800154a   0x00000002   PAD
    0x0800154c   0x0000007c   Code   RO          372    i.CalAngularVelocity  drv_encoder.o
    0x080015c8   0x0000011c   Code   RO          373    i.CaptureDutyCycle  drv_encoder.o
    0x080016e4   0x0000000c   Code   RO         1158    i.DMA1_Stream0_IRQHandler  stm32h7xx_it.o
    0x080016f0   0x0000000c   Code   RO         1159    i.DMA1_Stream1_IRQHandler  stm32h7xx_it.o
    0x080016fc   0x0000000c   Code   RO         1160    i.DMA1_Stream2_IRQHandler  stm32h7xx_it.o
    0x08001708   0x0000000c   Code   RO         1161    i.DMA1_Stream3_IRQHandler  stm32h7xx_it.o
    0x08001714   0x0000000c   Code   RO         1162    i.DMA1_Stream4_IRQHandler  stm32h7xx_it.o
    0x08001720   0x0000000c   Code   RO         1163    i.DMA1_Stream5_IRQHandler  stm32h7xx_it.o
    0x0800172c   0x0000000c   Code   RO         1164    i.DMA2_Stream0_IRQHandler  stm32h7xx_it.o
    0x08001738   0x0000000c   Code   RO         1165    i.DMA2_Stream1_IRQHandler  stm32h7xx_it.o
    0x08001744   0x000000b4   Code   RO         2420    i.DMA_CalcBaseAndBitshift  stm32h7xx_hal_dma.o
    0x080017f8   0x0000009c   Code   RO         2421    i.DMA_CalcDMAMUXChannelBaseAndMask  stm32h7xx_hal_dma.o
    0x08001894   0x00000074   Code   RO         2422    i.DMA_CalcDMAMUXRequestGenBaseAndMask  stm32h7xx_hal_dma.o
    0x08001908   0x00000054   Code   RO         2423    i.DMA_CheckFifoParam  stm32h7xx_hal_dma.o
    0x0800195c   0x00000220   Code   RO         2424    i.DMA_SetConfig     stm32h7xx_hal_dma.o
    0x08001b7c   0x00000002   Code   RO         1166    i.DebugMon_Handler  stm32h7xx_it.o
    0x08001b7e   0x00000002   PAD
    0x08001b80   0x000000dc   Code   RO          374    i.Encoder_Calibrate_n_Filter  drv_encoder.o
    0x08001c5c   0x00000032   Code   RO          379    i.Encoder_SPI_ReadAngle_WithWait  drv_encoder.o
    0x08001c8e   0x00000004   Code   RO          795    i.Error_Handler     main.o
    0x08001c92   0x00000002   PAD
    0x08001c94   0x00000020   Code   RO         6143    i.FirstOrder_KalmanFilter_Init  filter.o
    0x08001cb4   0x0000009c   Code   RO         1576    i.HAL_ADCEx_Calibration_Start  stm32h7xx_hal_adc_ex.o
    0x08001d50   0x00000124   Code   RO         1596    i.HAL_ADCEx_MultiModeConfigChannel  stm32h7xx_hal_adc_ex.o
    0x08001e74   0x00000420   Code   RO         1367    i.HAL_ADC_ConfigChannel  stm32h7xx_hal_adc.o
    0x08002294   0x00000002   Code   RO         1368    i.HAL_ADC_ConvCpltCallback  stm32h7xx_hal_adc.o
    0x08002296   0x00000002   Code   RO         1369    i.HAL_ADC_ConvHalfCpltCallback  stm32h7xx_hal_adc.o
    0x08002298   0x00000002   Code   RO         1371    i.HAL_ADC_ErrorCallback  stm32h7xx_hal_adc.o
    0x0800229a   0x00000002   PAD
    0x0800229c   0x00000228   Code   RO         1376    i.HAL_ADC_Init      stm32h7xx_hal_adc.o
    0x080024c4   0x000000d8   Code   RO          894    i.HAL_ADC_MspInit   adc.o
    0x0800259c   0x00000108   Code   RO         1383    i.HAL_ADC_Start_DMA  stm32h7xx_hal_adc.o
    0x080026a4   0x00000360   Code   RO         2425    i.HAL_DMA_Abort     stm32h7xx_hal_dma.o
    0x08002a04   0x00000284   Code   RO         2426    i.HAL_DMA_Abort_IT  stm32h7xx_hal_dma.o
    0x08002c88   0x00000004   Code   RO         2428    i.HAL_DMA_GetError  stm32h7xx_hal_dma.o
    0x08002c8c   0x000006e8   Code   RO         2430    i.HAL_DMA_IRQHandler  stm32h7xx_hal_dma.o
    0x08003374   0x000003c4   Code   RO         2431    i.HAL_DMA_Init      stm32h7xx_hal_dma.o
    0x08003738   0x0000029c   Code   RO         2435    i.HAL_DMA_Start_IT  stm32h7xx_hal_dma.o
    0x080039d4   0x0000022c   Code   RO         2273    i.HAL_GPIO_Init     stm32h7xx_hal_gpio.o
    0x08003c00   0x0000000a   Code   RO         2275    i.HAL_GPIO_ReadPin  stm32h7xx_hal_gpio.o
    0x08003c0a   0x00000010   Code   RO         2276    i.HAL_GPIO_TogglePin  stm32h7xx_hal_gpio.o
    0x08003c1a   0x0000000a   Code   RO         2277    i.HAL_GPIO_WritePin  stm32h7xx_hal_gpio.o
    0x08003c24   0x0000000c   Code   RO         3298    i.HAL_GetREVID      stm32h7xx_hal.o
    0x08003c30   0x0000000c   Code   RO         3299    i.HAL_GetTick       stm32h7xx_hal.o
    0x08003c3c   0x00000010   Code   RO         3305    i.HAL_IncTick       stm32h7xx_hal.o
    0x08003c4c   0x0000005c   Code   RO         3306    i.HAL_Init          stm32h7xx_hal.o
    0x08003ca8   0x00000040   Code   RO         3307    i.HAL_InitTick      stm32h7xx_hal.o
    0x08003ce8   0x0000005c   Code   RO         3128    i.HAL_MPU_ConfigRegion  stm32h7xx_hal_cortex.o
    0x08003d44   0x0000001c   Code   RO         3129    i.HAL_MPU_Disable   stm32h7xx_hal_cortex.o
    0x08003d60   0x00000024   Code   RO         3131    i.HAL_MPU_Enable    stm32h7xx_hal_cortex.o
    0x08003d84   0x0000001c   Code   RO         1335    i.HAL_MspInit       stm32h7xx_hal_msp.o
    0x08003da0   0x0000001a   Code   RO         3135    i.HAL_NVIC_EnableIRQ  stm32h7xx_hal_cortex.o
    0x08003dba   0x00000002   PAD
    0x08003dbc   0x00000040   Code   RO         3141    i.HAL_NVIC_SetPriority  stm32h7xx_hal_cortex.o
    0x08003dfc   0x00000024   Code   RO         3142    i.HAL_NVIC_SetPriorityGrouping  stm32h7xx_hal_cortex.o
    0x08003e20   0x00000054   Code   RO         2874    i.HAL_PWREx_ConfigSupply  stm32h7xx_hal_pwr_ex.o
    0x08003e74   0x00000024   Code   RO         1916    i.HAL_RCCEx_GetD3PCLK1Freq  stm32h7xx_hal_rcc_ex.o
    0x08003e98   0x00000148   Code   RO         1917    i.HAL_RCCEx_GetPLL1ClockFreq  stm32h7xx_hal_rcc_ex.o
    0x08003fe0   0x00000144   Code   RO         1918    i.HAL_RCCEx_GetPLL2ClockFreq  stm32h7xx_hal_rcc_ex.o
    0x08004124   0x00000144   Code   RO         1919    i.HAL_RCCEx_GetPLL3ClockFreq  stm32h7xx_hal_rcc_ex.o
    0x08004268   0x000002c8   Code   RO         1921    i.HAL_RCCEx_GetPeriphCLKFreq  stm32h7xx_hal_rcc_ex.o
    0x08004530   0x000009ac   Code   RO         1925    i.HAL_RCCEx_PeriphCLKConfig  stm32h7xx_hal_rcc_ex.o
    0x08004edc   0x0000025c   Code   RO         1801    i.HAL_RCC_ClockConfig  stm32h7xx_hal_rcc.o
    0x08005138   0x00000044   Code   RO         1806    i.HAL_RCC_GetHCLKFreq  stm32h7xx_hal_rcc.o
    0x0800517c   0x00000024   Code   RO         1808    i.HAL_RCC_GetPCLK1Freq  stm32h7xx_hal_rcc.o
    0x080051a0   0x00000024   Code   RO         1809    i.HAL_RCC_GetPCLK2Freq  stm32h7xx_hal_rcc.o
    0x080051c4   0x00000138   Code   RO         1810    i.HAL_RCC_GetSysClockFreq  stm32h7xx_hal_rcc.o
    0x080052fc   0x00000582   Code   RO         1813    i.HAL_RCC_OscConfig  stm32h7xx_hal_rcc.o
    0x0800587e   0x00000002   PAD
    0x08005880   0x0000008c   Code   RO         5945    i.HAL_RS485Ex_Init  stm32h7xx_hal_uart_ex.o
    0x0800590c   0x00000002   Code   RO         4197    i.HAL_SPI_ErrorCallback  stm32h7xx_hal_spi.o
    0x0800590e   0x00000006   Code   RO         4199    i.HAL_SPI_GetState  stm32h7xx_hal_spi.o
    0x08005914   0x0000021c   Code   RO         4200    i.HAL_SPI_IRQHandler  stm32h7xx_hal_spi.o
    0x08005b30   0x0000017c   Code   RO         4201    i.HAL_SPI_Init      stm32h7xx_hal_spi.o
    0x08005cac   0x00000124   Code   RO          978    i.HAL_SPI_MspInit   spi.o
    0x08005dd0   0x00000002   Code   RO         4207    i.HAL_SPI_RxCpltCallback  stm32h7xx_hal_spi.o
    0x08005dd2   0x00000002   Code   RO         4209    i.HAL_SPI_SuspendCallback  stm32h7xx_hal_spi.o
    0x08005dd4   0x00000200   Code   RO         4212    i.HAL_SPI_TransmitReceive_DMA  stm32h7xx_hal_spi.o
    0x08005fd4   0x00000002   Code   RO         4216    i.HAL_SPI_TxCpltCallback  stm32h7xx_hal_spi.o
    0x08005fd6   0x00000002   Code   RO         4218    i.HAL_SPI_TxRxCpltCallback  stm32h7xx_hal_spi.o
    0x08005fd8   0x00000002   Code   RO         4219    i.HAL_SPI_TxRxHalfCpltCallback  stm32h7xx_hal_spi.o
    0x08005fda   0x00000026   Code   RO         3146    i.HAL_SYSTICK_Config  stm32h7xx_hal_cortex.o
    0x08006000   0x00000002   Code   RO         5235    i.HAL_TIMEx_Break2Callback  stm32h7xx_hal_tim_ex.o
    0x08006002   0x00000002   Code   RO         5236    i.HAL_TIMEx_BreakCallback  stm32h7xx_hal_tim_ex.o
    0x08006004   0x00000002   Code   RO         5237    i.HAL_TIMEx_CommutCallback  stm32h7xx_hal_tim_ex.o
    0x08006006   0x00000002   PAD
    0x08006008   0x000000a4   Code   RO         5257    i.HAL_TIMEx_MasterConfigSynchronization  stm32h7xx_hal_tim_ex.o
    0x080060ac   0x00000062   Code   RO         4521    i.HAL_TIM_Base_Init  stm32h7xx_hal_tim.o
    0x0800610e   0x00000002   PAD
    0x08006110   0x00000150   Code   RO         1020    i.HAL_TIM_Base_MspInit  tim.o
    0x08006260   0x0000008c   Code   RO         4526    i.HAL_TIM_Base_Start_IT  stm32h7xx_hal_tim.o
    0x080062ec   0x000000fc   Code   RO         4530    i.HAL_TIM_ConfigClockSource  stm32h7xx_hal_tim.o
    0x080063e8   0x00000020   Code   RO          796    i.HAL_TIM_IC_CaptureCallback  main.o
    0x08006408   0x00000122   Code   RO         4557    i.HAL_TIM_IC_ConfigChannel  stm32h7xx_hal_tim.o
    0x0800652a   0x00000062   Code   RO         4560    i.HAL_TIM_IC_Init   stm32h7xx_hal_tim.o
    0x0800658c   0x00000002   Code   RO         4562    i.HAL_TIM_IC_MspInit  stm32h7xx_hal_tim.o
    0x0800658e   0x000000b6   Code   RO         4568    i.HAL_TIM_IC_Stop_IT  stm32h7xx_hal_tim.o
    0x08006644   0x00000148   Code   RO         4569    i.HAL_TIM_IRQHandler  stm32h7xx_hal_tim.o
    0x0800678c   0x00000080   Code   RO         1021    i.HAL_TIM_MspPostInit  tim.o
    0x0800680c   0x00000002   Code   RO         4572    i.HAL_TIM_OC_DelayElapsedCallback  stm32h7xx_hal_tim.o
    0x0800680e   0x00000124   Code   RO         4593    i.HAL_TIM_PWM_ConfigChannel  stm32h7xx_hal_tim.o
    0x08006932   0x00000062   Code   RO         4596    i.HAL_TIM_PWM_Init  stm32h7xx_hal_tim.o
    0x08006994   0x00000002   Code   RO         4598    i.HAL_TIM_PWM_MspInit  stm32h7xx_hal_tim.o
    0x08006996   0x00000002   Code   RO         4599    i.HAL_TIM_PWM_PulseFinishedCallback  stm32h7xx_hal_tim.o
    0x08006998   0x00000110   Code   RO         4601    i.HAL_TIM_PWM_Start  stm32h7xx_hal_tim.o
    0x08006aa8   0x00000044   Code   RO          797    i.HAL_TIM_PeriodElapsedCallback  main.o
    0x08006aec   0x0000002c   Code   RO         4609    i.HAL_TIM_ReadCapturedValue  stm32h7xx_hal_tim.o
    0x08006b18   0x00000002   Code   RO         4612    i.HAL_TIM_TriggerCallback  stm32h7xx_hal_tim.o
    0x08006b1a   0x00000040   Code   RO         5946    i.HAL_UARTEx_DisableFifoMode  stm32h7xx_hal_uart_ex.o
    0x08006b5a   0x00000002   Code   RO         5535    i.HAL_UARTEx_RxEventCallback  stm32h7xx_hal_uart.o
    0x08006b5c   0x00000002   Code   RO         5954    i.HAL_UARTEx_RxFifoFullCallback  stm32h7xx_hal_uart_ex.o
    0x08006b5e   0x0000004c   Code   RO         5955    i.HAL_UARTEx_SetRxFifoThreshold  stm32h7xx_hal_uart_ex.o
    0x08006baa   0x0000004c   Code   RO         5956    i.HAL_UARTEx_SetTxFifoThreshold  stm32h7xx_hal_uart_ex.o
    0x08006bf6   0x00000002   Code   RO         5958    i.HAL_UARTEx_TxFifoEmptyCallback  stm32h7xx_hal_uart_ex.o
    0x08006bf8   0x00000002   Code   RO         5959    i.HAL_UARTEx_WakeupCallback  stm32h7xx_hal_uart_ex.o
    0x08006bfa   0x00000092   Code   RO         5547    i.HAL_UART_DMAStop  stm32h7xx_hal_uart.o
    0x08006c8c   0x00000002   Code   RO         5551    i.HAL_UART_ErrorCallback  stm32h7xx_hal_uart.o
    0x08006c8e   0x00000002   PAD
    0x08006c90   0x0000039c   Code   RO         5554    i.HAL_UART_IRQHandler  stm32h7xx_hal_uart.o
    0x0800702c   0x0000006a   Code   RO         5555    i.HAL_UART_Init     stm32h7xx_hal_uart.o
    0x08007096   0x00000002   PAD
    0x08007098   0x000002c8   Code   RO         1104    i.HAL_UART_MspInit  usart.o
    0x08007360   0x00000048   Code   RO         5559    i.HAL_UART_Receive_DMA  stm32h7xx_hal_uart.o
    0x080073a8   0x00000002   Code   RO         5562    i.HAL_UART_RxCpltCallback  stm32h7xx_hal_uart.o
    0x080073aa   0x00000002   Code   RO         5563    i.HAL_UART_RxHalfCpltCallback  stm32h7xx_hal_uart.o
    0x080073ac   0x000000b0   Code   RO         5564    i.HAL_UART_Transmit  stm32h7xx_hal_uart.o
    0x0800745c   0x00000090   Code   RO         5565    i.HAL_UART_Transmit_DMA  stm32h7xx_hal_uart.o
    0x080074ec   0x00000002   Code   RO         5567    i.HAL_UART_TxCpltCallback  stm32h7xx_hal_uart.o
    0x080074ee   0x00000002   Code   RO         5568    i.HAL_UART_TxHalfCpltCallback  stm32h7xx_hal_uart.o
    0x080074f0   0x00000002   Code   RO         1167    i.HardFault_Handler  stm32h7xx_it.o
    0x080074f2   0x00000002   PAD
    0x080074f4   0x0000003c   Code   RO         6145    i.HighPassFilter_Init  filter.o
    0x08007530   0x0000004c   Code   RO          568    i.KTH78_ReadAngle   kth78xx.o
    0x0800757c   0x00000068   Code   RO          570    i.KTH78_SPI_TransmitReceiveBytes  kth78xx.o
    0x080075e4   0x00000050   Code   RO          456    i.Keyscan           drv_key.o
    0x08007634   0x00000008   Code   RO         1388    i.LL_ADC_INJ_IsConversionOngoing  stm32h7xx_hal_adc.o
    0x0800763c   0x00000008   Code   RO         1389    i.LL_ADC_REG_IsConversionOngoing  stm32h7xx_hal_adc.o
    0x08007644   0x00000008   Code   RO         1606    i.LL_ADC_REG_IsConversionOngoing  stm32h7xx_hal_adc_ex.o
    0x0800764c   0x00000010   Code   RO         1390    i.LL_ADC_REG_IsTriggerSourceSWStart  stm32h7xx_hal_adc.o
    0x0800765c   0x00000084   Code   RO           50    i.LookupMeasuredVoltageByTarget  drv_mrc.o
    0x080076e0   0x0000003c   Code   RO         6146    i.LowPassFilter_Init  filter.o
    0x0800771c   0x000000c0   Code   RO           51    i.MRC_CoilCurrentControl_Update  drv_mrc.o
    0x080077dc   0x00000084   Code   RO          626    i.MRC_Com_Init      mrc_com.o
    0x08007860   0x0000004c   Code   RO          628    i.MRC_Com_PackFbk   mrc_com.o
    0x080078ac   0x000000c8   Code   RO           52    i.MRC_Com_Process   drv_mrc.o
    0x08007974   0x00000024   Code   RO          630    i.MRC_Com_SendFbk   mrc_com.o
    0x08007998   0x00000058   Code   RO          631    i.MRC_Com_UnpackCmd  mrc_com.o
    0x080079f0   0x00000038   Code   RO          680    i.MRC_DebugCLI_Init  mrc_debugcli.o
    0x08007a28   0x000005b4   Code   RO          681    i.MRC_DebugCLI_Parse  mrc_debugcli.o
    0x08007fdc   0x000000d0   Code   RO          682    i.MRC_DebugCLI_UART_IdleHandler  mrc_debugcli.o
    0x080080ac   0x0000004c   Code   RO           53    i.MRC_Get_Coil_Current  drv_mrc.o
    0x080080f8   0x00000450   Code   RO           54    i.MRC_Init          drv_mrc.o
    0x08008548   0x000000e4   Code   RO           55    i.MRC_Key1_Reaction  drv_mrc.o
    0x0800862c   0x000000e4   Code   RO           56    i.MRC_Key2_Reaction  drv_mrc.o
    0x08008710   0x00000010   Code   RO           57    i.MRC_SetCurrent    drv_mrc.o
    0x08008720   0x00000020   Code   RO           58    i.MRC_SetMode       drv_mrc.o
    0x08008740   0x00000016   Code   RO          733    i.MRC_StateMachine_CanSetCurrent  mrc_statemachine.o
    0x08008756   0x0000000e   Code   RO          734    i.MRC_StateMachine_CanSetVoltage  mrc_statemachine.o
    0x08008764   0x00000020   Code   RO          735    i.MRC_StateMachine_Init  mrc_statemachine.o
    0x08008784   0x0000000e   Code   RO          736    i.MRC_StateMachine_OnCollisionDetected  mrc_statemachine.o
    0x08008792   0x0000000e   Code   RO          737    i.MRC_StateMachine_OnCollisionEnded  mrc_statemachine.o
    0x080087a0   0x00000014   Code   RO          738    i.MRC_StateMachine_SetDemagDuration  mrc_statemachine.o
    0x080087b4   0x00000060   Code   RO          739    i.MRC_StateMachine_SetMode  mrc_statemachine.o
    0x08008814   0x00000058   Code   RO          740    i.MRC_StateMachine_Task1ms  mrc_statemachine.o
    0x0800886c   0x0000002a   Code   RO           59    i.MRC_Update_Coil_Current  drv_mrc.o
    0x08008896   0x00000002   PAD
    0x08008898   0x000000c0   Code   RO           60    i.MRC_collision_detect  drv_mrc.o
    0x08008958   0x00000044   Code   RO           61    i.MRC_set_voltage   drv_mrc.o
    0x0800899c   0x0000009c   Code   RO          895    i.MX_ADC1_Init      adc.o
    0x08008a38   0x000000ac   Code   RO          935    i.MX_DMA_Init       dma.o
    0x08008ae4   0x00000150   Code   RO          869    i.MX_GPIO_Init      gpio.o
    0x08008c34   0x00000068   Code   RO          979    i.MX_SPI4_Init      spi.o
    0x08008c9c   0x00000034   Code   RO         1022    i.MX_TIM13_Init     tim.o
    0x08008cd0   0x00000098   Code   RO         1023    i.MX_TIM1_Init      tim.o
    0x08008d68   0x000000a8   Code   RO         1024    i.MX_TIM2_Init      tim.o
    0x08008e10   0x000000ac   Code   RO         1025    i.MX_TIM3_Init      tim.o
    0x08008ebc   0x00000068   Code   RO         1026    i.MX_TIM4_Init      tim.o
    0x08008f24   0x00000048   Code   RO         1027    i.MX_TIM6_Init      tim.o
    0x08008f6c   0x00000048   Code   RO         1028    i.MX_TIM7_Init      tim.o
    0x08008fb4   0x00000068   Code   RO         1105    i.MX_UART4_Init     usart.o
    0x0800901c   0x00000068   Code   RO         1106    i.MX_USART1_UART_Init  usart.o
    0x08009084   0x0000006c   Code   RO         1107    i.MX_USART2_UART_Init  usart.o
    0x080090f0   0x00000002   Code   RO         1168    i.MemManage_Handler  stm32h7xx_it.o
    0x080090f2   0x00000002   Code   RO         1169    i.NMI_Handler       stm32h7xx_it.o
    0x080090f4   0x000000cc   Code   RO         6098    i.PID_Calculate     pid_controller.o
    0x080091c0   0x00000038   Code   RO         6099    i.PID_Init          pid_controller.o
    0x080091f8   0x00000002   Code   RO         1170    i.PendSV_Handler    stm32h7xx_it.o
    0x080091fa   0x00000002   PAD
    0x080091fc   0x00000120   Code   RO         1928    i.RCCEx_PLL2_Config  stm32h7xx_hal_rcc_ex.o
    0x0800931c   0x00000120   Code   RO         1929    i.RCCEx_PLL3_Config  stm32h7xx_hal_rcc_ex.o
    0x0800943c   0x0000000c   Code   RO         1171    i.SPI4_IRQHandler   stm32h7xx_it.o
    0x08009448   0x000000bc   Code   RO         4221    i.SPI_CloseTransfer  stm32h7xx_hal_spi.o
    0x08009504   0x0000001a   Code   RO         4222    i.SPI_DMAAbortOnError  stm32h7xx_hal_spi.o
    0x0800951e   0x0000002c   Code   RO         4223    i.SPI_DMAError      stm32h7xx_hal_spi.o
    0x0800954a   0x0000000a   Code   RO         4226    i.SPI_DMAHalfTransmitReceiveCplt  stm32h7xx_hal_spi.o
    0x08009554   0x00000028   Code   RO         4230    i.SPI_DMATransmitReceiveCplt  stm32h7xx_hal_spi.o
    0x0800957c   0x00000002   Code   RO         1172    i.SVC_Handler       stm32h7xx_it.o
    0x0800957e   0x00000002   PAD
    0x08009580   0x000000e4   Code   RO          528    i.Set_PWM_Param     drv_vnh7040.o
    0x08009664   0x00000030   Code   RO         6148    i.SimpleLowPassFilter_InitByCutoff  filter.o
    0x08009694   0x00000040   Code   RO         6149    i.SimpleLowPassFilter_Update  filter.o
    0x080096d4   0x00000004   Code   RO         1173    i.SysTick_Handler   stm32h7xx_it.o
    0x080096d8   0x000000a8   Code   RO          798    i.SystemClock_Config  main.o
    0x08009780   0x000000dc   Code   RO         6065    i.SystemInit        system_stm32h7xx.o
    0x0800985c   0x0000000c   Code   RO         1174    i.TIM1_CC_IRQHandler  stm32h7xx_it.o
    0x08009868   0x0000000c   Code   RO         1175    i.TIM3_IRQHandler   stm32h7xx_it.o
    0x08009874   0x0000000c   Code   RO         1176    i.TIM4_IRQHandler   stm32h7xx_it.o
    0x08009880   0x0000000c   Code   RO         1177    i.TIM6_DAC_IRQHandler  stm32h7xx_it.o
    0x0800988c   0x0000000c   Code   RO         1178    i.TIM7_IRQHandler   stm32h7xx_it.o
    0x08009898   0x000000cc   Code   RO         4614    i.TIM_Base_SetConfig  stm32h7xx_hal_tim.o
    0x08009964   0x0000001a   Code   RO         4615    i.TIM_CCxChannelCmd  stm32h7xx_hal_tim.o
    0x0800997e   0x00000012   Code   RO         4625    i.TIM_ETR_SetConfig  stm32h7xx_hal_tim.o
    0x08009990   0x00000014   Code   RO         4626    i.TIM_ITRx_SetConfig  stm32h7xx_hal_tim.o
    0x080099a4   0x000000a4   Code   RO         4627    i.TIM_OC1_SetConfig  stm32h7xx_hal_tim.o
    0x08009a48   0x00000098   Code   RO         4628    i.TIM_OC2_SetConfig  stm32h7xx_hal_tim.o
    0x08009ae0   0x00000098   Code   RO         4629    i.TIM_OC3_SetConfig  stm32h7xx_hal_tim.o
    0x08009b78   0x00000078   Code   RO         4630    i.TIM_OC4_SetConfig  stm32h7xx_hal_tim.o
    0x08009bf0   0x00000074   Code   RO         4631    i.TIM_OC5_SetConfig  stm32h7xx_hal_tim.o
    0x08009c64   0x00000074   Code   RO         4632    i.TIM_OC6_SetConfig  stm32h7xx_hal_tim.o
    0x08009cd8   0x00000022   Code   RO         4634    i.TIM_TI1_ConfigInputStage  stm32h7xx_hal_tim.o
    0x08009cfa   0x00000002   PAD
    0x08009cfc   0x00000080   Code   RO         4635    i.TIM_TI1_SetConfig  stm32h7xx_hal_tim.o
    0x08009d7c   0x00000024   Code   RO         4636    i.TIM_TI2_ConfigInputStage  stm32h7xx_hal_tim.o
    0x08009da0   0x00000036   Code   RO         4637    i.TIM_TI2_SetConfig  stm32h7xx_hal_tim.o
    0x08009dd6   0x00000002   PAD
    0x08009dd8   0x0000000c   Code   RO         1179    i.UART4_IRQHandler  stm32h7xx_it.o
    0x08009de4   0x00000044   Code   RO         5960    i.UARTEx_SetNbDataToProcess  stm32h7xx_hal_uart_ex.o
    0x08009e28   0x000000c8   Code   RO         5569    i.UART_AdvFeatureConfig  stm32h7xx_hal_uart.o
    0x08009ef0   0x000000aa   Code   RO         5570    i.UART_CheckIdleState  stm32h7xx_hal_uart.o
    0x08009f9a   0x00000010   Code   RO         5571    i.UART_DMAAbortOnError  stm32h7xx_hal_uart.o
    0x08009faa   0x0000004e   Code   RO         5572    i.UART_DMAError     stm32h7xx_hal_uart.o
    0x08009ff8   0x00000082   Code   RO         5573    i.UART_DMAReceiveCplt  stm32h7xx_hal_uart.o
    0x0800a07a   0x00000020   Code   RO         5575    i.UART_DMARxHalfCplt  stm32h7xx_hal_uart.o
    0x0800a09a   0x00000040   Code   RO         5577    i.UART_DMATransmitCplt  stm32h7xx_hal_uart.o
    0x0800a0da   0x0000000a   Code   RO         5579    i.UART_DMATxHalfCplt  stm32h7xx_hal_uart.o
    0x0800a0e4   0x00000054   Code   RO         5581    i.UART_EndRxTransfer  stm32h7xx_hal_uart.o
    0x0800a138   0x0000002e   Code   RO         5582    i.UART_EndTxTransfer  stm32h7xx_hal_uart.o
    0x0800a166   0x00000002   PAD
    0x0800a168   0x000003ac   Code   RO         5587    i.UART_SetConfig    stm32h7xx_hal_uart.o
    0x0800a514   0x000000a8   Code   RO         5588    i.UART_Start_Receive_DMA  stm32h7xx_hal_uart.o
    0x0800a5bc   0x00000094   Code   RO         5594    i.UART_WaitOnFlagUntilTimeout  stm32h7xx_hal_uart.o
    0x0800a650   0x00000024   Code   RO         1180    i.USART1_IRQHandler  stm32h7xx_it.o
    0x0800a674   0x0000005c   Code   RO         1181    i.USART2_IRQHandler  stm32h7xx_it.o
    0x0800a6d0   0x00000002   Code   RO         1182    i.UsageFault_Handler  stm32h7xx_it.o
    0x0800a6d2   0x00000002   PAD
    0x0800a6d4   0x000000a8   Code   RO          529    i.VNH7040_Set_Voltage  drv_vnh7040.o
    0x0800a77c   0x00000020   Code   RO         6510    i.__0printf         mc_w.l(printfa.o)
    0x0800a79c   0x00000022   Code   RO         3148    i.__NVIC_SetPriority  stm32h7xx_hal_cortex.o
    0x0800a7be   0x00000002   PAD
    0x0800a7c0   0x00000038   Code   RO         6254    i.__hardfp_atof     m_wv.l(atof.o)
    0x0800a7f8   0x0000000c   Code   RO         6596    i.__read_errno      mc_w.l(errno.o)
    0x0800a804   0x0000000e   Code   RO         6644    i.__scatterload_copy  mc_w.l(handlers.o)
    0x0800a812   0x00000002   Code   RO         6645    i.__scatterload_null  mc_w.l(handlers.o)
    0x0800a814   0x0000000e   Code   RO         6646    i.__scatterload_zeroinit  mc_w.l(handlers.o)
    0x0800a822   0x00000002   PAD
    0x0800a824   0x0000000c   Code   RO         6597    i.__set_errno       mc_w.l(errno.o)
    0x0800a830   0x00000164   Code   RO         6517    i._fp_digits        mc_w.l(printfa.o)
    0x0800a994   0x0000000e   Code   RO         6631    i._is_digit         mc_w.l(scanf_fp.o)
    0x0800a9a2   0x00000002   PAD
    0x0800a9a4   0x000006dc   Code   RO         6518    i._printf_core      mc_w.l(printfa.o)
    0x0800b080   0x00000024   Code   RO         6519    i._printf_post_padding  mc_w.l(printfa.o)
    0x0800b0a4   0x0000002e   Code   RO         6520    i._printf_pre_padding  mc_w.l(printfa.o)
    0x0800b0d2   0x00000002   PAD
    0x0800b0d4   0x00000024   Code   RO           26    i.crc_ccitt         crc_ccitt.o
    0x0800b0f8   0x0000008c   Code   RO          530    i.drv_VNH7040_init  drv_vnh7040.o
    0x0800b184   0x000000e0   Code   RO          381    i.drv_encoder_init  drv_encoder.o
    0x0800b264   0x00000030   Code   RO          457    i.drv_key_init      drv_key.o
    0x0800b294   0x00000044   Code   RO          486    i.drv_led_init      drv_led.o
    0x0800b2d8   0x00000018   Code   RO          799    i.fputc             main.o
    0x0800b2f0   0x00000050   Code   RO         6538    i.free              mc_w.l(malloc.o)
    0x0800b340   0x00000030   Code   RO         6228    i.getHighResTime_ns  sys_clock.o
    0x0800b370   0x00000010   Code   RO          487    i.led_off           drv_led.o
    0x0800b380   0x00000014   Code   RO          488    i.led_on            drv_led.o
    0x0800b394   0x00000008   Code   RO          489    i.led_toggle        drv_led.o
    0x0800b39c   0x00000104   Code   RO          800    i.main              main.o
    0x0800b4a0   0x0000006c   Code   RO         6539    i.malloc            mc_w.l(malloc.o)
    0x0800b50c   0x0000002e   Code   RO         6150    i.moving_average_create  filter.o
    0x0800b53a   0x00000200   Data   RO           27    .constdata          crc_ccitt.o
    0x0800b73a   0x00000002   PAD
    0x0800b73c   0x00000198   Data   RO           62    .constdata          drv_mrc.o
    0x0800b8d4   0x00000008   Data   RO         2437    .constdata          stm32h7xx_hal_dma.o
    0x0800b8dc   0x00000018   Data   RO         5595    .constdata          stm32h7xx_hal_uart.o
    0x0800b8f4   0x00000010   Data   RO         5961    .constdata          stm32h7xx_hal_uart_ex.o
    0x0800b904   0x00000010   Data   RO         6066    .constdata          system_stm32h7xx.o
    0x0800b914   0x00000040   Data   RO         6636    .constdata          mc_w.l(ctype_c.o)
    0x0800b954   0x00000090   Data   RO           64    .conststring        drv_mrc.o
    0x0800b9e4   0x00000096   Data   RO          684    .conststring        mrc_debugcli.o
    0x0800ba7a   0x00000002   PAD
    0x0800ba7c   0x00000020   Data   RO         6642    Region$$Table       anon$$obj.o


    Execution Region RW_IRAM1 (Base: 0x20000000, Size: 0x00000000, Max: 0x00020000, ABSOLUTE)

    **** No section assigned to this execution region ****


    Execution Region RW_IRAM2 (Base: 0x24000000, Size: 0x000010b8, Max: 0x00080000, ABSOLUTE)

    Base Addr    Size         Type   Attr      Idx    E Section Name        Object

    0x24000000   0x00000008   Data   RW           65    .data               drv_mrc.o
    0x24000008   0x00000010   Data   RW          531    .data               drv_vnh7040.o
    0x24000018   0x0000000c   Data   RW         3328    .data               stm32h7xx_hal.o
    0x24000024   0x00000008   Data   RW         6067    .data               system_stm32h7xx.o
    0x2400002c   0x00000004   Data   RW         6586    .data               mc_w.l(stdout.o)
    0x24000030   0x00000004   Data   RW         6593    .data               mc_w.l(mvars.o)
    0x24000034   0x00000004   Data   RW         6594    .data               mc_w.l(mvars.o)
    0x24000038   0x00000004   Data   RW         6598    .data               mc_w.l(errno.o)
    0x2400003c   0x00000040   Zero   RW          683    .bss                mrc_debugcli.o
    0x2400007c   0x000001ba   Zero   RW          801    .bss                main.o
    0x24000236   0x00000002   PAD
    0x24000238   0x000000dc   Zero   RW          896    .bss                adc.o
    0x24000314   0x00000178   Zero   RW          980    .bss                spi.o
    0x2400048c   0x00000214   Zero   RW         1029    .bss                tim.o
    0x240006a0   0x00000414   Zero   RW         1108    .bss                usart.o
    0x24000ab4   0x00000004   PAD
    0x24000ab8   0x00000200   Zero   RW            2    HEAP                startup_stm32h750xx.o
    0x24000cb8   0x00000400   Zero   RW            1    STACK               startup_stm32h750xx.o


==============================================================================

Image component sizes


      Code (inc. data)   RO Data    RW Data    ZI Data      Debug   Object Name

       372         36          0          0        220       2051   adc.o
         0          0          0          0          0       1444   array_user.o
        36          4        512          0          0       4482   crc_ccitt.o
       172          4          0          0          0        894   dma.o
       902         90          0          0          0       4693   drv_encoder.o
       128         26          0          0          0       1665   drv_key.o
       112         24          0          0          0       2683   drv_led.o
      2510       1000        552          8          0    1366646   drv_mrc.o
       536         78          0         16          0       3418   drv_vnh7040.o
       434         22          0          0          0      10654   filter.o
       336         24          0          0          0       1127   gpio.o
       180         20          0          0          0       1881   kth78xx.o
       556         46          0          0        442       4463   main.o
       332         16          0          0          0       3531   mrc_com.o
      1724        864        150          0         64       5505   mrc_debugcli.o
       300         14          0          0          0       5455   mrc_statemachine.o
       260          6          0          0          0       2271   pid_controller.o
       396         30          0          0        376       2067   spi.o
        36          8        664          0       1536        852   startup_stm32h750xx.o
       196         40          0         12          0      22872   stm32h7xx_hal.o
      2594        264          0          0          0      75924   stm32h7xx_hal_adc.o
       456         32          0          0          0      64361   stm32h7xx_hal_adc_ex.o
       354         28          0          0          0      41937   stm32h7xx_hal_cortex.o
      5992        246          8          0          0      12601   stm32h7xx_hal_dma.o
       592         50          0          0          0       3592   stm32h7xx_hal_gpio.o
        28          6          0          0          0        846   stm32h7xx_hal_msp.o
        84          6          0          0          0        805   stm32h7xx_hal_pwr_ex.o
      2466        102          0          0          0       7176   stm32h7xx_hal_rcc.o
      4776        172          0          0          0      10615   stm32h7xx_hal_rcc_ex.o
      1758         32          0          0          0      11635   stm32h7xx_hal_spi.o
      3444        304          0          0          0      24372   stm32h7xx_hal_tim.o
       170         30          0          0          0       3200   stm32h7xx_hal_tim_ex.o
      3666        168         24          0          0      40693   stm32h7xx_hal_uart.o
       430         10         16          0          0       6533   stm32h7xx_hal_uart_ex.o
       328        104          0          0          0      12780   stm32h7xx_it.o
        48          6          0          0          0        752   sys_clock.o
       220         40         16          8          0       1438   system_stm32h7xx.o
      1256        114          0          0        532       7028   tim.o
         0          0          0          0          0       4631   trajectory.o
      1028         76          0          0       1044       4036   usart.o

    ----------------------------------------------------------------------
     39246       4142       1978         44       4220    1783609   Object Totals
         0          0         32          0          0          0   (incl. Generated)
        38          0          4          0          6          0   (incl. Padding)

    ----------------------------------------------------------------------

      Code (inc. data)   RO Data    RW Data    ZI Data      Debug   Library Member Name

        56         12          0          0          0        132   atof.o
        56          8          0          0          0         84   __0sscanf.o
       812          4          0          0          0        112   _scanf.o
       224          0          0          0          0         96   _scanf_str.o
        64          0          0          0          0         84   _sgetc.o
        40          6         64          0          0         68   ctype_c.o
         0          0          0          0          0          0   entry.o
         0          0          0          0          0          0   entry10a.o
         0          0          0          0          0          0   entry11a.o
         8          4          0          0          0          0   entry2.o
         4          0          0          0          0          0   entry5.o
         0          0          0          0          0          0   entry7b.o
         0          0          0          0          0          0   entry8b.o
         8          4          0          0          0          0   entry9a.o
        24         12          0          4          0        136   errno.o
        30          0          0          0          0          0   handlers.o
        36          8          0          0          0         68   init.o
        10          0          0          0          0         68   isspace_c.o
         0          0          0          0          0          0   iusefp.o
        30          0          0          0          0         68   llshl.o
        36          0          0          0          0         68   llsshr.o
        32          0          0          0          0         68   llushr.o
       188         20          0          0          0        160   malloc.o
        36          0          0          0          0         68   memcpya.o
        36          0          0          0          0        108   memseta.o
         0          0          0          8          0          0   mvars.o
      2226         90          0          0          0        444   printfa.o
        40          8          0          0          0         84   scanf_char.o
       838         12          0          0          0        216   scanf_fp.o
         0          0          0          4          0          0   stdout.o
        28          0          0          0          0         76   strcmp.o
        14          0          0          0          0         68   strlen.o
       156         14          0          0          0        120   strtod.o
        12          0          0          0          0         68   toupper.o
        44          0          0          0          0         80   uidiv.o
        98          0          0          0          0         92   uldiv.o
        48          0          0          0          0         68   cdrcmple.o
        56          0          0          0          0         88   d2f.o
       334          0          0          0          0        148   dadd.o
       222          0          0          0          0        100   ddiv.o
       186          0          0          0          0        176   depilogue.o
        48          0          0          0          0         68   dfixul.o
        24          0          0          0          0         76   dfltul.o
       228          0          0          0          0         96   dmul.o
       110          0          0          0          0        168   fepilogue.o
        28          0          0          0          0         84   ffltul.o

    ----------------------------------------------------------------------
      6484        202         64         16          0       3708   Library Totals
        14          0          0          0          0          0   (incl. Padding)

    ----------------------------------------------------------------------

      Code (inc. data)   RO Data    RW Data    ZI Data      Debug   Library Name

        56         12          0          0          0        132   m_wv.l
      5130        190         64         16          0       2504   mc_w.l
      1284          0          0          0          0       1072   mf_w.l

    ----------------------------------------------------------------------
      6484        202         64         16          0       3708   Library Totals

    ----------------------------------------------------------------------

==============================================================================


      Code (inc. data)   RO Data    RW Data    ZI Data      Debug   

     45730       4344       2042         60       4220    1761949   Grand Totals
     45730       4344       2042         60       4220    1761949   ELF Image Totals
     45730       4344       2042         60          0          0   ROM Totals

==============================================================================

    Total RO  Size (Code + RO Data)                47772 (  46.65kB)
    Total RW  Size (RW Data + ZI Data)              4280 (   4.18kB)
    Total ROM Size (Code + RO Data + RW Data)      47832 (  46.71kB)

==============================================================================

