<html>
<body>
<pre>
<h1>µVision Build Log</h1>
<h2>Tool Versions:</h2>
IDE-Version: µVision V5.18.0.0
Copyright (C) 2016 ARM Ltd and ARM Germany GmbH. All rights reserved.
License Information: Wenbo Li, USTC, LIC=Y2B1Q-NL6NZ-SGY7K-ZE5XI-9DMA5-17KT8
 
Tool Versions:
Toolchain:       MDK-ARM Professional  Version: 5.18
Toolchain Path:  D:\Program Files\Keil_v5\ARM\ARMCC\Bin
C Compiler:      Armcc.exe V5.06 update 1 (build 61)
Assembler:       Armasm.exe V5.06 update 1 (build 61)
Linker/Locator:  ArmLink.exe V5.06 update 1 (build 61)
Library Manager: ArmAr.exe V5.06 update 1 (build 61)
Hex Converter:   FromElf.exe V5.06 update 1 (build 61)
CPU DLL:         SARMCM3.DLL V5.18
Dialog DLL:      DCM.DLL V1.13.6.0
Target DLL:      CMSIS_AGDI.dll V1.25.7.0
Dialog DLL:      TCM.DLL V1.14.8.0
 
<h2>Project:</h2>
G:\lab\project\MRF_Bearing_Lock\embeded_code\safe-MRC\MDK-ARM\safeMRC.uvprojx
Project File Date:  06/17/2025

<h2>Output:</h2>
*** Using Compiler 'V5.06 update 1 (build 61)', folder: 'D:\Program Files\Keil_v5\ARM\ARMCC\Bin'
Build target 'safeMRC'
assembling startup_stm32h750xx.s...
compiling trajectory.c...
compiling crc_ccitt.c...
compiling Array_user.c...
compiling dma.c...
compiling drv_vnh7040.c...
..\Device\Src\drv_vnh7040.c(82): warning:  #1035-D: single-precision operand implicitly converted to double-precision
      device->actual_voltage = 12.3*
OIL_RESISTANCE*(float)ADC_BUFFER[0] * 3.3f / (4095 * ADC_OVER_SAMPLING_RATIO);
..\Device\Src\drv_vnh7040.c: 1 warning, 0 errors
compiling gpio.c...
compiling adc.c...
compiling drv_key.c...
compiling kth78xx.c...
compiling drv_encoder.c...
compiling drv_led.c...
compiling spi.c...
compiling drv_mrc.c...
compiling main.c...
compiling usart.c...
compiling tim.c...
compiling stm32h7xx_hal_flash.c...
compiling stm32h7xx_hal_gpio.c...
compiling stm32h7xx_hal_msp.c...
compiling stm32h7xx_hal_mdma.c...
compiling stm32h7xx_it.c...
compiling stm32h7xx_hal_flash_ex.c...
compiling stm32h7xx_hal_hsem.c...
compiling stm32h7xx_hal_dma_ex.c...
compiling stm32h7xx_hal_adc_ex.c...
compiling stm32h7xx_hal_rcc_ex.c...
compiling stm32h7xx_hal_adc.c...
compiling stm32h7xx_hal_rcc.c...
compiling stm32h7xx_hal_dma.c...
compiling stm32h7xx_hal_pwr.c...
compiling stm32h7xx_hal_spi_ex.c...
compiling stm32h7xx_hal_i2c_ex.c...
compiling stm32h7xx_hal_cortex.c...
compiling pid_controller.c...
compiling filter.c...
compiling stm32h7xx_hal_exti.c...
compiling stm32h7xx_hal.c...
compiling stm32h7xx_hal_tim_ex.c...
compiling stm32h7xx_hal_spi.c...
compiling stm32h7xx_hal_uart.c...
compiling stm32h7xx_hal_pwr_ex.c...
compiling stm32h7xx_hal_uart_ex.c...
compiling stm32h7xx_hal_tim.c...
compiling stm32h7xx_hal_i2c.c...
compiling system_stm32h7xx.c...
linking...
Program Size: Code=38032 RO-data=1388 RW-data=40 ZI-data=3360  
FromELF: creating hex file...
"safeMRC\safeMRC.axf" - 0 Error(s), 1 Warning(s).

<h2>Software Packages used:</h2>

Package Vendor: ARM
                http://www.keil.com/pack/ARM.CMSIS.4.5.0.pack
                ARM::CMSIS:CORE:4.3.0
                CMSIS (Cortex Microcontroller Software Interface Standard)
   * Component: CORE Version: 4.3.0

<h2>Collection of Component include folders:</h2>
  G:\lab\project\MRF_Bearing_Lock\embeded_code\safe-MRC\MDK-ARM\RTE
  D:\Program Files\Keil_v5\ARM\PACK\ARM\CMSIS\4.5.0\CMSIS\Include
  D:\Program Files\Keil_v5\ARM\PACK\Keil\STM32H7xx_DFP\3.1.1\Drivers\CMSIS\Device\ST\STM32H7xx\Include

<h2>Collection of Component Files used:</h2>

   * Component: ARM::CMSIS:CORE:4.3.0
Build Time Elapsed:  00:02:43
</pre>
</body>
</html>
